15:29:17 **** Clean-only build of configuration Debug for project Temperatur ****
make -j8 clean 
rm -rf ./Drivers/STM32L4xx_HAL_Driver/Src/stm32l4xx_hal.cyclo ./Drivers/STM32L4xx_HAL_Driver/Src/stm32l4xx_hal.d ./Drivers/STM32L4xx_HAL_Driver/Src/stm32l4xx_hal.o ./Drivers/STM32L4xx_HAL_Driver/Src/stm32l4xx_hal.su ./Drivers/STM32L4xx_HAL_Driver/Src/stm32l4xx_hal_adc.cyclo ./Drivers/STM32L4xx_HAL_Driver/Src/stm32l4xx_hal_adc.d ./Drivers/STM32L4xx_HAL_Driver/Src/stm32l4xx_hal_adc.o ./Drivers/STM32L4xx_HAL_Driver/Src/stm32l4xx_hal_adc.su ./Drivers/STM32L4xx_HAL_Driver/Src/stm32l4xx_hal_adc_ex.cyclo ./Drivers/STM32L4xx_HAL_Driver/Src/stm32l4xx_hal_adc_ex.d ./Drivers/STM32L4xx_HAL_Driver/Src/stm32l4xx_hal_adc_ex.o ./Drivers/STM32L4xx_HAL_Driver/Src/stm32l4xx_hal_adc_ex.su ./Drivers/STM32L4xx_HAL_Driver/Src/stm32l4xx_hal_cortex.cyclo ./Drivers/STM32L4xx_HAL_Driver/Src/stm32l4xx_hal_cortex.d ./Drivers/STM32L4xx_HAL_Driver/Src/stm32l4xx_hal_cortex.o ./Drivers/STM32L4xx_HAL_Driver/Src/stm32l4xx_hal_cortex.su ./Drivers/STM32L4xx_HAL_Driver/Src/stm32l4xx_hal_dma.cyclo ./Drivers/STM32L4xx_HAL_Driver/Src/stm32l4xx_hal_dma.d ./Drivers/STM32L4xx_HAL_Driver/Src/stm32l4xx_hal_dma.o ./Drivers/STM32L4xx_HAL_Driver/Src/stm32l4xx_hal_dma.su ./Drivers/STM32L4xx_HAL_Driver/Src/stm32l4xx_hal_dma_ex.cyclo ./Drivers/STM32L4xx_HAL_Driver/Src/stm32l4xx_hal_dma_ex.d ./Drivers/STM32L4xx_HAL_Driver/Src/stm32l4xx_hal_dma_ex.o ./Drivers/STM32L4xx_HAL_Driver/Src/stm32l4xx_hal_dma_ex.su ./Drivers/STM32L4xx_HAL_Driver/Src/stm32l4xx_hal_exti.cyclo ./Drivers/STM32L4xx_HAL_Driver/Src/stm32l4xx_hal_exti.d ./Drivers/STM32L4xx_HAL_Driver/Src/stm32l4xx_hal_exti.o ./Drivers/STM32L4xx_HAL_Driver/Src/stm32l4xx_hal_exti.su ./Drivers/STM32L4xx_HAL_Driver/Src/stm32l4xx_hal_flash.cyclo ./Drivers/STM32L4xx_HAL_Driver/Src/stm32l4xx_hal_flash.d ./Drivers/STM32L4xx_HAL_Driver/Src/stm32l4xx_hal_flash.o ./Drivers/STM32L4xx_HAL_Driver/Src/stm32l4xx_hal_flash.su ./Drivers/STM32L4xx_HAL_Driver/Src/stm32l4xx_hal_flash_ex.cyclo ./Drivers/STM32L4xx_HAL_Driver/Src/stm32l4xx_hal_flash_ex.d ./Drivers/STM32L4xx_HAL_Driver/Src/stm32l4xx_hal_flash_ex.o ./Drivers/STM32L4xx_HAL_Driver/Src/stm32l4xx_hal_flash_ex.su ./Drivers/STM32L4xx_HAL_Driver/Src/stm32l4xx_hal_flash_ramfunc.cyclo ./Drivers/STM32L4xx_HAL_Driver/Src/stm32l4xx_hal_flash_ramfunc.d ./Drivers/STM32L4xx_HAL_Driver/Src/stm32l4xx_hal_flash_ramfunc.o ./Drivers/STM32L4xx_HAL_Driver/Src/stm32l4xx_hal_flash_ramfunc.su ./Drivers/STM32L4xx_HAL_Driver/Src/stm32l4xx_hal_gpio.cyclo ./Drivers/STM32L4xx_HAL_Driver/Src/stm32l4xx_hal_gpio.d ./Drivers/STM32L4xx_HAL_Driver/Src/stm32l4xx_hal_gpio.o ./Drivers/STM32L4xx_HAL_Driver/Src/stm32l4xx_hal_gpio.su ./Drivers/STM32L4xx_HAL_Driver/Src/stm32l4xx_hal_i2c.cyclo ./Drivers/STM32L4xx_HAL_Driver/Src/stm32l4xx_hal_i2c.d ./Drivers/STM32L4xx_HAL_Driver/Src/stm32l4xx_hal_i2c.o ./Drivers/STM32L4xx_HAL_Driver/Src/stm32l4xx_hal_i2c.su ./Drivers/STM32L4xx_HAL_Driver/Src/stm32l4xx_hal_i2c_ex.cyclo ./Drivers/STM32L4xx_HAL_Driver/Src/stm32l4xx_hal_i2c_ex.d ./Drivers/STM32L4xx_HAL_Driver/Src/stm32l4xx_hal_i2c_ex.o ./Drivers/STM32L4xx_HAL_Driver/Src/stm32l4xx_hal_i2c_ex.su ./Drivers/STM32L4xx_HAL_Driver/Src/stm32l4xx_hal_pwr.cyclo ./Drivers/STM32L4xx_HAL_Driver/Src/stm32l4xx_hal_pwr.d ./Drivers/STM32L4xx_HAL_Driver/Src/stm32l4xx_hal_pwr.o ./Drivers/STM32L4xx_HAL_Driver/Src/stm32l4xx_hal_pwr.su ./Drivers/STM32L4xx_HAL_Driver/Src/stm32l4xx_hal_pwr_ex.cyclo ./Drivers/STM32L4xx_HAL_Driver/Src/stm32l4xx_hal_pwr_ex.d ./Drivers/STM32L4xx_HAL_Driver/Src/stm32l4xx_hal_pwr_ex.o ./Drivers/STM32L4xx_HAL_Driver/Src/stm32l4xx_hal_pwr_ex.su ./Drivers/STM32L4xx_HAL_Driver/Src/stm32l4xx_hal_rcc.cyclo ./Drivers/STM32L4xx_HAL_Driver/Src/stm32l4xx_hal_rcc.d ./Drivers/STM32L4xx_HAL_Driver/Src/stm32l4xx_hal_rcc.o ./Drivers/STM32L4xx_HAL_Driver/Src/stm32l4xx_hal_rcc.su ./Drivers/STM32L4xx_HAL_Driver/Src/stm32l4xx_hal_rcc_ex.cyclo ./Drivers/STM32L4xx_HAL_Driver/Src/stm32l4xx_hal_rcc_ex.d ./Drivers/STM32L4xx_HAL_Driver/Src/stm32l4xx_hal_rcc_ex.o ./Drivers/STM32L4xx_HAL_Driver/Src/stm32l4xx_hal_rcc_ex.su ./Drivers/STM32L4xx_HAL_Driver/Src/stm32l4xx_hal_uart.cyclo ./Drivers/STM32L4xx_HAL_Driver/Src/stm32l4xx_hal_uart.d ./Drivers/STM32L4xx_HAL_Driver/Src/stm32l4xx_hal_uart.o ./Drivers/STM32L4xx_HAL_Driver/Src/stm32l4xx_hal_uart.su ./Drivers/STM32L4xx_HAL_Driver/Src/stm32l4xx_hal_uart_ex.cyclo ./Drivers/STM32L4xx_HAL_Driver/Src/stm32l4xx_hal_uart_ex.d ./Drivers/STM32L4xx_HAL_Driver/Src/stm32l4xx_hal_uart_ex.o ./Drivers/STM32L4xx_HAL_Driver/Src/stm32l4xx_hal_uart_ex.su
rm -rf ./Core/Startup/startup_stm32l432kcux.d ./Core/Startup/startup_stm32l432kcux.o
rm -rf ./Core/Src/adc.cyclo ./Core/Src/adc.d ./Core/Src/adc.o ./Core/Src/adc.su ./Core/Src/delay_us.cyclo ./Core/Src/delay_us.d ./Core/Src/delay_us.o ./Core/Src/delay_us.su ./Core/Src/dht11.cyclo ./Core/Src/dht11.d ./Core/Src/dht11.o ./Core/Src/dht11.su ./Core/Src/gpio.cyclo ./Core/Src/gpio.d ./Core/Src/gpio.o ./Core/Src/gpio.su ./Core/Src/main.cyclo ./Core/Src/main.d ./Core/Src/main.o ./Core/Src/main.su ./Core/Src/retarget.cyclo ./Core/Src/retarget.d ./Core/Src/retarget.o ./Core/Src/retarget.su ./Core/Src/save.cyclo ./Core/Src/save.d ./Core/Src/save.o ./Core/Src/save.su ./Core/Src/stm32l4xx_hal_msp.cyclo ./Core/Src/stm32l4xx_hal_msp.d ./Core/Src/stm32l4xx_hal_msp.o ./Core/Src/stm32l4xx_hal_msp.su ./Core/Src/stm32l4xx_it.cyclo ./Core/Src/stm32l4xx_it.d ./Core/Src/stm32l4xx_it.o ./Core/Src/stm32l4xx_it.su ./Core/Src/syscalls.cyclo ./Core/Src/syscalls.d ./Core/Src/syscalls.o ./Core/Src/syscalls.su ./Core/Src/sysmem.cyclo ./Core/Src/sysmem.d ./Core/Src/sysmem.o ./Core/Src/sysmem.su ./Core/Src/system_stm32l4xx.cyclo ./Core/Src/system_stm32l4xx.d ./Core/Src/system_stm32l4xx.o ./Core/Src/system_stm32l4xx.su ./Core/Src/usart.cyclo ./Core/Src/usart.d ./Core/Src/usart.o ./Core/Src/usart.su
rm -rf Temperatur.elf Temperatur.list Temperatur.map default.size.stdout
 
15:29:17 **** Build of configuration Debug for project Temperatur ****
make -j8 all 
arm-none-eabi-gcc "../Drivers/STM32L4xx_HAL_Driver/Src/stm32l4xx_hal.c" -mcpu=cortex-m4 -std=gnu11 -g3 -DDEBUG -DUSE_HAL_DRIVER -DSTM32L432xx -c -I../Core/Inc -I../Drivers/STM32L4xx_HAL_Driver/Inc -I../Drivers/STM32L4xx_HAL_Driver/Inc/Legacy -I../Drivers/CMSIS/Device/ST/STM32L4xx/Include -I../Drivers/CMSIS/Include -O0 -ffunction-sections -fdata-sections -Wall -fstack-usage -fcyclomatic-complexity -MMD -MP -MF"Drivers/STM32L4xx_HAL_Driver/Src/stm32l4xx_hal.d" -MT"Drivers/STM32L4xx_HAL_Driver/Src/stm32l4xx_hal.o" --specs=nano.specs -mfpu=fpv4-sp-d16 -mfloat-abi=hard -mthumb -o "Drivers/STM32L4xx_HAL_Driver/Src/stm32l4xx_hal.o"
arm-none-eabi-gcc "../Drivers/STM32L4xx_HAL_Driver/Src/stm32l4xx_hal_adc.c" -mcpu=cortex-m4 -std=gnu11 -g3 -DDEBUG -DUSE_HAL_DRIVER -DSTM32L432xx -c -I../Core/Inc -I../Drivers/STM32L4xx_HAL_Driver/Inc -I../Drivers/STM32L4xx_HAL_Driver/Inc/Legacy -I../Drivers/CMSIS/Device/ST/STM32L4xx/Include -I../Drivers/CMSIS/Include -O0 -ffunction-sections -fdata-sections -Wall -fstack-usage -fcyclomatic-complexity -MMD -MP -MF"Drivers/STM32L4xx_HAL_Driver/Src/stm32l4xx_hal_adc.d" -MT"Drivers/STM32L4xx_HAL_Driver/Src/stm32l4xx_hal_adc.o" --specs=nano.specs -mfpu=fpv4-sp-d16 -mfloat-abi=hard -mthumb -o "Drivers/STM32L4xx_HAL_Driver/Src/stm32l4xx_hal_adc.o"
arm-none-eabi-gcc "../Drivers/STM32L4xx_HAL_Driver/Src/stm32l4xx_hal_adc_ex.c" -mcpu=cortex-m4 -std=gnu11 -g3 -DDEBUG -DUSE_HAL_DRIVER -DSTM32L432xx -c -I../Core/Inc -I../Drivers/STM32L4xx_HAL_Driver/Inc -I../Drivers/STM32L4xx_HAL_Driver/Inc/Legacy -I../Drivers/CMSIS/Device/ST/STM32L4xx/Include -I../Drivers/CMSIS/Include -O0 -ffunction-sections -fdata-sections -Wall -fstack-usage -fcyclomatic-complexity -MMD -MP -MF"Drivers/STM32L4xx_HAL_Driver/Src/stm32l4xx_hal_adc_ex.d" -MT"Drivers/STM32L4xx_HAL_Driver/Src/stm32l4xx_hal_adc_ex.o" --specs=nano.specs -mfpu=fpv4-sp-d16 -mfloat-abi=hard -mthumb -o "Drivers/STM32L4xx_HAL_Driver/Src/stm32l4xx_hal_adc_ex.o"
arm-none-eabi-gcc "../Drivers/STM32L4xx_HAL_Driver/Src/stm32l4xx_hal_cortex.c" -mcpu=cortex-m4 -std=gnu11 -g3 -DDEBUG -DUSE_HAL_DRIVER -DSTM32L432xx -c -I../Core/Inc -I../Drivers/STM32L4xx_HAL_Driver/Inc -I../Drivers/STM32L4xx_HAL_Driver/Inc/Legacy -I../Drivers/CMSIS/Device/ST/STM32L4xx/Include -I../Drivers/CMSIS/Include -O0 -ffunction-sections -fdata-sections -Wall -fstack-usage -fcyclomatic-complexity -MMD -MP -MF"Drivers/STM32L4xx_HAL_Driver/Src/stm32l4xx_hal_cortex.d" -MT"Drivers/STM32L4xx_HAL_Driver/Src/stm32l4xx_hal_cortex.o" --specs=nano.specs -mfpu=fpv4-sp-d16 -mfloat-abi=hard -mthumb -o "Drivers/STM32L4xx_HAL_Driver/Src/stm32l4xx_hal_cortex.o"
arm-none-eabi-gcc "../Drivers/STM32L4xx_HAL_Driver/Src/stm32l4xx_hal_dma.c" -mcpu=cortex-m4 -std=gnu11 -g3 -DDEBUG -DUSE_HAL_DRIVER -DSTM32L432xx -c -I../Core/Inc -I../Drivers/STM32L4xx_HAL_Driver/Inc -I../Drivers/STM32L4xx_HAL_Driver/Inc/Legacy -I../Drivers/CMSIS/Device/ST/STM32L4xx/Include -I../Drivers/CMSIS/Include -O0 -ffunction-sections -fdata-sections -Wall -fstack-usage -fcyclomatic-complexity -MMD -MP -MF"Drivers/STM32L4xx_HAL_Driver/Src/stm32l4xx_hal_dma.d" -MT"Drivers/STM32L4xx_HAL_Driver/Src/stm32l4xx_hal_dma.o" --specs=nano.specs -mfpu=fpv4-sp-d16 -mfloat-abi=hard -mthumb -o "Drivers/STM32L4xx_HAL_Driver/Src/stm32l4xx_hal_dma.o"
arm-none-eabi-gcc "../Drivers/STM32L4xx_HAL_Driver/Src/stm32l4xx_hal_dma_ex.c" -mcpu=cortex-m4 -std=gnu11 -g3 -DDEBUG -DUSE_HAL_DRIVER -DSTM32L432xx -c -I../Core/Inc -I../Drivers/STM32L4xx_HAL_Driver/Inc -I../Drivers/STM32L4xx_HAL_Driver/Inc/Legacy -I../Drivers/CMSIS/Device/ST/STM32L4xx/Include -I../Drivers/CMSIS/Include -O0 -ffunction-sections -fdata-sections -Wall -fstack-usage -fcyclomatic-complexity -MMD -MP -MF"Drivers/STM32L4xx_HAL_Driver/Src/stm32l4xx_hal_dma_ex.d" -MT"Drivers/STM32L4xx_HAL_Driver/Src/stm32l4xx_hal_dma_ex.o" --specs=nano.specs -mfpu=fpv4-sp-d16 -mfloat-abi=hard -mthumb -o "Drivers/STM32L4xx_HAL_Driver/Src/stm32l4xx_hal_dma_ex.o"
arm-none-eabi-gcc "../Drivers/STM32L4xx_HAL_Driver/Src/stm32l4xx_hal_exti.c" -mcpu=cortex-m4 -std=gnu11 -g3 -DDEBUG -DUSE_HAL_DRIVER -DSTM32L432xx -c -I../Core/Inc -I../Drivers/STM32L4xx_HAL_Driver/Inc -I../Drivers/STM32L4xx_HAL_Driver/Inc/Legacy -I../Drivers/CMSIS/Device/ST/STM32L4xx/Include -I../Drivers/CMSIS/Include -O0 -ffunction-sections -fdata-sections -Wall -fstack-usage -fcyclomatic-complexity -MMD -MP -MF"Drivers/STM32L4xx_HAL_Driver/Src/stm32l4xx_hal_exti.d" -MT"Drivers/STM32L4xx_HAL_Driver/Src/stm32l4xx_hal_exti.o" --specs=nano.specs -mfpu=fpv4-sp-d16 -mfloat-abi=hard -mthumb -o "Drivers/STM32L4xx_HAL_Driver/Src/stm32l4xx_hal_exti.o"
arm-none-eabi-gcc "../Drivers/STM32L4xx_HAL_Driver/Src/stm32l4xx_hal_flash.c" -mcpu=cortex-m4 -std=gnu11 -g3 -DDEBUG -DUSE_HAL_DRIVER -DSTM32L432xx -c -I../Core/Inc -I../Drivers/STM32L4xx_HAL_Driver/Inc -I../Drivers/STM32L4xx_HAL_Driver/Inc/Legacy -I../Drivers/CMSIS/Device/ST/STM32L4xx/Include -I../Drivers/CMSIS/Include -O0 -ffunction-sections -fdata-sections -Wall -fstack-usage -fcyclomatic-complexity -MMD -MP -MF"Drivers/STM32L4xx_HAL_Driver/Src/stm32l4xx_hal_flash.d" -MT"Drivers/STM32L4xx_HAL_Driver/Src/stm32l4xx_hal_flash.o" --specs=nano.specs -mfpu=fpv4-sp-d16 -mfloat-abi=hard -mthumb -o "Drivers/STM32L4xx_HAL_Driver/Src/stm32l4xx_hal_flash.o"
arm-none-eabi-gcc "../Drivers/STM32L4xx_HAL_Driver/Src/stm32l4xx_hal_flash_ex.c" -mcpu=cortex-m4 -std=gnu11 -g3 -DDEBUG -DUSE_HAL_DRIVER -DSTM32L432xx -c -I../Core/Inc -I../Drivers/STM32L4xx_HAL_Driver/Inc -I../Drivers/STM32L4xx_HAL_Driver/Inc/Legacy -I../Drivers/CMSIS/Device/ST/STM32L4xx/Include -I../Drivers/CMSIS/Include -O0 -ffunction-sections -fdata-sections -Wall -fstack-usage -fcyclomatic-complexity -MMD -MP -MF"Drivers/STM32L4xx_HAL_Driver/Src/stm32l4xx_hal_flash_ex.d" -MT"Drivers/STM32L4xx_HAL_Driver/Src/stm32l4xx_hal_flash_ex.o" --specs=nano.specs -mfpu=fpv4-sp-d16 -mfloat-abi=hard -mthumb -o "Drivers/STM32L4xx_HAL_Driver/Src/stm32l4xx_hal_flash_ex.o"
arm-none-eabi-gcc "../Drivers/STM32L4xx_HAL_Driver/Src/stm32l4xx_hal_flash_ramfunc.c" -mcpu=cortex-m4 -std=gnu11 -g3 -DDEBUG -DUSE_HAL_DRIVER -DSTM32L432xx -c -I../Core/Inc -I../Drivers/STM32L4xx_HAL_Driver/Inc -I../Drivers/STM32L4xx_HAL_Driver/Inc/Legacy -I../Drivers/CMSIS/Device/ST/STM32L4xx/Include -I../Drivers/CMSIS/Include -O0 -ffunction-sections -fdata-sections -Wall -fstack-usage -fcyclomatic-complexity -MMD -MP -MF"Drivers/STM32L4xx_HAL_Driver/Src/stm32l4xx_hal_flash_ramfunc.d" -MT"Drivers/STM32L4xx_HAL_Driver/Src/stm32l4xx_hal_flash_ramfunc.o" --specs=nano.specs -mfpu=fpv4-sp-d16 -mfloat-abi=hard -mthumb -o "Drivers/STM32L4xx_HAL_Driver/Src/stm32l4xx_hal_flash_ramfunc.o"
arm-none-eabi-gcc "../Drivers/STM32L4xx_HAL_Driver/Src/stm32l4xx_hal_gpio.c" -mcpu=cortex-m4 -std=gnu11 -g3 -DDEBUG -DUSE_HAL_DRIVER -DSTM32L432xx -c -I../Core/Inc -I../Drivers/STM32L4xx_HAL_Driver/Inc -I../Drivers/STM32L4xx_HAL_Driver/Inc/Legacy -I../Drivers/CMSIS/Device/ST/STM32L4xx/Include -I../Drivers/CMSIS/Include -O0 -ffunction-sections -fdata-sections -Wall -fstack-usage -fcyclomatic-complexity -MMD -MP -MF"Drivers/STM32L4xx_HAL_Driver/Src/stm32l4xx_hal_gpio.d" -MT"Drivers/STM32L4xx_HAL_Driver/Src/stm32l4xx_hal_gpio.o" --specs=nano.specs -mfpu=fpv4-sp-d16 -mfloat-abi=hard -mthumb -o "Drivers/STM32L4xx_HAL_Driver/Src/stm32l4xx_hal_gpio.o"
arm-none-eabi-gcc "../Drivers/STM32L4xx_HAL_Driver/Src/stm32l4xx_hal_i2c.c" -mcpu=cortex-m4 -std=gnu11 -g3 -DDEBUG -DUSE_HAL_DRIVER -DSTM32L432xx -c -I../Core/Inc -I../Drivers/STM32L4xx_HAL_Driver/Inc -I../Drivers/STM32L4xx_HAL_Driver/Inc/Legacy -I../Drivers/CMSIS/Device/ST/STM32L4xx/Include -I../Drivers/CMSIS/Include -O0 -ffunction-sections -fdata-sections -Wall -fstack-usage -fcyclomatic-complexity -MMD -MP -MF"Drivers/STM32L4xx_HAL_Driver/Src/stm32l4xx_hal_i2c.d" -MT"Drivers/STM32L4xx_HAL_Driver/Src/stm32l4xx_hal_i2c.o" --specs=nano.specs -mfpu=fpv4-sp-d16 -mfloat-abi=hard -mthumb -o "Drivers/STM32L4xx_HAL_Driver/Src/stm32l4xx_hal_i2c.o"
arm-none-eabi-gcc "../Drivers/STM32L4xx_HAL_Driver/Src/stm32l4xx_hal_i2c_ex.c" -mcpu=cortex-m4 -std=gnu11 -g3 -DDEBUG -DUSE_HAL_DRIVER -DSTM32L432xx -c -I../Core/Inc -I../Drivers/STM32L4xx_HAL_Driver/Inc -I../Drivers/STM32L4xx_HAL_Driver/Inc/Legacy -I../Drivers/CMSIS/Device/ST/STM32L4xx/Include -I../Drivers/CMSIS/Include -O0 -ffunction-sections -fdata-sections -Wall -fstack-usage -fcyclomatic-complexity -MMD -MP -MF"Drivers/STM32L4xx_HAL_Driver/Src/stm32l4xx_hal_i2c_ex.d" -MT"Drivers/STM32L4xx_HAL_Driver/Src/stm32l4xx_hal_i2c_ex.o" --specs=nano.specs -mfpu=fpv4-sp-d16 -mfloat-abi=hard -mthumb -o "Drivers/STM32L4xx_HAL_Driver/Src/stm32l4xx_hal_i2c_ex.o"
arm-none-eabi-gcc "../Drivers/STM32L4xx_HAL_Driver/Src/stm32l4xx_hal_pwr.c" -mcpu=cortex-m4 -std=gnu11 -g3 -DDEBUG -DUSE_HAL_DRIVER -DSTM32L432xx -c -I../Core/Inc -I../Drivers/STM32L4xx_HAL_Driver/Inc -I../Drivers/STM32L4xx_HAL_Driver/Inc/Legacy -I../Drivers/CMSIS/Device/ST/STM32L4xx/Include -I../Drivers/CMSIS/Include -O0 -ffunction-sections -fdata-sections -Wall -fstack-usage -fcyclomatic-complexity -MMD -MP -MF"Drivers/STM32L4xx_HAL_Driver/Src/stm32l4xx_hal_pwr.d" -MT"Drivers/STM32L4xx_HAL_Driver/Src/stm32l4xx_hal_pwr.o" --specs=nano.specs -mfpu=fpv4-sp-d16 -mfloat-abi=hard -mthumb -o "Drivers/STM32L4xx_HAL_Driver/Src/stm32l4xx_hal_pwr.o"
arm-none-eabi-gcc "../Drivers/STM32L4xx_HAL_Driver/Src/stm32l4xx_hal_pwr_ex.c" -mcpu=cortex-m4 -std=gnu11 -g3 -DDEBUG -DUSE_HAL_DRIVER -DSTM32L432xx -c -I../Core/Inc -I../Drivers/STM32L4xx_HAL_Driver/Inc -I../Drivers/STM32L4xx_HAL_Driver/Inc/Legacy -I../Drivers/CMSIS/Device/ST/STM32L4xx/Include -I../Drivers/CMSIS/Include -O0 -ffunction-sections -fdata-sections -Wall -fstack-usage -fcyclomatic-complexity -MMD -MP -MF"Drivers/STM32L4xx_HAL_Driver/Src/stm32l4xx_hal_pwr_ex.d" -MT"Drivers/STM32L4xx_HAL_Driver/Src/stm32l4xx_hal_pwr_ex.o" --specs=nano.specs -mfpu=fpv4-sp-d16 -mfloat-abi=hard -mthumb -o "Drivers/STM32L4xx_HAL_Driver/Src/stm32l4xx_hal_pwr_ex.o"
arm-none-eabi-gcc "../Drivers/STM32L4xx_HAL_Driver/Src/stm32l4xx_hal_rcc.c" -mcpu=cortex-m4 -std=gnu11 -g3 -DDEBUG -DUSE_HAL_DRIVER -DSTM32L432xx -c -I../Core/Inc -I../Drivers/STM32L4xx_HAL_Driver/Inc -I../Drivers/STM32L4xx_HAL_Driver/Inc/Legacy -I../Drivers/CMSIS/Device/ST/STM32L4xx/Include -I../Drivers/CMSIS/Include -O0 -ffunction-sections -fdata-sections -Wall -fstack-usage -fcyclomatic-complexity -MMD -MP -MF"Drivers/STM32L4xx_HAL_Driver/Src/stm32l4xx_hal_rcc.d" -MT"Drivers/STM32L4xx_HAL_Driver/Src/stm32l4xx_hal_rcc.o" --specs=nano.specs -mfpu=fpv4-sp-d16 -mfloat-abi=hard -mthumb -o "Drivers/STM32L4xx_HAL_Driver/Src/stm32l4xx_hal_rcc.o"
arm-none-eabi-gcc "../Drivers/STM32L4xx_HAL_Driver/Src/stm32l4xx_hal_rcc_ex.c" -mcpu=cortex-m4 -std=gnu11 -g3 -DDEBUG -DUSE_HAL_DRIVER -DSTM32L432xx -c -I../Core/Inc -I../Drivers/STM32L4xx_HAL_Driver/Inc -I../Drivers/STM32L4xx_HAL_Driver/Inc/Legacy -I../Drivers/CMSIS/Device/ST/STM32L4xx/Include -I../Drivers/CMSIS/Include -O0 -ffunction-sections -fdata-sections -Wall -fstack-usage -fcyclomatic-complexity -MMD -MP -MF"Drivers/STM32L4xx_HAL_Driver/Src/stm32l4xx_hal_rcc_ex.d" -MT"Drivers/STM32L4xx_HAL_Driver/Src/stm32l4xx_hal_rcc_ex.o" --specs=nano.specs -mfpu=fpv4-sp-d16 -mfloat-abi=hard -mthumb -o "Drivers/STM32L4xx_HAL_Driver/Src/stm32l4xx_hal_rcc_ex.o"
arm-none-eabi-gcc "../Drivers/STM32L4xx_HAL_Driver/Src/stm32l4xx_hal_uart.c" -mcpu=cortex-m4 -std=gnu11 -g3 -DDEBUG -DUSE_HAL_DRIVER -DSTM32L432xx -c -I../Core/Inc -I../Drivers/STM32L4xx_HAL_Driver/Inc -I../Drivers/STM32L4xx_HAL_Driver/Inc/Legacy -I../Drivers/CMSIS/Device/ST/STM32L4xx/Include -I../Drivers/CMSIS/Include -O0 -ffunction-sections -fdata-sections -Wall -fstack-usage -fcyclomatic-complexity -MMD -MP -MF"Drivers/STM32L4xx_HAL_Driver/Src/stm32l4xx_hal_uart.d" -MT"Drivers/STM32L4xx_HAL_Driver/Src/stm32l4xx_hal_uart.o" --specs=nano.specs -mfpu=fpv4-sp-d16 -mfloat-abi=hard -mthumb -o "Drivers/STM32L4xx_HAL_Driver/Src/stm32l4xx_hal_uart.o"
arm-none-eabi-gcc "../Drivers/STM32L4xx_HAL_Driver/Src/stm32l4xx_hal_uart_ex.c" -mcpu=cortex-m4 -std=gnu11 -g3 -DDEBUG -DUSE_HAL_DRIVER -DSTM32L432xx -c -I../Core/Inc -I../Drivers/STM32L4xx_HAL_Driver/Inc -I../Drivers/STM32L4xx_HAL_Driver/Inc/Legacy -I../Drivers/CMSIS/Device/ST/STM32L4xx/Include -I../Drivers/CMSIS/Include -O0 -ffunction-sections -fdata-sections -Wall -fstack-usage -fcyclomatic-complexity -MMD -MP -MF"Drivers/STM32L4xx_HAL_Driver/Src/stm32l4xx_hal_uart_ex.d" -MT"Drivers/STM32L4xx_HAL_Driver/Src/stm32l4xx_hal_uart_ex.o" --specs=nano.specs -mfpu=fpv4-sp-d16 -mfloat-abi=hard -mthumb -o "Drivers/STM32L4xx_HAL_Driver/Src/stm32l4xx_hal_uart_ex.o"
arm-none-eabi-gcc -mcpu=cortex-m4 -g3 -DDEBUG -c -x assembler-with-cpp -MMD -MP -MF"Core/Startup/startup_stm32l432kcux.d" -MT"Core/Startup/startup_stm32l432kcux.o" --specs=nano.specs -mfpu=fpv4-sp-d16 -mfloat-abi=hard -mthumb -o "Core/Startup/startup_stm32l432kcux.o" "../Core/Startup/startup_stm32l432kcux.s"
arm-none-eabi-gcc "../Core/Src/adc.c" -mcpu=cortex-m4 -std=gnu11 -g3 -DDEBUG -DUSE_HAL_DRIVER -DSTM32L432xx -c -I../Core/Inc -I../Drivers/STM32L4xx_HAL_Driver/Inc -I../Drivers/STM32L4xx_HAL_Driver/Inc/Legacy -I../Drivers/CMSIS/Device/ST/STM32L4xx/Include -I../Drivers/CMSIS/Include -O0 -ffunction-sections -fdata-sections -Wall -fstack-usage -fcyclomatic-complexity -MMD -MP -MF"Core/Src/adc.d" -MT"Core/Src/adc.o" --specs=nano.specs -mfpu=fpv4-sp-d16 -mfloat-abi=hard -mthumb -o "Core/Src/adc.o"
arm-none-eabi-gcc "../Core/Src/delay_us.c" -mcpu=cortex-m4 -std=gnu11 -g3 -DDEBUG -DUSE_HAL_DRIVER -DSTM32L432xx -c -I../Core/Inc -I../Drivers/STM32L4xx_HAL_Driver/Inc -I../Drivers/STM32L4xx_HAL_Driver/Inc/Legacy -I../Drivers/CMSIS/Device/ST/STM32L4xx/Include -I../Drivers/CMSIS/Include -O0 -ffunction-sections -fdata-sections -Wall -fstack-usage -fcyclomatic-complexity -MMD -MP -MF"Core/Src/delay_us.d" -MT"Core/Src/delay_us.o" --specs=nano.specs -mfpu=fpv4-sp-d16 -mfloat-abi=hard -mthumb -o "Core/Src/delay_us.o"
arm-none-eabi-gcc "../Core/Src/dht11.c" -mcpu=cortex-m4 -std=gnu11 -g3 -DDEBUG -DUSE_HAL_DRIVER -DSTM32L432xx -c -I../Core/Inc -I../Drivers/STM32L4xx_HAL_Driver/Inc -I../Drivers/STM32L4xx_HAL_Driver/Inc/Legacy -I../Drivers/CMSIS/Device/ST/STM32L4xx/Include -I../Drivers/CMSIS/Include -O0 -ffunction-sections -fdata-sections -Wall -fstack-usage -fcyclomatic-complexity -MMD -MP -MF"Core/Src/dht11.d" -MT"Core/Src/dht11.o" --specs=nano.specs -mfpu=fpv4-sp-d16 -mfloat-abi=hard -mthumb -o "Core/Src/dht11.o"
arm-none-eabi-gcc "../Core/Src/gpio.c" -mcpu=cortex-m4 -std=gnu11 -g3 -DDEBUG -DUSE_HAL_DRIVER -DSTM32L432xx -c -I../Core/Inc -I../Drivers/STM32L4xx_HAL_Driver/Inc -I../Drivers/STM32L4xx_HAL_Driver/Inc/Legacy -I../Drivers/CMSIS/Device/ST/STM32L4xx/Include -I../Drivers/CMSIS/Include -O0 -ffunction-sections -fdata-sections -Wall -fstack-usage -fcyclomatic-complexity -MMD -MP -MF"Core/Src/gpio.d" -MT"Core/Src/gpio.o" --specs=nano.specs -mfpu=fpv4-sp-d16 -mfloat-abi=hard -mthumb -o "Core/Src/gpio.o"
arm-none-eabi-gcc "../Core/Src/main.c" -mcpu=cortex-m4 -std=gnu11 -g3 -DDEBUG -DUSE_HAL_DRIVER -DSTM32L432xx -c -I../Core/Inc -I../Drivers/STM32L4xx_HAL_Driver/Inc -I../Drivers/STM32L4xx_HAL_Driver/Inc/Legacy -I../Drivers/CMSIS/Device/ST/STM32L4xx/Include -I../Drivers/CMSIS/Include -O0 -ffunction-sections -fdata-sections -Wall -fstack-usage -fcyclomatic-complexity -MMD -MP -MF"Core/Src/main.d" -MT"Core/Src/main.o" --specs=nano.specs -mfpu=fpv4-sp-d16 -mfloat-abi=hard -mthumb -o "Core/Src/main.o"
../Core/Src/dht11.c: In function 'DHT11_Read':
../Core/Src/dht11.c:187:13: warning: variable 'dbg_pin_state' set but not used [-Wunused-but-set-variable]
  187 |     uint8_t dbg_pin_state[40] = {0};
      |             ^~~~~~~~~~~~~
../Core/Src/dht11.c:186:13: warning: variable 'dbg_bits' set but not used [-Wunused-but-set-variable]
  186 |     uint8_t dbg_bits[40] = {0};
      |             ^~~~~~~~
../Core/Src/dht11.c: At top level:
../Core/Src/dht11.c:57:13: warning: 'dht_debug_locate_flip' defined but not used [-Wunused-function]
   57 | static void dht_debug_locate_flip(const uint8_t data[5]) {
      |             ^~~~~~~~~~~~~~~~~~~~~
../Core/Src/dht11.c:53:13: warning: 'analyse_bit_timing' defined but not used [-Wunused-function]
   53 | static void analyse_bit_timing(uint32_t high_us, int bit_number, uint8_t bit_value){
      |             ^~~~~~~~~~~~~~~~~~
../Core/Src/main.c: In function 'main':
../Core/Src/main.c:120:45: warning: implicit declaration of function 'strlen' [-Wimplicit-function-declaration]
  120 |   HAL_UART_Transmit(&huart2, (uint8_t*)msg, strlen(msg), HAL_MAX_DELAY);
      |                                             ^~~~~~
../Core/Src/main.c:30:1: note: include '<string.h>' or provide a declaration of 'strlen'
   29 | #include "delay_us.h"
  +++ |+#include <string.h>
   30 | 
../Core/Src/main.c:120:45: warning: incompatible implicit declaration of built-in function 'strlen' [-Wbuiltin-declaration-mismatch]
  120 |   HAL_UART_Transmit(&huart2, (uint8_t*)msg, strlen(msg), HAL_MAX_DELAY);
      |                                             ^~~~~~
../Core/Src/main.c:120:45: note: include '<string.h>' or provide a declaration of 'strlen'
../Core/Src/main.c:127:3: warning: implicit declaration of function 'Save_Init' [-Wimplicit-function-declaration]
  127 |   Save_Init();
      |   ^~~~~~~~~
../Core/Src/main.c:179:13: warning: implicit declaration of function 'save_push_from_main_ts' [-Wimplicit-function-declaration]
  179 |       (void)save_push_from_main_ts(t1, t2, t3,h1, h2, h3, adc12, st,0,ts16);
      |             ^~~~~~~~~~~~~~~~~~~~~~
arm-none-eabi-gcc "../Core/Src/retarget.c" -mcpu=cortex-m4 -std=gnu11 -g3 -DDEBUG -DUSE_HAL_DRIVER -DSTM32L432xx -c -I../Core/Inc -I../Drivers/STM32L4xx_HAL_Driver/Inc -I../Drivers/STM32L4xx_HAL_Driver/Inc/Legacy -I../Drivers/CMSIS/Device/ST/STM32L4xx/Include -I../Drivers/CMSIS/Include -O0 -ffunction-sections -fdata-sections -Wall -fstack-usage -fcyclomatic-complexity -MMD -MP -MF"Core/Src/retarget.d" -MT"Core/Src/retarget.o" --specs=nano.specs -mfpu=fpv4-sp-d16 -mfloat-abi=hard -mthumb -o "Core/Src/retarget.o"
arm-none-eabi-gcc "../Core/Src/save.c" -mcpu=cortex-m4 -std=gnu11 -g3 -DDEBUG -DUSE_HAL_DRIVER -DSTM32L432xx -c -I../Core/Inc -I../Drivers/STM32L4xx_HAL_Driver/Inc -I../Drivers/STM32L4xx_HAL_Driver/Inc/Legacy -I../Drivers/CMSIS/Device/ST/STM32L4xx/Include -I../Drivers/CMSIS/Include -O0 -ffunction-sections -fdata-sections -Wall -fstack-usage -fcyclomatic-complexity -MMD -MP -MF"Core/Src/save.d" -MT"Core/Src/save.o" --specs=nano.specs -mfpu=fpv4-sp-d16 -mfloat-abi=hard -mthumb -o "Core/Src/save.o"
arm-none-eabi-gcc "../Core/Src/stm32l4xx_hal_msp.c" -mcpu=cortex-m4 -std=gnu11 -g3 -DDEBUG -DUSE_HAL_DRIVER -DSTM32L432xx -c -I../Core/Inc -I../Drivers/STM32L4xx_HAL_Driver/Inc -I../Drivers/STM32L4xx_HAL_Driver/Inc/Legacy -I../Drivers/CMSIS/Device/ST/STM32L4xx/Include -I../Drivers/CMSIS/Include -O0 -ffunction-sections -fdata-sections -Wall -fstack-usage -fcyclomatic-complexity -MMD -MP -MF"Core/Src/stm32l4xx_hal_msp.d" -MT"Core/Src/stm32l4xx_hal_msp.o" --specs=nano.specs -mfpu=fpv4-sp-d16 -mfloat-abi=hard -mthumb -o "Core/Src/stm32l4xx_hal_msp.o"
arm-none-eabi-gcc "../Core/Src/stm32l4xx_it.c" -mcpu=cortex-m4 -std=gnu11 -g3 -DDEBUG -DUSE_HAL_DRIVER -DSTM32L432xx -c -I../Core/Inc -I../Drivers/STM32L4xx_HAL_Driver/Inc -I../Drivers/STM32L4xx_HAL_Driver/Inc/Legacy -I../Drivers/CMSIS/Device/ST/STM32L4xx/Include -I../Drivers/CMSIS/Include -O0 -ffunction-sections -fdata-sections -Wall -fstack-usage -fcyclomatic-complexity -MMD -MP -MF"Core/Src/stm32l4xx_it.d" -MT"Core/Src/stm32l4xx_it.o" --specs=nano.specs -mfpu=fpv4-sp-d16 -mfloat-abi=hard -mthumb -o "Core/Src/stm32l4xx_it.o"
arm-none-eabi-gcc "../Core/Src/syscalls.c" -mcpu=cortex-m4 -std=gnu11 -g3 -DDEBUG -DUSE_HAL_DRIVER -DSTM32L432xx -c -I../Core/Inc -I../Drivers/STM32L4xx_HAL_Driver/Inc -I../Drivers/STM32L4xx_HAL_Driver/Inc/Legacy -I../Drivers/CMSIS/Device/ST/STM32L4xx/Include -I../Drivers/CMSIS/Include -O0 -ffunction-sections -fdata-sections -Wall -fstack-usage -fcyclomatic-complexity -MMD -MP -MF"Core/Src/syscalls.d" -MT"Core/Src/syscalls.o" --specs=nano.specs -mfpu=fpv4-sp-d16 -mfloat-abi=hard -mthumb -o "Core/Src/syscalls.o"
arm-none-eabi-gcc "../Core/Src/sysmem.c" -mcpu=cortex-m4 -std=gnu11 -g3 -DDEBUG -DUSE_HAL_DRIVER -DSTM32L432xx -c -I../Core/Inc -I../Drivers/STM32L4xx_HAL_Driver/Inc -I../Drivers/STM32L4xx_HAL_Driver/Inc/Legacy -I../Drivers/CMSIS/Device/ST/STM32L4xx/Include -I../Drivers/CMSIS/Include -O0 -ffunction-sections -fdata-sections -Wall -fstack-usage -fcyclomatic-complexity -MMD -MP -MF"Core/Src/sysmem.d" -MT"Core/Src/sysmem.o" --specs=nano.specs -mfpu=fpv4-sp-d16 -mfloat-abi=hard -mthumb -o "Core/Src/sysmem.o"
arm-none-eabi-gcc "../Core/Src/system_stm32l4xx.c" -mcpu=cortex-m4 -std=gnu11 -g3 -DDEBUG -DUSE_HAL_DRIVER -DSTM32L432xx -c -I../Core/Inc -I../Drivers/STM32L4xx_HAL_Driver/Inc -I../Drivers/STM32L4xx_HAL_Driver/Inc/Legacy -I../Drivers/CMSIS/Device/ST/STM32L4xx/Include -I../Drivers/CMSIS/Include -O0 -ffunction-sections -fdata-sections -Wall -fstack-usage -fcyclomatic-complexity -MMD -MP -MF"Core/Src/system_stm32l4xx.d" -MT"Core/Src/system_stm32l4xx.o" --specs=nano.specs -mfpu=fpv4-sp-d16 -mfloat-abi=hard -mthumb -o "Core/Src/system_stm32l4xx.o"
arm-none-eabi-gcc "../Core/Src/usart.c" -mcpu=cortex-m4 -std=gnu11 -g3 -DDEBUG -DUSE_HAL_DRIVER -DSTM32L432xx -c -I../Core/Inc -I../Drivers/STM32L4xx_HAL_Driver/Inc -I../Drivers/STM32L4xx_HAL_Driver/Inc/Legacy -I../Drivers/CMSIS/Device/ST/STM32L4xx/Include -I../Drivers/CMSIS/Include -O0 -ffunction-sections -fdata-sections -Wall -fstack-usage -fcyclomatic-complexity -MMD -MP -MF"Core/Src/usart.d" -MT"Core/Src/usart.o" --specs=nano.specs -mfpu=fpv4-sp-d16 -mfloat-abi=hard -mthumb -o "Core/Src/usart.o"
../Core/Src/save.c:5: warning: "FLASH_PAGE_SIZE" redefined
    5 | #define FLASH_PAGE_SIZE        2048u
      | 
In file included from ../Core/Inc/stm32l4xx_hal_conf.h:330,
                 from ../Drivers/STM32L4xx_HAL_Driver/Inc/stm32l4xx_hal.h:29,
                 from ../Core/Inc/save.h:4,
                 from ../Core/Src/save.c:1:
../Drivers/STM32L4xx_HAL_Driver/Inc/stm32l4xx_hal_flash.h:855: note: this is the location of the previous definition
  855 | #define FLASH_PAGE_SIZE                    ((uint32_t)0x800)
      | 
../Core/Src/save.c: In function 'Save_Flush':
../Core/Src/save.c:92:9: warning: implicit declaration of function 'printf' [-Wimplicit-function-declaration]
   92 |         printf("[SAVE] Page %lu geschrieben (%lu kB genutzt)\r\n",
      |         ^~~~~~
../Core/Src/save.c:3:1: note: include '<stdio.h>' or provide a declaration of 'printf'
    2 | #include <string.h>
  +++ |+#include <stdio.h>
    3 | 
../Core/Src/save.c:92:9: warning: incompatible implicit declaration of built-in function 'printf' [-Wbuiltin-declaration-mismatch]
   92 |         printf("[SAVE] Page %lu geschrieben (%lu kB genutzt)\r\n",
      |         ^~~~~~
../Core/Src/save.c:92:9: note: include '<stdio.h>' or provide a declaration of 'printf'
arm-none-eabi-gcc -o "Temperatur.elf" @"objects.list"   -mcpu=cortex-m4 -T"/home/ernst/Documents/Studium/BA/Temperatur/STM32L432KCUX_FLASH.ld" --specs=nosys.specs -Wl,-Map="Temperatur.map" -Wl,--gc-sections -static -u _printf_float --specs=nano.specs -mfpu=fpv4-sp-d16 -mfloat-abi=hard -mthumb -Wl,--start-group -lc -lm -Wl,--end-group
Finished building target: Temperatur.elf
 
arm-none-eabi-size  Temperatur.elf 
arm-none-eabi-objdump -h -S Temperatur.elf  > "Temperatur.list"
   text	   data	    bss	    dec	    hex	filename
  38280	    528	   6392	  45200	   b090	Temperatur.elf
Finished building: default.size.stdout
 
Finished building: Temperatur.list
 
17:09:08 **** Build of configuration Debug for project Temperatur ****
make -j8 all 
arm-none-eabi-gcc "../Core/Src/adc.c" -mcpu=cortex-m4 -std=gnu11 -g3 -DDEBUG -DUSE_HAL_DRIVER -DSTM32L432xx -c -I../Core/Inc -I../Drivers/STM32L4xx_HAL_Driver/Inc -I../Drivers/STM32L4xx_HAL_Driver/Inc/Legacy -I../Drivers/CMSIS/Device/ST/STM32L4xx/Include -I../Drivers/CMSIS/Include -O0 -ffunction-sections -fdata-sections -Wall -fstack-usage -fcyclomatic-complexity -MMD -MP -MF"Core/Src/adc.d" -MT"Core/Src/adc.o" --specs=nano.specs -mfpu=fpv4-sp-d16 -mfloat-abi=hard -mthumb -o "Core/Src/adc.o"
arm-none-eabi-gcc "../Core/Src/ausgabe.c" -mcpu=cortex-m4 -std=gnu11 -g3 -DDEBUG -DUSE_HAL_DRIVER -DSTM32L432xx -c -I../Core/Inc -I../Drivers/STM32L4xx_HAL_Driver/Inc -I../Drivers/STM32L4xx_HAL_Driver/Inc/Legacy -I../Drivers/CMSIS/Device/ST/STM32L4xx/Include -I../Drivers/CMSIS/Include -O0 -ffunction-sections -fdata-sections -Wall -fstack-usage -fcyclomatic-complexity -MMD -MP -MF"Core/Src/ausgabe.d" -MT"Core/Src/ausgabe.o" --specs=nano.specs -mfpu=fpv4-sp-d16 -mfloat-abi=hard -mthumb -o "Core/Src/ausgabe.o"
arm-none-eabi-gcc "../Core/Src/delay_us.c" -mcpu=cortex-m4 -std=gnu11 -g3 -DDEBUG -DUSE_HAL_DRIVER -DSTM32L432xx -c -I../Core/Inc -I../Drivers/STM32L4xx_HAL_Driver/Inc -I../Drivers/STM32L4xx_HAL_Driver/Inc/Legacy -I../Drivers/CMSIS/Device/ST/STM32L4xx/Include -I../Drivers/CMSIS/Include -O0 -ffunction-sections -fdata-sections -Wall -fstack-usage -fcyclomatic-complexity -MMD -MP -MF"Core/Src/delay_us.d" -MT"Core/Src/delay_us.o" --specs=nano.specs -mfpu=fpv4-sp-d16 -mfloat-abi=hard -mthumb -o "Core/Src/delay_us.o"
arm-none-eabi-gcc "../Core/Src/dht11.c" -mcpu=cortex-m4 -std=gnu11 -g3 -DDEBUG -DUSE_HAL_DRIVER -DSTM32L432xx -c -I../Core/Inc -I../Drivers/STM32L4xx_HAL_Driver/Inc -I../Drivers/STM32L4xx_HAL_Driver/Inc/Legacy -I../Drivers/CMSIS/Device/ST/STM32L4xx/Include -I../Drivers/CMSIS/Include -O0 -ffunction-sections -fdata-sections -Wall -fstack-usage -fcyclomatic-complexity -MMD -MP -MF"Core/Src/dht11.d" -MT"Core/Src/dht11.o" --specs=nano.specs -mfpu=fpv4-sp-d16 -mfloat-abi=hard -mthumb -o "Core/Src/dht11.o"
arm-none-eabi-gcc "../Core/Src/gpio.c" -mcpu=cortex-m4 -std=gnu11 -g3 -DDEBUG -DUSE_HAL_DRIVER -DSTM32L432xx -c -I../Core/Inc -I../Drivers/STM32L4xx_HAL_Driver/Inc -I../Drivers/STM32L4xx_HAL_Driver/Inc/Legacy -I../Drivers/CMSIS/Device/ST/STM32L4xx/Include -I../Drivers/CMSIS/Include -O0 -ffunction-sections -fdata-sections -Wall -fstack-usage -fcyclomatic-complexity -MMD -MP -MF"Core/Src/gpio.d" -MT"Core/Src/gpio.o" --specs=nano.specs -mfpu=fpv4-sp-d16 -mfloat-abi=hard -mthumb -o "Core/Src/gpio.o"
arm-none-eabi-gcc "../Core/Src/main.c" -mcpu=cortex-m4 -std=gnu11 -g3 -DDEBUG -DUSE_HAL_DRIVER -DSTM32L432xx -c -I../Core/Inc -I../Drivers/STM32L4xx_HAL_Driver/Inc -I../Drivers/STM32L4xx_HAL_Driver/Inc/Legacy -I../Drivers/CMSIS/Device/ST/STM32L4xx/Include -I../Drivers/CMSIS/Include -O0 -ffunction-sections -fdata-sections -Wall -fstack-usage -fcyclomatic-complexity -MMD -MP -MF"Core/Src/main.d" -MT"Core/Src/main.o" --specs=nano.specs -mfpu=fpv4-sp-d16 -mfloat-abi=hard -mthumb -o "Core/Src/main.o"
arm-none-eabi-gcc "../Core/Src/retarget.c" -mcpu=cortex-m4 -std=gnu11 -g3 -DDEBUG -DUSE_HAL_DRIVER -DSTM32L432xx -c -I../Core/Inc -I../Drivers/STM32L4xx_HAL_Driver/Inc -I../Drivers/STM32L4xx_HAL_Driver/Inc/Legacy -I../Drivers/CMSIS/Device/ST/STM32L4xx/Include -I../Drivers/CMSIS/Include -O0 -ffunction-sections -fdata-sections -Wall -fstack-usage -fcyclomatic-complexity -MMD -MP -MF"Core/Src/retarget.d" -MT"Core/Src/retarget.o" --specs=nano.specs -mfpu=fpv4-sp-d16 -mfloat-abi=hard -mthumb -o "Core/Src/retarget.o"
arm-none-eabi-gcc "../Core/Src/save.c" -mcpu=cortex-m4 -std=gnu11 -g3 -DDEBUG -DUSE_HAL_DRIVER -DSTM32L432xx -c -I../Core/Inc -I../Drivers/STM32L4xx_HAL_Driver/Inc -I../Drivers/STM32L4xx_HAL_Driver/Inc/Legacy -I../Drivers/CMSIS/Device/ST/STM32L4xx/Include -I../Drivers/CMSIS/Include -O0 -ffunction-sections -fdata-sections -Wall -fstack-usage -fcyclomatic-complexity -MMD -MP -MF"Core/Src/save.d" -MT"Core/Src/save.o" --specs=nano.specs -mfpu=fpv4-sp-d16 -mfloat-abi=hard -mthumb -o "Core/Src/save.o"
../Core/Src/save.c:5: warning: "FLASH_PAGE_SIZE" redefined
    5 | #define FLASH_PAGE_SIZE        2048u
      | 
../Core/Src/dht11.c: In function 'DHT11_Read':
../Core/Src/dht11.c:187:13: warning: variable 'dbg_pin_state' set but not used [-Wunused-but-set-variable]
  187 |     uint8_t dbg_pin_state[40] = {0};
      |             ^~~~~~~~~~~~~
../Core/Src/dht11.c:186:13: warning: variable 'dbg_bits' set but not used [-Wunused-but-set-variable]
  186 |     uint8_t dbg_bits[40] = {0};
      |             ^~~~~~~~
In file included from ../Core/Inc/stm32l4xx_hal_conf.h:330,
                 from ../Drivers/STM32L4xx_HAL_Driver/Inc/stm32l4xx_hal.h:29,
                 from ../Core/Inc/save.h:4,
                 from ../Core/Src/save.c:1:
../Drivers/STM32L4xx_HAL_Driver/Inc/stm32l4xx_hal_flash.h:855: note: this is the location of the previous definition
  855 | #define FLASH_PAGE_SIZE                    ((uint32_t)0x800)
      | 
../Core/Src/save.c: In function 'Save_Flush':
../Core/Src/save.c:92:9: warning: implicit declaration of function 'printf' [-Wimplicit-function-declaration]
   92 |         printf("[SAVE] Page %lu geschrieben (%lu kB genutzt)\r\n",
      |         ^~~~~~
../Core/Src/save.c:3:1: note: include '<stdio.h>' or provide a declaration of 'printf'
    2 | #include <string.h>
  +++ |+#include <stdio.h>
    3 | 
../Core/Src/save.c:92:9: warning: incompatible implicit declaration of built-in function 'printf' [-Wbuiltin-declaration-mismatch]
   92 |         printf("[SAVE] Page %lu geschrieben (%lu kB genutzt)\r\n",
      |         ^~~~~~
../Core/Src/save.c:92:9: note: include '<stdio.h>' or provide a declaration of 'printf'
../Core/Src/ausgabe.c: In function 'Ausgabe_Process':
../Core/Src/ausgabe.c:96:29: error: 'LOG_MAX_PAGES' undeclared (first use in this function)
   96 |             if (cur_page >= LOG_MAX_PAGES) {
      |                             ^~~~~~~~~~~~~
../Core/Src/ausgabe.c:96:29: note: each undeclared identifier is reported only once for each function it appears in
../Core/Src/dht11.c: At top level:
../Core/Src/dht11.c:57:13: warning: 'dht_debug_locate_flip' defined but not used [-Wunused-function]
   57 | static void dht_debug_locate_flip(const uint8_t data[5]) {
      |             ^~~~~~~~~~~~~~~~~~~~~
../Core/Src/dht11.c:53:13: warning: 'analyse_bit_timing' defined but not used [-Wunused-function]
   53 | static void analyse_bit_timing(uint32_t high_us, int bit_number, uint8_t bit_value){
      |             ^~~~~~~~~~~~~~~~~~
../Core/Src/ausgabe.c:101:33: error: 'LOG_START_ADDR' undeclared (first use in this function)
  101 |             uint32_t pageAddr = LOG_START_ADDR + cur_page * FLASH_PAGE_SIZE;
      |                                 ^~~~~~~~~~~~~~
make: *** [Core/Src/subdir.mk:61: Core/Src/ausgabe.o] Error 1
make: *** Waiting for unfinished jobs....
../Core/Src/main.c: In function 'main':
../Core/Src/main.c:120:45: warning: implicit declaration of function 'strlen' [-Wimplicit-function-declaration]
  120 |   HAL_UART_Transmit(&huart2, (uint8_t*)msg, strlen(msg), HAL_MAX_DELAY);
      |                                             ^~~~~~
../Core/Src/main.c:31:1: note: include '<string.h>' or provide a declaration of 'strlen'
   30 | #include "ausgabe.h"
  +++ |+#include <string.h>
   31 | /* USER CODE END Includes */
../Core/Src/main.c:120:45: warning: incompatible implicit declaration of built-in function 'strlen' [-Wbuiltin-declaration-mismatch]
  120 |   HAL_UART_Transmit(&huart2, (uint8_t*)msg, strlen(msg), HAL_MAX_DELAY);
      |                                             ^~~~~~
../Core/Src/main.c:120:45: note: include '<string.h>' or provide a declaration of 'strlen'
../Core/Src/main.c:191:9: warning: this 'else' clause does not guard... [-Wmisleading-indentation]
  191 |         else
      |         ^~~~
../Core/Src/main.c:192:35: note: ...this statement, but the latter is misleadingly indented as if it were guarded by the 'else'
  192 |             printf("S2 Fehler\t");y
      |                                   ^
../Core/Src/main.c:192:35: error: 'y' undeclared (first use in this function)
../Core/Src/main.c:192:35: note: each undeclared identifier is reported only once for each function it appears in
../Core/Src/main.c:192:36: error: expected ';' before 'if'
  192 |             printf("S2 Fehler\t");y
      |                                    ^
      |                                    ;
  193 | 
  194 |       if (d3 == DHT11_OK)
      |       ~~                            
../Core/Src/main.c:196:9: error: 'else' without a previous 'if'
  196 |         else
      |         ^~~~
make: *** [Core/Src/subdir.mk:61: Core/Src/main.o] Error 1
"make -j8 all" terminated with exit code 2. Build might be incomplete.
17:09:25 **** Incremental Build of configuration Debug for project Temperatur ****
make -j8 all 
arm-none-eabi-gcc "../Core/Src/ausgabe.c" -mcpu=cortex-m4 -std=gnu11 -g3 -DDEBUG -DUSE_HAL_DRIVER -DSTM32L432xx -c -I../Core/Inc -I../Drivers/STM32L4xx_HAL_Driver/Inc -I../Drivers/STM32L4xx_HAL_Driver/Inc/Legacy -I../Drivers/CMSIS/Device/ST/STM32L4xx/Include -I../Drivers/CMSIS/Include -O0 -ffunction-sections -fdata-sections -Wall -fstack-usage -fcyclomatic-complexity -MMD -MP -MF"Core/Src/ausgabe.d" -MT"Core/Src/ausgabe.o" --specs=nano.specs -mfpu=fpv4-sp-d16 -mfloat-abi=hard -mthumb -o "Core/Src/ausgabe.o"
arm-none-eabi-gcc "../Core/Src/main.c" -mcpu=cortex-m4 -std=gnu11 -g3 -DDEBUG -DUSE_HAL_DRIVER -DSTM32L432xx -c -I../Core/Inc -I../Drivers/STM32L4xx_HAL_Driver/Inc -I../Drivers/STM32L4xx_HAL_Driver/Inc/Legacy -I../Drivers/CMSIS/Device/ST/STM32L4xx/Include -I../Drivers/CMSIS/Include -O0 -ffunction-sections -fdata-sections -Wall -fstack-usage -fcyclomatic-complexity -MMD -MP -MF"Core/Src/main.d" -MT"Core/Src/main.o" --specs=nano.specs -mfpu=fpv4-sp-d16 -mfloat-abi=hard -mthumb -o "Core/Src/main.o"
arm-none-eabi-gcc "../Core/Src/servocfg.c" -mcpu=cortex-m4 -std=gnu11 -g3 -DDEBUG -DUSE_HAL_DRIVER -DSTM32L432xx -c -I../Core/Inc -I../Drivers/STM32L4xx_HAL_Driver/Inc -I../Drivers/STM32L4xx_HAL_Driver/Inc/Legacy -I../Drivers/CMSIS/Device/ST/STM32L4xx/Include -I../Drivers/CMSIS/Include -O0 -ffunction-sections -fdata-sections -Wall -fstack-usage -fcyclomatic-complexity -MMD -MP -MF"Core/Src/servocfg.d" -MT"Core/Src/servocfg.o" --specs=nano.specs -mfpu=fpv4-sp-d16 -mfloat-abi=hard -mthumb -o "Core/Src/servocfg.o"
arm-none-eabi-gcc "../Core/Src/stm32l4xx_hal_msp.c" -mcpu=cortex-m4 -std=gnu11 -g3 -DDEBUG -DUSE_HAL_DRIVER -DSTM32L432xx -c -I../Core/Inc -I../Drivers/STM32L4xx_HAL_Driver/Inc -I../Drivers/STM32L4xx_HAL_Driver/Inc/Legacy -I../Drivers/CMSIS/Device/ST/STM32L4xx/Include -I../Drivers/CMSIS/Include -O0 -ffunction-sections -fdata-sections -Wall -fstack-usage -fcyclomatic-complexity -MMD -MP -MF"Core/Src/stm32l4xx_hal_msp.d" -MT"Core/Src/stm32l4xx_hal_msp.o" --specs=nano.specs -mfpu=fpv4-sp-d16 -mfloat-abi=hard -mthumb -o "Core/Src/stm32l4xx_hal_msp.o"
arm-none-eabi-gcc "../Core/Src/stm32l4xx_it.c" -mcpu=cortex-m4 -std=gnu11 -g3 -DDEBUG -DUSE_HAL_DRIVER -DSTM32L432xx -c -I../Core/Inc -I../Drivers/STM32L4xx_HAL_Driver/Inc -I../Drivers/STM32L4xx_HAL_Driver/Inc/Legacy -I../Drivers/CMSIS/Device/ST/STM32L4xx/Include -I../Drivers/CMSIS/Include -O0 -ffunction-sections -fdata-sections -Wall -fstack-usage -fcyclomatic-complexity -MMD -MP -MF"Core/Src/stm32l4xx_it.d" -MT"Core/Src/stm32l4xx_it.o" --specs=nano.specs -mfpu=fpv4-sp-d16 -mfloat-abi=hard -mthumb -o "Core/Src/stm32l4xx_it.o"
arm-none-eabi-gcc "../Core/Src/syscalls.c" -mcpu=cortex-m4 -std=gnu11 -g3 -DDEBUG -DUSE_HAL_DRIVER -DSTM32L432xx -c -I../Core/Inc -I../Drivers/STM32L4xx_HAL_Driver/Inc -I../Drivers/STM32L4xx_HAL_Driver/Inc/Legacy -I../Drivers/CMSIS/Device/ST/STM32L4xx/Include -I../Drivers/CMSIS/Include -O0 -ffunction-sections -fdata-sections -Wall -fstack-usage -fcyclomatic-complexity -MMD -MP -MF"Core/Src/syscalls.d" -MT"Core/Src/syscalls.o" --specs=nano.specs -mfpu=fpv4-sp-d16 -mfloat-abi=hard -mthumb -o "Core/Src/syscalls.o"
arm-none-eabi-gcc "../Core/Src/sysmem.c" -mcpu=cortex-m4 -std=gnu11 -g3 -DDEBUG -DUSE_HAL_DRIVER -DSTM32L432xx -c -I../Core/Inc -I../Drivers/STM32L4xx_HAL_Driver/Inc -I../Drivers/STM32L4xx_HAL_Driver/Inc/Legacy -I../Drivers/CMSIS/Device/ST/STM32L4xx/Include -I../Drivers/CMSIS/Include -O0 -ffunction-sections -fdata-sections -Wall -fstack-usage -fcyclomatic-complexity -MMD -MP -MF"Core/Src/sysmem.d" -MT"Core/Src/sysmem.o" --specs=nano.specs -mfpu=fpv4-sp-d16 -mfloat-abi=hard -mthumb -o "Core/Src/sysmem.o"
arm-none-eabi-gcc "../Core/Src/system_stm32l4xx.c" -mcpu=cortex-m4 -std=gnu11 -g3 -DDEBUG -DUSE_HAL_DRIVER -DSTM32L432xx -c -I../Core/Inc -I../Drivers/STM32L4xx_HAL_Driver/Inc -I../Drivers/STM32L4xx_HAL_Driver/Inc/Legacy -I../Drivers/CMSIS/Device/ST/STM32L4xx/Include -I../Drivers/CMSIS/Include -O0 -ffunction-sections -fdata-sections -Wall -fstack-usage -fcyclomatic-complexity -MMD -MP -MF"Core/Src/system_stm32l4xx.d" -MT"Core/Src/system_stm32l4xx.o" --specs=nano.specs -mfpu=fpv4-sp-d16 -mfloat-abi=hard -mthumb -o "Core/Src/system_stm32l4xx.o"
In file included from ../Core/Src/servocfg.c:8:
../Core/Inc/servo.h:16:5: error: unknown type name 'GPIO_TypeDef'
   16 |     GPIO_TypeDef * SERVO_GPIO;
      |     ^~~~~~~~~~~~
../Core/Inc/servo.h:17:5: error: unknown type name 'uint16_t'
   17 |     uint16_t       SERVO_PIN;
      |     ^~~~~~~~
../Core/Inc/servo.h:18:5: error: unknown type name 'TIM_TypeDef'
   18 |     TIM_TypeDef*   TIM_Instance;
      |     ^~~~~~~~~~~
../Core/Inc/servo.h:19:5: error: unknown type name 'uint32_t'
   19 |     uint32_t*      TIM_CCRx;
      |     ^~~~~~~~
../Core/Inc/servo.h:20:5: error: unknown type name 'uint32_t'
   20 |     uint32_t       PWM_TIM_CH;
      |     ^~~~~~~~
../Core/Inc/servo.h:21:5: error: unknown type name 'uint32_t'
   21 |     uint32_t       TIM_CLK;
      |     ^~~~~~~~
../Core/Inc/servo.h:28:17: error: unknown type name 'uint16_t'
   28 | void SERVO_Init(uint16_t au16_SERVO_Instance);
      |                 ^~~~~~~~
../Core/Inc/servo.h:1:1: note: 'uint16_t' is defined in header '<stdint.h>'; did you forget to '#include <stdint.h>'?
  +++ |+#include <stdint.h>
    1 | /*
../Core/Inc/servo.h:30:19: error: unknown type name 'uint16_t'
   30 | void SERVO_MoveTo(uint16_t au16_SERVO_Instance, float af_Angle);
      |                   ^~~~~~~~
../Core/Inc/servo.h:30:19: note: 'uint16_t' is defined in header '<stdint.h>'; did you forget to '#include <stdint.h>'?
../Core/Inc/servo.h:32:20: error: unknown type name 'uint16_t'
   32 | void SERVO_RawMove(uint16_t au16_SERVO_Instance, uint16_t au16_Pulse);
      |                    ^~~~~~~~
../Core/Inc/servo.h:32:20: note: 'uint16_t' is defined in header '<stdint.h>'; did you forget to '#include <stdint.h>'?
../Core/Inc/servo.h:32:50: error: unknown type name 'uint16_t'
   32 | void SERVO_RawMove(uint16_t au16_SERVO_Instance, uint16_t au16_Pulse);
      |                                                  ^~~~~~~~
../Core/Inc/servo.h:32:50: note: 'uint16_t' is defined in header '<stdint.h>'; did you forget to '#include <stdint.h>'?
../Core/Inc/servo.h:34:1: error: unknown type name 'uint16_t'
   34 | uint16_t SERVO_Get_MaxPulse(uint16_t au16_SERVO_Instance);
      | ^~~~~~~~
../Core/Inc/servo.h:34:1: note: 'uint16_t' is defined in header '<stdint.h>'; did you forget to '#include <stdint.h>'?
../Core/Inc/servo.h:34:29: error: unknown type name 'uint16_t'
   34 | uint16_t SERVO_Get_MaxPulse(uint16_t au16_SERVO_Instance);
      |                             ^~~~~~~~
../Core/Inc/servo.h:34:29: note: 'uint16_t' is defined in header '<stdint.h>'; did you forget to '#include <stdint.h>'?
../Core/Inc/servo.h:36:1: error: unknown type name 'uint16_t'
   36 | uint16_t SERVO_Get_MinPulse(uint16_t au16_SERVO_Instance);
      | ^~~~~~~~
../Core/Inc/servo.h:36:1: note: 'uint16_t' is defined in header '<stdint.h>'; did you forget to '#include <stdint.h>'?
../Core/Inc/servo.h:36:29: error: unknown type name 'uint16_t'
   36 | uint16_t SERVO_Get_MinPulse(uint16_t au16_SERVO_Instance);
      |                             ^~~~~~~~
../Core/Inc/servo.h:36:29: note: 'uint16_t' is defined in header '<stdint.h>'; did you forget to '#include <stdint.h>'?
../Core/Inc/servo.h:38:18: error: unknown type name 'uint16_t'
   38 | void SERVO_Sweep(uint16_t au16_SERVO_Instance);
      |                  ^~~~~~~~
../Core/Inc/servo.h:38:18: note: 'uint16_t' is defined in header '<stdint.h>'; did you forget to '#include <stdint.h>'?
../Core/Src/servocfg.c:14:5: error: 'GPIOA' undeclared here (not in a function)
   14 |     GPIOA,
      |     ^~~~~
../Core/Src/servocfg.c:15:5: error: 'GPIO_PIN_0' undeclared here (not in a function)
   15 |     GPIO_PIN_0,
      |     ^~~~~~~~~~
../Core/Src/servocfg.c:16:5: error: 'TIM2' undeclared here (not in a function)
   16 |     TIM2,
      |     ^~~~
../Core/Src/servocfg.c:18:5: error: 'TIM_CHANNEL_1' undeclared here (not in a function)
   18 |     TIM_CHANNEL_1,
      |     ^~~~~~~~~~~~~
../Core/Src/servocfg.c:23:1: error: expected ',' or ';' at end of input
   23 | }
      | ^
make: *** [Core/Src/subdir.mk:61: Core/Src/servocfg.o] Error 1
make: *** Waiting for unfinished jobs....
../Core/Src/ausgabe.c: In function 'Ausgabe_Process':
../Core/Src/ausgabe.c:96:29: error: 'LOG_MAX_PAGES' undeclared (first use in this function)
   96 |             if (cur_page >= LOG_MAX_PAGES) {
      |                             ^~~~~~~~~~~~~
../Core/Src/ausgabe.c:96:29: note: each undeclared identifier is reported only once for each function it appears in
../Core/Src/ausgabe.c:101:33: error: 'LOG_START_ADDR' undeclared (first use in this function)
  101 |             uint32_t pageAddr = LOG_START_ADDR + cur_page * FLASH_PAGE_SIZE;
      |                                 ^~~~~~~~~~~~~~
../Core/Src/main.c: In function 'main':
../Core/Src/main.c:120:45: warning: implicit declaration of function 'strlen' [-Wimplicit-function-declaration]
  120 |   HAL_UART_Transmit(&huart2, (uint8_t*)msg, strlen(msg), HAL_MAX_DELAY);
      |                                             ^~~~~~
../Core/Src/main.c:31:1: note: include '<string.h>' or provide a declaration of 'strlen'
   30 | #include "ausgabe.h"
  +++ |+#include <string.h>
   31 | /* USER CODE END Includes */
../Core/Src/main.c:120:45: warning: incompatible implicit declaration of built-in function 'strlen' [-Wbuiltin-declaration-mismatch]
  120 |   HAL_UART_Transmit(&huart2, (uint8_t*)msg, strlen(msg), HAL_MAX_DELAY);
      |                                             ^~~~~~
../Core/Src/main.c:120:45: note: include '<string.h>' or provide a declaration of 'strlen'
make: *** [Core/Src/subdir.mk:61: Core/Src/ausgabe.o] Error 1
"make -j8 all" terminated with exit code 2. Build might be incomplete.
17:10:13 **** Incremental Build of configuration Debug for project Temperatur ****
make -j8 all 
arm-none-eabi-gcc "../Core/Src/adc.c" -mcpu=cortex-m4 -std=gnu11 -g3 -DDEBUG -DUSE_HAL_DRIVER -DSTM32L432xx -c -I../Core/Inc -I../Drivers/STM32L4xx_HAL_Driver/Inc -I../Drivers/STM32L4xx_HAL_Driver/Inc/Legacy -I../Drivers/CMSIS/Device/ST/STM32L4xx/Include -I../Drivers/CMSIS/Include -O0 -ffunction-sections -fdata-sections -Wall -fstack-usage -fcyclomatic-complexity -MMD -MP -MF"Core/Src/adc.d" -MT"Core/Src/adc.o" --specs=nano.specs -mfpu=fpv4-sp-d16 -mfloat-abi=hard -mthumb -o "Core/Src/adc.o"
arm-none-eabi-gcc "../Core/Src/ausgabe.c" -mcpu=cortex-m4 -std=gnu11 -g3 -DDEBUG -DUSE_HAL_DRIVER -DSTM32L432xx -c -I../Core/Inc -I../Drivers/STM32L4xx_HAL_Driver/Inc -I../Drivers/STM32L4xx_HAL_Driver/Inc/Legacy -I../Drivers/CMSIS/Device/ST/STM32L4xx/Include -I../Drivers/CMSIS/Include -O0 -ffunction-sections -fdata-sections -Wall -fstack-usage -fcyclomatic-complexity -MMD -MP -MF"Core/Src/ausgabe.d" -MT"Core/Src/ausgabe.o" --specs=nano.specs -mfpu=fpv4-sp-d16 -mfloat-abi=hard -mthumb -o "Core/Src/ausgabe.o"
arm-none-eabi-gcc "../Core/Src/delay_us.c" -mcpu=cortex-m4 -std=gnu11 -g3 -DDEBUG -DUSE_HAL_DRIVER -DSTM32L432xx -c -I../Core/Inc -I../Drivers/STM32L4xx_HAL_Driver/Inc -I../Drivers/STM32L4xx_HAL_Driver/Inc/Legacy -I../Drivers/CMSIS/Device/ST/STM32L4xx/Include -I../Drivers/CMSIS/Include -O0 -ffunction-sections -fdata-sections -Wall -fstack-usage -fcyclomatic-complexity -MMD -MP -MF"Core/Src/delay_us.d" -MT"Core/Src/delay_us.o" --specs=nano.specs -mfpu=fpv4-sp-d16 -mfloat-abi=hard -mthumb -o "Core/Src/delay_us.o"
arm-none-eabi-gcc "../Core/Src/dht11.c" -mcpu=cortex-m4 -std=gnu11 -g3 -DDEBUG -DUSE_HAL_DRIVER -DSTM32L432xx -c -I../Core/Inc -I../Drivers/STM32L4xx_HAL_Driver/Inc -I../Drivers/STM32L4xx_HAL_Driver/Inc/Legacy -I../Drivers/CMSIS/Device/ST/STM32L4xx/Include -I../Drivers/CMSIS/Include -O0 -ffunction-sections -fdata-sections -Wall -fstack-usage -fcyclomatic-complexity -MMD -MP -MF"Core/Src/dht11.d" -MT"Core/Src/dht11.o" --specs=nano.specs -mfpu=fpv4-sp-d16 -mfloat-abi=hard -mthumb -o "Core/Src/dht11.o"
arm-none-eabi-gcc "../Core/Src/gpio.c" -mcpu=cortex-m4 -std=gnu11 -g3 -DDEBUG -DUSE_HAL_DRIVER -DSTM32L432xx -c -I../Core/Inc -I../Drivers/STM32L4xx_HAL_Driver/Inc -I../Drivers/STM32L4xx_HAL_Driver/Inc/Legacy -I../Drivers/CMSIS/Device/ST/STM32L4xx/Include -I../Drivers/CMSIS/Include -O0 -ffunction-sections -fdata-sections -Wall -fstack-usage -fcyclomatic-complexity -MMD -MP -MF"Core/Src/gpio.d" -MT"Core/Src/gpio.o" --specs=nano.specs -mfpu=fpv4-sp-d16 -mfloat-abi=hard -mthumb -o "Core/Src/gpio.o"
arm-none-eabi-gcc "../Core/Src/main.c" -mcpu=cortex-m4 -std=gnu11 -g3 -DDEBUG -DUSE_HAL_DRIVER -DSTM32L432xx -c -I../Core/Inc -I../Drivers/STM32L4xx_HAL_Driver/Inc -I../Drivers/STM32L4xx_HAL_Driver/Inc/Legacy -I../Drivers/CMSIS/Device/ST/STM32L4xx/Include -I../Drivers/CMSIS/Include -O0 -ffunction-sections -fdata-sections -Wall -fstack-usage -fcyclomatic-complexity -MMD -MP -MF"Core/Src/main.d" -MT"Core/Src/main.o" --specs=nano.specs -mfpu=fpv4-sp-d16 -mfloat-abi=hard -mthumb -o "Core/Src/main.o"
arm-none-eabi-gcc "../Core/Src/retarget.c" -mcpu=cortex-m4 -std=gnu11 -g3 -DDEBUG -DUSE_HAL_DRIVER -DSTM32L432xx -c -I../Core/Inc -I../Drivers/STM32L4xx_HAL_Driver/Inc -I../Drivers/STM32L4xx_HAL_Driver/Inc/Legacy -I../Drivers/CMSIS/Device/ST/STM32L4xx/Include -I../Drivers/CMSIS/Include -O0 -ffunction-sections -fdata-sections -Wall -fstack-usage -fcyclomatic-complexity -MMD -MP -MF"Core/Src/retarget.d" -MT"Core/Src/retarget.o" --specs=nano.specs -mfpu=fpv4-sp-d16 -mfloat-abi=hard -mthumb -o "Core/Src/retarget.o"
arm-none-eabi-gcc "../Core/Src/save.c" -mcpu=cortex-m4 -std=gnu11 -g3 -DDEBUG -DUSE_HAL_DRIVER -DSTM32L432xx -c -I../Core/Inc -I../Drivers/STM32L4xx_HAL_Driver/Inc -I../Drivers/STM32L4xx_HAL_Driver/Inc/Legacy -I../Drivers/CMSIS/Device/ST/STM32L4xx/Include -I../Drivers/CMSIS/Include -O0 -ffunction-sections -fdata-sections -Wall -fstack-usage -fcyclomatic-complexity -MMD -MP -MF"Core/Src/save.d" -MT"Core/Src/save.o" --specs=nano.specs -mfpu=fpv4-sp-d16 -mfloat-abi=hard -mthumb -o "Core/Src/save.o"
../Core/Src/main.c: In function 'main':
../Core/Src/main.c:120:45: warning: implicit declaration of function 'strlen' [-Wimplicit-function-declaration]
  120 |   HAL_UART_Transmit(&huart2, (uint8_t*)msg, strlen(msg), HAL_MAX_DELAY);
      |                                             ^~~~~~
../Core/Src/main.c:31:1: note: include '<string.h>' or provide a declaration of 'strlen'
   30 | #include "ausgabe.h"
  +++ |+#include <string.h>
   31 | /* USER CODE END Includes */
../Core/Src/main.c:120:45: warning: incompatible implicit declaration of built-in function 'strlen' [-Wbuiltin-declaration-mismatch]
  120 |   HAL_UART_Transmit(&huart2, (uint8_t*)msg, strlen(msg), HAL_MAX_DELAY);
      |                                             ^~~~~~
../Core/Src/main.c:120:45: note: include '<string.h>' or provide a declaration of 'strlen'
../Core/Src/save.c:5: warning: "FLASH_PAGE_SIZE" redefined
    5 | #define FLASH_PAGE_SIZE        2048u
      | 
In file included from ../Core/Inc/stm32l4xx_hal_conf.h:330,
                 from ../Drivers/STM32L4xx_HAL_Driver/Inc/stm32l4xx_hal.h:29,
                 from ../Core/Inc/save.h:4,
                 from ../Core/Src/save.c:1:
../Drivers/STM32L4xx_HAL_Driver/Inc/stm32l4xx_hal_flash.h:855: note: this is the location of the previous definition
  855 | #define FLASH_PAGE_SIZE                    ((uint32_t)0x800)
      | 
../Core/Src/save.c: In function 'Save_Flush':
../Core/Src/save.c:92:9: warning: implicit declaration of function 'printf' [-Wimplicit-function-declaration]
   92 |         printf("[SAVE] Page %lu geschrieben (%lu kB genutzt)\r\n",
      |         ^~~~~~
../Core/Src/save.c:3:1: note: include '<stdio.h>' or provide a declaration of 'printf'
    2 | #include <string.h>
  +++ |+#include <stdio.h>
    3 | 
../Core/Src/save.c:92:9: warning: incompatible implicit declaration of built-in function 'printf' [-Wbuiltin-declaration-mismatch]
   92 |         printf("[SAVE] Page %lu geschrieben (%lu kB genutzt)\r\n",
      |         ^~~~~~
../Core/Src/save.c:92:9: note: include '<stdio.h>' or provide a declaration of 'printf'
../Core/Src/dht11.c: In function 'DHT11_Read':
../Core/Src/dht11.c:187:13: warning: variable 'dbg_pin_state' set but not used [-Wunused-but-set-variable]
  187 |     uint8_t dbg_pin_state[40] = {0};
      |             ^~~~~~~~~~~~~
../Core/Src/dht11.c:186:13: warning: variable 'dbg_bits' set but not used [-Wunused-but-set-variable]
  186 |     uint8_t dbg_bits[40] = {0};
      |             ^~~~~~~~
../Core/Src/dht11.c: At top level:
../Core/Src/dht11.c:57:13: warning: 'dht_debug_locate_flip' defined but not used [-Wunused-function]
   57 | static void dht_debug_locate_flip(const uint8_t data[5]) {
      |             ^~~~~~~~~~~~~~~~~~~~~
../Core/Src/dht11.c:53:13: warning: 'analyse_bit_timing' defined but not used [-Wunused-function]
   53 | static void analyse_bit_timing(uint32_t high_us, int bit_number, uint8_t bit_value){
      |             ^~~~~~~~~~~~~~~~~~
../Core/Src/ausgabe.c: In function 'Ausgabe_Process':
../Core/Src/ausgabe.c:96:29: error: 'LOG_MAX_PAGES' undeclared (first use in this function)
   96 |             if (cur_page >= LOG_MAX_PAGES) {
      |                             ^~~~~~~~~~~~~
../Core/Src/ausgabe.c:96:29: note: each undeclared identifier is reported only once for each function it appears in
../Core/Src/ausgabe.c:101:33: error: 'LOG_START_ADDR' undeclared (first use in this function)
  101 |             uint32_t pageAddr = LOG_START_ADDR + cur_page * FLASH_PAGE_SIZE;
      |                                 ^~~~~~~~~~~~~~
make: *** [Core/Src/subdir.mk:58: Core/Src/ausgabe.o] Error 1
make: *** Waiting for unfinished jobs....
"make -j8 all" terminated with exit code 2. Build might be incomplete.
17:18:54 **** Incremental Build of configuration Debug for project Temperatur ****
make -j8 all 
arm-none-eabi-gcc "../Core/Src/ausgabe.c" -mcpu=cortex-m4 -std=gnu11 -g3 -DDEBUG -DUSE_HAL_DRIVER -DSTM32L432xx -c -I../Core/Inc -I../Drivers/STM32L4xx_HAL_Driver/Inc -I../Drivers/STM32L4xx_HAL_Driver/Inc/Legacy -I../Drivers/CMSIS/Device/ST/STM32L4xx/Include -I../Drivers/CMSIS/Include -O0 -ffunction-sections -fdata-sections -Wall -fstack-usage -fcyclomatic-complexity -MMD -MP -MF"Core/Src/ausgabe.d" -MT"Core/Src/ausgabe.o" --specs=nano.specs -mfpu=fpv4-sp-d16 -mfloat-abi=hard -mthumb -o "Core/Src/ausgabe.o"
arm-none-eabi-gcc "../Core/Src/main.c" -mcpu=cortex-m4 -std=gnu11 -g3 -DDEBUG -DUSE_HAL_DRIVER -DSTM32L432xx -c -I../Core/Inc -I../Drivers/STM32L4xx_HAL_Driver/Inc -I../Drivers/STM32L4xx_HAL_Driver/Inc/Legacy -I../Drivers/CMSIS/Device/ST/STM32L4xx/Include -I../Drivers/CMSIS/Include -O0 -ffunction-sections -fdata-sections -Wall -fstack-usage -fcyclomatic-complexity -MMD -MP -MF"Core/Src/main.d" -MT"Core/Src/main.o" --specs=nano.specs -mfpu=fpv4-sp-d16 -mfloat-abi=hard -mthumb -o "Core/Src/main.o"
arm-none-eabi-gcc "../Core/Src/save.c" -mcpu=cortex-m4 -std=gnu11 -g3 -DDEBUG -DUSE_HAL_DRIVER -DSTM32L432xx -c -I../Core/Inc -I../Drivers/STM32L4xx_HAL_Driver/Inc -I../Drivers/STM32L4xx_HAL_Driver/Inc/Legacy -I../Drivers/CMSIS/Device/ST/STM32L4xx/Include -I../Drivers/CMSIS/Include -O0 -ffunction-sections -fdata-sections -Wall -fstack-usage -fcyclomatic-complexity -MMD -MP -MF"Core/Src/save.d" -MT"Core/Src/save.o" --specs=nano.specs -mfpu=fpv4-sp-d16 -mfloat-abi=hard -mthumb -o "Core/Src/save.o"
arm-none-eabi-gcc "../Core/Src/stm32l4xx_hal_msp.c" -mcpu=cortex-m4 -std=gnu11 -g3 -DDEBUG -DUSE_HAL_DRIVER -DSTM32L432xx -c -I../Core/Inc -I../Drivers/STM32L4xx_HAL_Driver/Inc -I../Drivers/STM32L4xx_HAL_Driver/Inc/Legacy -I../Drivers/CMSIS/Device/ST/STM32L4xx/Include -I../Drivers/CMSIS/Include -O0 -ffunction-sections -fdata-sections -Wall -fstack-usage -fcyclomatic-complexity -MMD -MP -MF"Core/Src/stm32l4xx_hal_msp.d" -MT"Core/Src/stm32l4xx_hal_msp.o" --specs=nano.specs -mfpu=fpv4-sp-d16 -mfloat-abi=hard -mthumb -o "Core/Src/stm32l4xx_hal_msp.o"
arm-none-eabi-gcc "../Core/Src/stm32l4xx_it.c" -mcpu=cortex-m4 -std=gnu11 -g3 -DDEBUG -DUSE_HAL_DRIVER -DSTM32L432xx -c -I../Core/Inc -I../Drivers/STM32L4xx_HAL_Driver/Inc -I../Drivers/STM32L4xx_HAL_Driver/Inc/Legacy -I../Drivers/CMSIS/Device/ST/STM32L4xx/Include -I../Drivers/CMSIS/Include -O0 -ffunction-sections -fdata-sections -Wall -fstack-usage -fcyclomatic-complexity -MMD -MP -MF"Core/Src/stm32l4xx_it.d" -MT"Core/Src/stm32l4xx_it.o" --specs=nano.specs -mfpu=fpv4-sp-d16 -mfloat-abi=hard -mthumb -o "Core/Src/stm32l4xx_it.o"
arm-none-eabi-gcc "../Core/Src/syscalls.c" -mcpu=cortex-m4 -std=gnu11 -g3 -DDEBUG -DUSE_HAL_DRIVER -DSTM32L432xx -c -I../Core/Inc -I../Drivers/STM32L4xx_HAL_Driver/Inc -I../Drivers/STM32L4xx_HAL_Driver/Inc/Legacy -I../Drivers/CMSIS/Device/ST/STM32L4xx/Include -I../Drivers/CMSIS/Include -O0 -ffunction-sections -fdata-sections -Wall -fstack-usage -fcyclomatic-complexity -MMD -MP -MF"Core/Src/syscalls.d" -MT"Core/Src/syscalls.o" --specs=nano.specs -mfpu=fpv4-sp-d16 -mfloat-abi=hard -mthumb -o "Core/Src/syscalls.o"
arm-none-eabi-gcc "../Core/Src/sysmem.c" -mcpu=cortex-m4 -std=gnu11 -g3 -DDEBUG -DUSE_HAL_DRIVER -DSTM32L432xx -c -I../Core/Inc -I../Drivers/STM32L4xx_HAL_Driver/Inc -I../Drivers/STM32L4xx_HAL_Driver/Inc/Legacy -I../Drivers/CMSIS/Device/ST/STM32L4xx/Include -I../Drivers/CMSIS/Include -O0 -ffunction-sections -fdata-sections -Wall -fstack-usage -fcyclomatic-complexity -MMD -MP -MF"Core/Src/sysmem.d" -MT"Core/Src/sysmem.o" --specs=nano.specs -mfpu=fpv4-sp-d16 -mfloat-abi=hard -mthumb -o "Core/Src/sysmem.o"
arm-none-eabi-gcc "../Core/Src/system_stm32l4xx.c" -mcpu=cortex-m4 -std=gnu11 -g3 -DDEBUG -DUSE_HAL_DRIVER -DSTM32L432xx -c -I../Core/Inc -I../Drivers/STM32L4xx_HAL_Driver/Inc -I../Drivers/STM32L4xx_HAL_Driver/Inc/Legacy -I../Drivers/CMSIS/Device/ST/STM32L4xx/Include -I../Drivers/CMSIS/Include -O0 -ffunction-sections -fdata-sections -Wall -fstack-usage -fcyclomatic-complexity -MMD -MP -MF"Core/Src/system_stm32l4xx.d" -MT"Core/Src/system_stm32l4xx.o" --specs=nano.specs -mfpu=fpv4-sp-d16 -mfloat-abi=hard -mthumb -o "Core/Src/system_stm32l4xx.o"
In file included from ../Core/Src/save.c:1:
../Core/Inc/save.h:13: warning: "FLASH_PAGE_SIZE" redefined
   13 | #define FLASH_PAGE_SIZE     2048u
      | 
In file included from ../Core/Inc/stm32l4xx_hal_conf.h:330,
                 from ../Drivers/STM32L4xx_HAL_Driver/Inc/stm32l4xx_hal.h:29,
                 from ../Core/Inc/save.h:4:
../Drivers/STM32L4xx_HAL_Driver/Inc/stm32l4xx_hal_flash.h:855: note: this is the location of the previous definition
  855 | #define FLASH_PAGE_SIZE                    ((uint32_t)0x800)
      | 
../Core/Src/save.c: In function 'Save_Flush':
../Core/Src/save.c:92:9: warning: implicit declaration of function 'printf' [-Wimplicit-function-declaration]
   92 |         printf("[SAVE] Page %lu geschrieben (%lu kB genutzt)\r\n",
      |         ^~~~~~
../Core/Src/save.c:3:1: note: include '<stdio.h>' or provide a declaration of 'printf'
    2 | #include <string.h>
  +++ |+#include <stdio.h>
    3 | 
../Core/Src/save.c:92:9: warning: incompatible implicit declaration of built-in function 'printf' [-Wbuiltin-declaration-mismatch]
   92 |         printf("[SAVE] Page %lu geschrieben (%lu kB genutzt)\r\n",
      |         ^~~~~~
../Core/Src/save.c:92:9: note: include '<stdio.h>' or provide a declaration of 'printf'
arm-none-eabi-gcc "../Core/Src/usart.c" -mcpu=cortex-m4 -std=gnu11 -g3 -DDEBUG -DUSE_HAL_DRIVER -DSTM32L432xx -c -I../Core/Inc -I../Drivers/STM32L4xx_HAL_Driver/Inc -I../Drivers/STM32L4xx_HAL_Driver/Inc/Legacy -I../Drivers/CMSIS/Device/ST/STM32L4xx/Include -I../Drivers/CMSIS/Include -O0 -ffunction-sections -fdata-sections -Wall -fstack-usage -fcyclomatic-complexity -MMD -MP -MF"Core/Src/usart.d" -MT"Core/Src/usart.o" --specs=nano.specs -mfpu=fpv4-sp-d16 -mfloat-abi=hard -mthumb -o "Core/Src/usart.o"
In file included from ../Core/Inc/ausgabe.h:12,
                 from ../Core/Src/ausgabe.c:1:
../Core/Inc/save.h:13: warning: "FLASH_PAGE_SIZE" redefined
   13 | #define FLASH_PAGE_SIZE     2048u
      | 
In file included from ../Core/Inc/stm32l4xx_hal_conf.h:330,
                 from ../Drivers/STM32L4xx_HAL_Driver/Inc/stm32l4xx_hal.h:29,
                 from ../Core/Inc/ausgabe.h:11:
../Drivers/STM32L4xx_HAL_Driver/Inc/stm32l4xx_hal_flash.h:855: note: this is the location of the previous definition
  855 | #define FLASH_PAGE_SIZE                    ((uint32_t)0x800)
      | 
In file included from ../Core/Inc/ausgabe.h:12,
                 from ../Core/Src/main.c:30:
../Core/Inc/save.h:13: warning: "FLASH_PAGE_SIZE" redefined
   13 | #define FLASH_PAGE_SIZE     2048u
      | 
In file included from ../Core/Inc/stm32l4xx_hal_conf.h:330,
                 from ../Drivers/STM32L4xx_HAL_Driver/Inc/stm32l4xx_hal.h:29,
                 from ../Core/Inc/main.h:30,
                 from ../Core/Src/main.c:20:
../Drivers/STM32L4xx_HAL_Driver/Inc/stm32l4xx_hal_flash.h:855: note: this is the location of the previous definition
  855 | #define FLASH_PAGE_SIZE                    ((uint32_t)0x800)
      | 
../Core/Src/main.c: In function 'main':
../Core/Src/main.c:120:45: warning: implicit declaration of function 'strlen' [-Wimplicit-function-declaration]
  120 |   HAL_UART_Transmit(&huart2, (uint8_t*)msg, strlen(msg), HAL_MAX_DELAY);
      |                                             ^~~~~~
../Core/Src/main.c:31:1: note: include '<string.h>' or provide a declaration of 'strlen'
   30 | #include "ausgabe.h"
  +++ |+#include <string.h>
   31 | /* USER CODE END Includes */
../Core/Src/main.c:120:45: warning: incompatible implicit declaration of built-in function 'strlen' [-Wbuiltin-declaration-mismatch]
  120 |   HAL_UART_Transmit(&huart2, (uint8_t*)msg, strlen(msg), HAL_MAX_DELAY);
      |                                             ^~~~~~
../Core/Src/main.c:120:45: note: include '<string.h>' or provide a declaration of 'strlen'
arm-none-eabi-gcc -o "Temperatur.elf" @"objects.list"   -mcpu=cortex-m4 -T"/home/ernst/Documents/Studium/BA/Temperatur/STM32L432KCUX_FLASH.ld" --specs=nosys.specs -Wl,-Map="Temperatur.map" -Wl,--gc-sections -static -u _printf_float --specs=nano.specs -mfpu=fpv4-sp-d16 -mfloat-abi=hard -mthumb -Wl,--start-group -lc -lm -Wl,--end-group
Finished building target: Temperatur.elf
 
arm-none-eabi-size  Temperatur.elf 
arm-none-eabi-objdump -h -S Temperatur.elf  > "Temperatur.list"
   text	   data	    bss	    dec	    hex	filename
  40984	    528	   6544	  48056	   bbb8	Temperatur.elf
Finished building: default.size.stdout
 
Finished building: Temperatur.list
 
17:20:51 **** Incremental Build of configuration Debug for project Temperatur ****
make -j8 all 
arm-none-eabi-size  Temperatur.elf 
   text	   data	    bss	    dec	    hex	filename
  40984	    528	   6544	  48056	   bbb8	Temperatur.elf
Finished building: default.size.stdout
 
18:00:00 **** Incremental Build of configuration Debug for project Temperatur ****
make -j8 all 
arm-none-eabi-gcc "../Core/Src/ausgabe.c" -mcpu=cortex-m4 -std=gnu11 -g3 -DDEBUG -DUSE_HAL_DRIVER -DSTM32L432xx -c -I../Core/Inc -I../Drivers/STM32L4xx_HAL_Driver/Inc -I../Drivers/STM32L4xx_HAL_Driver/Inc/Legacy -I../Drivers/CMSIS/Device/ST/STM32L4xx/Include -I../Drivers/CMSIS/Include -O0 -ffunction-sections -fdata-sections -Wall -fstack-usage -fcyclomatic-complexity -MMD -MP -MF"Core/Src/ausgabe.d" -MT"Core/Src/ausgabe.o" --specs=nano.specs -mfpu=fpv4-sp-d16 -mfloat-abi=hard -mthumb -o "Core/Src/ausgabe.o"
In file included from ../Core/Inc/ausgabe.h:12,
                 from ../Core/Src/ausgabe.c:1:
../Core/Inc/save.h:13: warning: "FLASH_PAGE_SIZE" redefined
   13 | #define FLASH_PAGE_SIZE     2048u
      | 
In file included from ../Core/Inc/stm32l4xx_hal_conf.h:330,
                 from ../Drivers/STM32L4xx_HAL_Driver/Inc/stm32l4xx_hal.h:29,
                 from ../Core/Inc/ausgabe.h:11:
../Drivers/STM32L4xx_HAL_Driver/Inc/stm32l4xx_hal_flash.h:855: note: this is the location of the previous definition
  855 | #define FLASH_PAGE_SIZE                    ((uint32_t)0x800)
      | 
arm-none-eabi-gcc -o "Temperatur.elf" @"objects.list"   -mcpu=cortex-m4 -T"/home/ernst/Documents/Studium/BA/Temperatur/STM32L432KCUX_FLASH.ld" --specs=nosys.specs -Wl,-Map="Temperatur.map" -Wl,--gc-sections -static -u _printf_float --specs=nano.specs -mfpu=fpv4-sp-d16 -mfloat-abi=hard -mthumb -Wl,--start-group -lc -lm -Wl,--end-group
Finished building target: Temperatur.elf
 
arm-none-eabi-size  Temperatur.elf 
arm-none-eabi-objdump -h -S Temperatur.elf  > "Temperatur.list"
   text	   data	    bss	    dec	    hex	filename
  40984	    528	   6544	  48056	   bbb8	Temperatur.elf
Finished building: default.size.stdout
 
Finished building: Temperatur.list
 
18:00:16 **** Incremental Build of configuration Debug for project Temperatur ****
make -j8 all 
arm-none-eabi-size  Temperatur.elf 
   text	   data	    bss	    dec	    hex	filename
  40984	    528	   6544	  48056	   bbb8	Temperatur.elf
Finished building: default.size.stdout
 
18:02:53 **** Incremental Build of configuration Debug for project Temperatur ****
make -j8 all 
arm-none-eabi-gcc "../Core/Src/main.c" -mcpu=cortex-m4 -std=gnu11 -g3 -DDEBUG -DUSE_HAL_DRIVER -DSTM32L432xx -c -I../Core/Inc -I../Drivers/STM32L4xx_HAL_Driver/Inc -I../Drivers/STM32L4xx_HAL_Driver/Inc/Legacy -I../Drivers/CMSIS/Device/ST/STM32L4xx/Include -I../Drivers/CMSIS/Include -O0 -ffunction-sections -fdata-sections -Wall -fstack-usage -fcyclomatic-complexity -MMD -MP -MF"Core/Src/main.d" -MT"Core/Src/main.o" --specs=nano.specs -mfpu=fpv4-sp-d16 -mfloat-abi=hard -mthumb -o "Core/Src/main.o"
In file included from ../Core/Inc/ausgabe.h:12,
                 from ../Core/Src/main.c:30:
../Core/Inc/save.h:13: warning: "FLASH_PAGE_SIZE" redefined
   13 | #define FLASH_PAGE_SIZE     2048u
      | 
In file included from ../Core/Inc/stm32l4xx_hal_conf.h:330,
                 from ../Drivers/STM32L4xx_HAL_Driver/Inc/stm32l4xx_hal.h:29,
                 from ../Core/Inc/main.h:30,
                 from ../Core/Src/main.c:20:
../Drivers/STM32L4xx_HAL_Driver/Inc/stm32l4xx_hal_flash.h:855: note: this is the location of the previous definition
  855 | #define FLASH_PAGE_SIZE                    ((uint32_t)0x800)
      | 
../Core/Src/main.c: In function 'main':
../Core/Src/main.c:120:45: warning: implicit declaration of function 'strlen' [-Wimplicit-function-declaration]
  120 |   HAL_UART_Transmit(&huart2, (uint8_t*)msg, strlen(msg), HAL_MAX_DELAY);
      |                                             ^~~~~~
../Core/Src/main.c:31:1: note: include '<string.h>' or provide a declaration of 'strlen'
   30 | #include "ausgabe.h"
  +++ |+#include <string.h>
   31 | /* USER CODE END Includes */
../Core/Src/main.c:120:45: warning: incompatible implicit declaration of built-in function 'strlen' [-Wbuiltin-declaration-mismatch]
  120 |   HAL_UART_Transmit(&huart2, (uint8_t*)msg, strlen(msg), HAL_MAX_DELAY);
      |                                             ^~~~~~
../Core/Src/main.c:120:45: note: include '<string.h>' or provide a declaration of 'strlen'
arm-none-eabi-gcc -o "Temperatur.elf" @"objects.list"   -mcpu=cortex-m4 -T"/home/ernst/Documents/Studium/BA/Temperatur/STM32L432KCUX_FLASH.ld" --specs=nosys.specs -Wl,-Map="Temperatur.map" -Wl,--gc-sections -static -u _printf_float --specs=nano.specs -mfpu=fpv4-sp-d16 -mfloat-abi=hard -mthumb -Wl,--start-group -lc -lm -Wl,--end-group
Finished building target: Temperatur.elf
 
arm-none-eabi-size  Temperatur.elf 
arm-none-eabi-objdump -h -S Temperatur.elf  > "Temperatur.list"
   text	   data	    bss	    dec	    hex	filename
  41016	    528	   6544	  48088	   bbd8	Temperatur.elf
Finished building: default.size.stdout
 
Finished building: Temperatur.list
 
18:03:10 **** Incremental Build of configuration Debug for project Temperatur ****
make -j8 all 
arm-none-eabi-size  Temperatur.elf 
   text	   data	    bss	    dec	    hex	filename
  41016	    528	   6544	  48088	   bbd8	Temperatur.elf
Finished building: default.size.stdout
 
18:03:54 **** Incremental Build of configuration Debug for project Temperatur ****
make -j8 all 
arm-none-eabi-size  Temperatur.elf 
   text	   data	    bss	    dec	    hex	filename
  41016	    528	   6544	  48088	   bbd8	Temperatur.elf
Finished building: default.size.stdout
 
18:04:11 **** Incremental Build of configuration Debug for project Temperatur ****
make -j8 all 
arm-none-eabi-size  Temperatur.elf 
   text	   data	    bss	    dec	    hex	filename
  41016	    528	   6544	  48088	   bbd8	Temperatur.elf
Finished building: default.size.stdout
 
18:06:44 **** Incremental Build of configuration Debug for project Temperatur ****
make -j8 all 
arm-none-eabi-size  Temperatur.elf 
   text	   data	    bss	    dec	    hex	filename
  41016	    528	   6544	  48088	   bbd8	Temperatur.elf
Finished building: default.size.stdout
 
18:07:07 **** Incremental Build of configuration Debug for project Temperatur ****
make -j8 all 
arm-none-eabi-size  Temperatur.elf 
   text	   data	    bss	    dec	    hex	filename
  41016	    528	   6544	  48088	   bbd8	Temperatur.elf
Finished building: default.size.stdout
 
18:09:25 **** Incremental Build of configuration Debug for project Temperatur ****
make -j8 all 
arm-none-eabi-gcc "../Core/Src/ausgabe.c" -mcpu=cortex-m4 -std=gnu11 -g3 -DDEBUG -DUSE_HAL_DRIVER -DSTM32L432xx -c -I../Core/Inc -I../Drivers/STM32L4xx_HAL_Driver/Inc -I../Drivers/STM32L4xx_HAL_Driver/Inc/Legacy -I../Drivers/CMSIS/Device/ST/STM32L4xx/Include -I../Drivers/CMSIS/Include -O0 -ffunction-sections -fdata-sections -Wall -fstack-usage -fcyclomatic-complexity -MMD -MP -MF"Core/Src/ausgabe.d" -MT"Core/Src/ausgabe.o" --specs=nano.specs -mfpu=fpv4-sp-d16 -mfloat-abi=hard -mthumb -o "Core/Src/ausgabe.o"
In file included from ../Core/Inc/ausgabe.h:12,
                 from ../Core/Src/ausgabe.c:1:
../Core/Inc/save.h:13: warning: "FLASH_PAGE_SIZE" redefined
   13 | #define FLASH_PAGE_SIZE     2048u
      | 
In file included from ../Core/Inc/stm32l4xx_hal_conf.h:330,
                 from ../Drivers/STM32L4xx_HAL_Driver/Inc/stm32l4xx_hal.h:29,
                 from ../Core/Inc/ausgabe.h:11:
../Drivers/STM32L4xx_HAL_Driver/Inc/stm32l4xx_hal_flash.h:855: note: this is the location of the previous definition
  855 | #define FLASH_PAGE_SIZE                    ((uint32_t)0x800)
      | 
arm-none-eabi-gcc -o "Temperatur.elf" @"objects.list"   -mcpu=cortex-m4 -T"/home/ernst/Documents/Studium/BA/Temperatur/STM32L432KCUX_FLASH.ld" --specs=nosys.specs -Wl,-Map="Temperatur.map" -Wl,--gc-sections -static -u _printf_float --specs=nano.specs -mfpu=fpv4-sp-d16 -mfloat-abi=hard -mthumb -Wl,--start-group -lc -lm -Wl,--end-group
Finished building target: Temperatur.elf
 
arm-none-eabi-size  Temperatur.elf 
arm-none-eabi-objdump -h -S Temperatur.elf  > "Temperatur.list"
   text	   data	    bss	    dec	    hex	filename
  41016	    528	   6544	  48088	   bbd8	Temperatur.elf
Finished building: default.size.stdout
 
Finished building: Temperatur.list
 
18:09:41 **** Incremental Build of configuration Debug for project Temperatur ****
make -j8 all 
arm-none-eabi-size  Temperatur.elf 
   text	   data	    bss	    dec	    hex	filename
  41016	    528	   6544	  48088	   bbd8	Temperatur.elf
Finished building: default.size.stdout
 
18:11:03 **** Incremental Build of configuration Debug for project Temperatur ****
make -j8 all 
arm-none-eabi-gcc "../Core/Src/ausgabe.c" -mcpu=cortex-m4 -std=gnu11 -g3 -DDEBUG -DUSE_HAL_DRIVER -DSTM32L432xx -c -I../Core/Inc -I../Drivers/STM32L4xx_HAL_Driver/Inc -I../Drivers/STM32L4xx_HAL_Driver/Inc/Legacy -I../Drivers/CMSIS/Device/ST/STM32L4xx/Include -I../Drivers/CMSIS/Include -O0 -ffunction-sections -fdata-sections -Wall -fstack-usage -fcyclomatic-complexity -MMD -MP -MF"Core/Src/ausgabe.d" -MT"Core/Src/ausgabe.o" --specs=nano.specs -mfpu=fpv4-sp-d16 -mfloat-abi=hard -mthumb -o "Core/Src/ausgabe.o"
In file included from ../Core/Inc/ausgabe.h:12,
                 from ../Core/Src/ausgabe.c:1:
../Core/Inc/save.h:13: warning: "FLASH_PAGE_SIZE" redefined
   13 | #define FLASH_PAGE_SIZE     2048u
      | 
In file included from ../Core/Inc/stm32l4xx_hal_conf.h:330,
                 from ../Drivers/STM32L4xx_HAL_Driver/Inc/stm32l4xx_hal.h:29,
                 from ../Core/Inc/ausgabe.h:11:
../Drivers/STM32L4xx_HAL_Driver/Inc/stm32l4xx_hal_flash.h:855: note: this is the location of the previous definition
  855 | #define FLASH_PAGE_SIZE                    ((uint32_t)0x800)
      | 
arm-none-eabi-gcc -o "Temperatur.elf" @"objects.list"   -mcpu=cortex-m4 -T"/home/ernst/Documents/Studium/BA/Temperatur/STM32L432KCUX_FLASH.ld" --specs=nosys.specs -Wl,-Map="Temperatur.map" -Wl,--gc-sections -static -u _printf_float --specs=nano.specs -mfpu=fpv4-sp-d16 -mfloat-abi=hard -mthumb -Wl,--start-group -lc -lm -Wl,--end-group
Finished building target: Temperatur.elf
 
arm-none-eabi-size  Temperatur.elf 
arm-none-eabi-objdump -h -S Temperatur.elf  > "Temperatur.list"
   text	   data	    bss	    dec	    hex	filename
  41024	    528	   6544	  48096	   bbe0	Temperatur.elf
Finished building: default.size.stdout
 
Finished building: Temperatur.list
 
18:11:13 **** Incremental Build of configuration Debug for project Temperatur ****
make -j8 all 
arm-none-eabi-size  Temperatur.elf 
   text	   data	    bss	    dec	    hex	filename
  41024	    528	   6544	  48096	   bbe0	Temperatur.elf
Finished building: default.size.stdout
 
18:24:40 **** Incremental Build of configuration Debug for project Temperatur ****
make -j8 all 
arm-none-eabi-gcc "../Core/Src/ausgabe.c" -mcpu=cortex-m4 -std=gnu11 -g3 -DDEBUG -DUSE_HAL_DRIVER -DSTM32L432xx -c -I../Core/Inc -I../Drivers/STM32L4xx_HAL_Driver/Inc -I../Drivers/STM32L4xx_HAL_Driver/Inc/Legacy -I../Drivers/CMSIS/Device/ST/STM32L4xx/Include -I../Drivers/CMSIS/Include -O0 -ffunction-sections -fdata-sections -Wall -fstack-usage -fcyclomatic-complexity -MMD -MP -MF"Core/Src/ausgabe.d" -MT"Core/Src/ausgabe.o" --specs=nano.specs -mfpu=fpv4-sp-d16 -mfloat-abi=hard -mthumb -o "Core/Src/ausgabe.o"
In file included from ../Core/Inc/ausgabe.h:12,
                 from ../Core/Src/ausgabe.c:1:
../Core/Inc/save.h:13: warning: "FLASH_PAGE_SIZE" redefined
   13 | #define FLASH_PAGE_SIZE     2048u
      | 
In file included from ../Core/Inc/stm32l4xx_hal_conf.h:330,
                 from ../Drivers/STM32L4xx_HAL_Driver/Inc/stm32l4xx_hal.h:29,
                 from ../Core/Inc/ausgabe.h:11:
../Drivers/STM32L4xx_HAL_Driver/Inc/stm32l4xx_hal_flash.h:855: note: this is the location of the previous definition
  855 | #define FLASH_PAGE_SIZE                    ((uint32_t)0x800)
      | 
../Core/Src/ausgabe.c: In function 'Ausgabe_Process':
../Core/Src/ausgabe.c:83:52: warning: implicit declaration of function 'strlend'; did you mean 'strlen'? [-Wimplicit-function-declaration]
   83 |         HAL_UART_Transmit(g_huart1, (uint8_t*)msg, strlend(msg), 100);
      |                                                    ^~~~~~~
      |                                                    strlen
arm-none-eabi-gcc -o "Temperatur.elf" @"objects.list"   -mcpu=cortex-m4 -T"/home/ernst/Documents/Studium/BA/Temperatur/STM32L432KCUX_FLASH.ld" --specs=nosys.specs -Wl,-Map="Temperatur.map" -Wl,--gc-sections -static -u _printf_float --specs=nano.specs -mfpu=fpv4-sp-d16 -mfloat-abi=hard -mthumb -Wl,--start-group -lc -lm -Wl,--end-group
/opt/st/stm32cubeide_1.19.0/plugins/com.st.stm32cube.ide.mcu.externaltools.gnu-tools-for-stm32.13.3.rel1.linux64_1.0.0.202410170706/tools/bin/../lib/gcc/arm-none-eabi/13.3.1/../../../../arm-none-eabi/bin/ld: ./Core/Src/ausgabe.o: in function `Ausgabe_Process':
/home/ernst/Documents/Studium/BA/Temperatur/Debug/../Core/Src/ausgabe.c:83:(.text.Ausgabe_Process+0x36): undefined reference to `strlend'
collect2: error: ld returned 1 exit status
make: *** [makefile:64: Temperatur.elf] Error 1
"make -j8 all" terminated with exit code 2. Build might be incomplete.
18:24:50 **** Incremental Build of configuration Debug for project Temperatur ****
make -j8 all 
arm-none-eabi-gcc -o "Temperatur.elf" @"objects.list"   -mcpu=cortex-m4 -T"/home/ernst/Documents/Studium/BA/Temperatur/STM32L432KCUX_FLASH.ld" --specs=nosys.specs -Wl,-Map="Temperatur.map" -Wl,--gc-sections -static -u _printf_float --specs=nano.specs -mfpu=fpv4-sp-d16 -mfloat-abi=hard -mthumb -Wl,--start-group -lc -lm -Wl,--end-group
/opt/st/stm32cubeide_1.19.0/plugins/com.st.stm32cube.ide.mcu.externaltools.gnu-tools-for-stm32.13.3.rel1.linux64_1.0.0.202410170706/tools/bin/../lib/gcc/arm-none-eabi/13.3.1/../../../../arm-none-eabi/bin/ld: ./Core/Src/ausgabe.o: in function `Ausgabe_Process':
/home/ernst/Documents/Studium/BA/Temperatur/Debug/../Core/Src/ausgabe.c:83:(.text.Ausgabe_Process+0x36): undefined reference to `strlend'
collect2: error: ld returned 1 exit status
make: *** [makefile:64: Temperatur.elf] Error 1
"make -j8 all" terminated with exit code 2. Build might be incomplete.
18:25:26 **** Incremental Build of configuration Debug for project Temperatur ****
make -j8 all 
arm-none-eabi-gcc -o "Temperatur.elf" @"objects.list"   -mcpu=cortex-m4 -T"/home/ernst/Documents/Studium/BA/Temperatur/STM32L432KCUX_FLASH.ld" --specs=nosys.specs -Wl,-Map="Temperatur.map" -Wl,--gc-sections -static -u _printf_float --specs=nano.specs -mfpu=fpv4-sp-d16 -mfloat-abi=hard -mthumb -Wl,--start-group -lc -lm -Wl,--end-group
/opt/st/stm32cubeide_1.19.0/plugins/com.st.stm32cube.ide.mcu.externaltools.gnu-tools-for-stm32.13.3.rel1.linux64_1.0.0.202410170706/tools/bin/../lib/gcc/arm-none-eabi/13.3.1/../../../../arm-none-eabi/bin/ld: ./Core/Src/ausgabe.o: in function `Ausgabe_Process':
[...]
   16 | void read_sensors(int8_t *t1, int8_t *t2, int8_t *t3,
      |                   ~~~~~~~~^~
../Core/Src/main.c:282:28: warning: pointer targets in passing argument 2 of 'read_sensors' differ in signedness [-Wpointer-sign]
  282 |         read_sensors(&t1,  &t2, &t3, &h1, &h2, &h3, &adc12, &d1, &d2, &d3);
      |                            ^~~
      |                            |
      |                            uint8_t * {aka unsigned char *}
../Core/Inc/sensors.h:16:39: note: expected 'int8_t *' {aka 'signed char *'} but argument is of type 'uint8_t *' {aka 'unsigned char *'}
   16 | void read_sensors(int8_t *t1, int8_t *t2, int8_t *t3,
      |                               ~~~~~~~~^~
../Core/Src/main.c:282:33: warning: pointer targets in passing argument 3 of 'read_sensors' differ in signedness [-Wpointer-sign]
  282 |         read_sensors(&t1,  &t2, &t3, &h1, &h2, &h3, &adc12, &d1, &d2, &d3);
      |                                 ^~~
      |                                 |
      |                                 uint8_t * {aka unsigned char *}
../Core/Inc/sensors.h:16:51: note: expected 'int8_t *' {aka 'signed char *'} but argument is of type 'uint8_t *' {aka 'unsigned char *'}
   16 | void read_sensors(int8_t *t1, int8_t *t2, int8_t *t3,
      |                                           ~~~~~~~~^~
../Core/Src/main.c:282:38: warning: pointer targets in passing argument 4 of 'read_sensors' differ in signedness [-Wpointer-sign]
  282 |         read_sensors(&t1,  &t2, &t3, &h1, &h2, &h3, &adc12, &d1, &d2, &d3);
      |                                      ^~~
      |                                      |
      |                                      uint8_t * {aka unsigned char *}
../Core/Inc/sensors.h:17:27: note: expected 'int8_t *' {aka 'signed char *'} but argument is of type 'uint8_t *' {aka 'unsigned char *'}
   17 |                   int8_t *h1, int8_t *h2, int8_t *h3,
      |                   ~~~~~~~~^~
../Core/Src/main.c:282:43: warning: pointer targets in passing argument 5 of 'read_sensors' differ in signedness [-Wpointer-sign]
  282 |         read_sensors(&t1,  &t2, &t3, &h1, &h2, &h3, &adc12, &d1, &d2, &d3);
      |                                           ^~~
      |                                           |
      |                                           uint8_t * {aka unsigned char *}
../Core/Inc/sensors.h:17:39: note: expected 'int8_t *' {aka 'signed char *'} but argument is of type 'uint8_t *' {aka 'unsigned char *'}
   17 |                   int8_t *h1, int8_t *h2, int8_t *h3,
      |                               ~~~~~~~~^~
../Core/Src/main.c:282:48: warning: pointer targets in passing argument 6 of 'read_sensors' differ in signedness [-Wpointer-sign]
  282 |         read_sensors(&t1,  &t2, &t3, &h1, &h2, &h3, &adc12, &d1, &d2, &d3);
      |                                                ^~~
      |                                                |
      |                                                uint8_t * {aka unsigned char *}
../Core/Inc/sensors.h:17:51: note: expected 'int8_t *' {aka 'signed char *'} but argument is of type 'uint8_t *' {aka 'unsigned char *'}
   17 |                   int8_t *h1, int8_t *h2, int8_t *h3,
      |                                           ~~~~~~~~^~
../Core/Src/main.c: In function 'DebugUART':
../Core/Src/main.c:302:23: warning: format '%u' expects argument of type 'unsigned int', but argument 2 has type 'uint32_t' {aka 'long unsigned int'} [-Wformat=]
  302 |         printf("time=%u\t",ts32);
      |                      ~^    ~~~~
      |                       |    |
      |                       |    uint32_t {aka long unsigned int}
      |                       unsigned int
      |                      %lu
../Core/Src/main.c:318:47: warning: comparison between 'DHT11_Status' and 'enum <anonymous>' [-Wenum-compare]
  318 |                                     if (s_adc == HAL_OK)
      |                                               ^~
arm-none-eabi-gcc -o "Temperatur.elf" @"objects.list"   -mcpu=cortex-m4 -T"/home/ernst/Documents/Studium/BA/Temperatur/STM32L432KCUX_FLASH.ld" --specs=nosys.specs -Wl,-Map="Temperatur.map" -Wl,--gc-sections -static -u _printf_float --specs=nano.specs -mfpu=fpv4-sp-d16 -mfloat-abi=hard -mthumb -Wl,--start-group -lc -lm -Wl,--end-group
Finished building target: Temperatur.elf
 
arm-none-eabi-size  Temperatur.elf 
arm-none-eabi-objdump -h -S Temperatur.elf  > "Temperatur.list"
   text	   data	    bss	    dec	    hex	filename
  48272	    528	   6688	  55488	   d8c0	Temperatur.elf
Finished building: default.size.stdout
 
Finished building: Temperatur.list
 
15:34:12 **** Incremental Build of configuration Debug for project Temperatur ****
make -j8 all 
arm-none-eabi-gcc "../Core/Src/main.c" -mcpu=cortex-m4 -std=gnu11 -g3 -DDEBUG -DUSE_HAL_DRIVER -DSTM32L432xx -c -I../Core/Inc -I../Drivers/STM32L4xx_HAL_Driver/Inc -I../Drivers/STM32L4xx_HAL_Driver/Inc/Legacy -I../Drivers/CMSIS/Device/ST/STM32L4xx/Include -I../Drivers/CMSIS/Include -O0 -ffunction-sections -fdata-sections -Wall -fstack-usage -fcyclomatic-complexity -MMD -MP -MF"Core/Src/main.d" -MT"Core/Src/main.o" --specs=nano.specs -mfpu=fpv4-sp-d16 -mfloat-abi=hard -mthumb -o "Core/Src/main.o"
In file included from ../Core/Inc/ausgabe.h:12,
                 from ../Core/Src/main.c:31:
../Core/Inc/save.h:13: warning: "FLASH_PAGE_SIZE" redefined
   13 | #define FLASH_PAGE_SIZE     2048u
      | 
In file included from ../Core/Inc/stm32l4xx_hal_conf.h:330,
                 from ../Drivers/STM32L4xx_HAL_Driver/Inc/stm32l4xx_hal.h:29,
                 from ../Core/Inc/main.h:30,
                 from ../Core/Src/main.c:20:
../Drivers/STM32L4xx_HAL_Driver/Inc/stm32l4xx_hal_flash.h:855: note: this is the location of the previous definition
  855 | #define FLASH_PAGE_SIZE                    ((uint32_t)0x800)
      | 
../Core/Src/main.c: In function 'main':
../Core/Src/main.c:128:45: warning: implicit declaration of function 'strlen' [-Wimplicit-function-declaration]
  128 |   HAL_UART_Transmit(&huart2, (uint8_t*)msg, strlen(msg), HAL_MAX_DELAY);
      |                                             ^~~~~~
../Core/Src/main.c:33:1: note: include '<string.h>' or provide a declaration of 'strlen'
   32 | #include "sensors.h"
  +++ |+#include <string.h>
   33 | /* USER CODE END Includes */
../Core/Src/main.c:128:45: warning: incompatible implicit declaration of built-in function 'strlen' [-Wbuiltin-declaration-mismatch]
  128 |   HAL_UART_Transmit(&huart2, (uint8_t*)msg, strlen(msg), HAL_MAX_DELAY);
      |                                             ^~~~~~
../Core/Src/main.c:128:45: note: include '<string.h>' or provide a declaration of 'strlen'
../Core/Src/main.c:139:19: warning: implicit declaration of function 'Save_GetSessionFlag' [-Wimplicit-function-declaration]
  139 |   uint16_t flag = Save_GetSessionFlag();
      |                   ^~~~~~~~~~~~~~~~~~~
../Core/Src/main.c: In function 'ReadSave':
../Core/Src/main.c:285:22: warning: pointer targets in passing argument 1 of 'read_sensors' differ in signedness [-Wpointer-sign]
  285 |         read_sensors(&t1,  &t2, &t3, &h1, &h2, &h3, &adc12, &d1, &d2, &d3);
      |                      ^~~
      |                      |
      |                      uint8_t * {aka unsigned char *}
In file included from ../Core/Src/main.c:32:
../Core/Inc/sensors.h:16:27: note: expected 'int8_t *' {aka 'signed char *'} but argument is of type 'uint8_t *' {aka 'unsigned char *'}
   16 | void read_sensors(int8_t *t1, int8_t *t2, int8_t *t3,
      |                   ~~~~~~~~^~
../Core/Src/main.c:285:28: warning: pointer targets in passing argument 2 of 'read_sensors' differ in signedness [-Wpointer-sign]
  285 |         read_sensors(&t1,  &t2, &t3, &h1, &h2, &h3, &adc12, &d1, &d2, &d3);
      |                            ^~~
      |                            |
      |                            uint8_t * {aka unsigned char *}
../Core/Inc/sensors.h:16:39: note: expected 'int8_t *' {aka 'signed char *'} but argument is of type 'uint8_t *' {aka 'unsigned char *'}
   16 | void read_sensors(int8_t *t1, int8_t *t2, int8_t *t3,
      |                               ~~~~~~~~^~
../Core/Src/main.c:285:33: warning: pointer targets in passing argument 3 of 'read_sensors' differ in signedness [-Wpointer-sign]
  285 |         read_sensors(&t1,  &t2, &t3, &h1, &h2, &h3, &adc12, &d1, &d2, &d3);
      |                                 ^~~
      |                                 |
      |                                 uint8_t * {aka unsigned char *}
../Core/Inc/sensors.h:16:51: note: expected 'int8_t *' {aka 'signed char *'} but argument is of type 'uint8_t *' {aka 'unsigned char *'}
   16 | void read_sensors(int8_t *t1, int8_t *t2, int8_t *t3,
      |                                           ~~~~~~~~^~
../Core/Src/main.c:285:38: warning: pointer targets in passing argument 4 of 'read_sensors' differ in signedness [-Wpointer-sign]
  285 |         read_sensors(&t1,  &t2, &t3, &h1, &h2, &h3, &adc12, &d1, &d2, &d3);
      |                                      ^~~
      |                                      |
      |                                      uint8_t * {aka unsigned char *}
../Core/Inc/sensors.h:17:27: note: expected 'int8_t *' {aka 'signed char *'} but argument is of type 'uint8_t *' {aka 'unsigned char *'}
   17 |                   int8_t *h1, int8_t *h2, int8_t *h3,
      |                   ~~~~~~~~^~
../Core/Src/main.c:285:43: warning: pointer targets in passing argument 5 of 'read_sensors' differ in signedness [-Wpointer-sign]
  285 |         read_sensors(&t1,  &t2, &t3, &h1, &h2, &h3, &adc12, &d1, &d2, &d3);
      |                                           ^~~
      |                                           |
      |                                           uint8_t * {aka unsigned char *}
../Core/Inc/sensors.h:17:39: note: expected 'int8_t *' {aka 'signed char *'} but argument is of type 'uint8_t *' {aka 'unsigned char *'}
   17 |                   int8_t *h1, int8_t *h2, int8_t *h3,
      |                               ~~~~~~~~^~
../Core/Src/main.c:285:48: warning: pointer targets in passing argument 6 of 'read_sensors' differ in signedness [-Wpointer-sign]
  285 |         read_sensors(&t1,  &t2, &t3, &h1, &h2, &h3, &adc12, &d1, &d2, &d3);
      |                                                ^~~
      |                                                |
      |                                                uint8_t * {aka unsigned char *}
../Core/Inc/sensors.h:17:51: note: expected 'int8_t *' {aka 'signed char *'} but argument is of type 'uint8_t *' {aka 'unsigned char *'}
   17 |                   int8_t *h1, int8_t *h2, int8_t *h3,
      |                                           ~~~~~~~~^~
../Core/Src/main.c: In function 'DebugUART':
../Core/Src/main.c:305:23: warning: format '%u' expects argument of type 'unsigned int', but argument 2 has type 'uint32_t' {aka 'long unsigned int'} [-Wformat=]
  305 |         printf("time=%u\t",ts32);
      |                      ~^    ~~~~
      |                       |    |
      |                       |    uint32_t {aka long unsigned int}
      |                       unsigned int
      |                      %lu
../Core/Src/main.c:321:47: warning: comparison between 'DHT11_Status' and 'enum <anonymous>' [-Wenum-compare]
  321 |                                     if (s_adc == HAL_OK)
      |                                               ^~
arm-none-eabi-gcc -o "Temperatur.elf" @"objects.list"   -mcpu=cortex-m4 -T"/home/ernst/Documents/Studium/BA/Temperatur/STM32L432KCUX_FLASH.ld" --specs=nosys.specs -Wl,-Map="Temperatur.map" -Wl,--gc-sections -static -u _printf_float --specs=nano.specs -mfpu=fpv4-sp-d16 -mfloat-abi=hard -mthumb -Wl,--start-group -lc -lm -Wl,--end-group
Finished building target: Temperatur.elf
 
arm-none-eabi-size  Temperatur.elf 
arm-none-eabi-objdump -h -S Temperatur.elf  > "Temperatur.list"
   text	   data	    bss	    dec	    hex	filename
  48296	    528	   6688	  55512	   d8d8	Temperatur.elf
Finished building: default.size.stdout
 
Finished building: Temperatur.list
 
11:22:53 **** Incremental Build of configuration Debug for project Temperatur ****
make -j8 all 
arm-none-eabi-gcc "../Core/Src/main.c" -mcpu=cortex-m4 -std=gnu11 -g3 -DDEBUG -DUSE_HAL_DRIVER -DSTM32L432xx -c -I../Core/Inc -I../Drivers/STM32L4xx_HAL_Driver/Inc -I../Drivers/STM32L4xx_HAL_Driver/Inc/Legacy -I../Drivers/CMSIS/Device/ST/STM32L4xx/Include -I../Drivers/CMSIS/Include -O0 -ffunction-sections -fdata-sections -Wall -fstack-usage -fcyclomatic-complexity -MMD -MP -MF"Core/Src/main.d" -MT"Core/Src/main.o" --specs=nano.specs -mfpu=fpv4-sp-d16 -mfloat-abi=hard -mthumb -o "Core/Src/main.o"
In file included from ../Core/Inc/ausgabe.h:12,
                 from ../Core/Src/main.c:31:
../Core/Inc/save.h:13: warning: "FLASH_PAGE_SIZE" redefined
   13 | #define FLASH_PAGE_SIZE     2048u
      | 
In file included from ../Core/Inc/stm32l4xx_hal_conf.h:330,
                 from ../Drivers/STM32L4xx_HAL_Driver/Inc/stm32l4xx_hal.h:29,
                 from ../Core/Inc/main.h:30,
                 from ../Core/Src/main.c:20:
../Drivers/STM32L4xx_HAL_Driver/Inc/stm32l4xx_hal_flash.h:855: note: this is the location of the previous definition
  855 | #define FLASH_PAGE_SIZE                    ((uint32_t)0x800)
      | 
../Core/Src/main.c: In function 'main':
../Core/Src/main.c:128:45: warning: implicit declaration of function 'strlen' [-Wimplicit-function-declaration]
  128 |   HAL_UART_Transmit(&huart2, (uint8_t*)msg, strlen(msg), HAL_MAX_DELAY);
      |                                             ^~~~~~
../Core/Src/main.c:33:1: note: include '<string.h>' or provide a declaration of 'strlen'
   32 | #include "sensors.h"
  +++ |+#include <string.h>
   33 | /* USER CODE END Includes */
../Core/Src/main.c:128:45: warning: incompatible implicit declaration of built-in function 'strlen' [-Wbuiltin-declaration-mismatch]
  128 |   HAL_UART_Transmit(&huart2, (uint8_t*)msg, strlen(msg), HAL_MAX_DELAY);
      |                                             ^~~~~~
../Core/Src/main.c:128:45: note: include '<string.h>' or provide a declaration of 'strlen'
../Core/Src/main.c:139:19: warning: implicit declaration of function 'Save_GetSessionFlag' [-Wimplicit-function-declaration]
  139 |   uint16_t flag = Save_GetSessionFlag();
      |                   ^~~~~~~~~~~~~~~~~~~
../Core/Src/main.c: In function 'ReadSave':
../Core/Src/main.c:285:22: warning: pointer targets in passing argument 1 of 'read_sensors' differ in signedness [-Wpointer-sign]
  285 |         read_sensors(&t1,  &t2, &t3, &h1, &h2, &h3, &adc12, &d1, &d2, &d3);
      |                      ^~~
      |                      |
      |                      uint8_t * {aka unsigned char *}
In file included from ../Core/Src/main.c:32:
../Core/Inc/sensors.h:16:27: note: expected 'int8_t *' {aka 'signed char *'} but argument is of type 'uint8_t *' {aka 'unsigned char *'}
   16 | void read_sensors(int8_t *t1, int8_t *t2, int8_t *t3,
      |                   ~~~~~~~~^~
../Core/Src/main.c:285:28: warning: pointer targets in passing argument 2 of 'read_sensors' differ in signedness [-Wpointer-sign]
  285 |         read_sensors(&t1,  &t2, &t3, &h1, &h2, &h3, &adc12, &d1, &d2, &d3);
      |                            ^~~
      |                            |
      |                            uint8_t * {aka unsigned char *}
../Core/Inc/sensors.h:16:39: note: expected 'int8_t *' {aka 'signed char *'} but argument is of type 'uint8_t *' {aka 'unsigned char *'}
   16 | void read_sensors(int8_t *t1, int8_t *t2, int8_t *t3,
      |                               ~~~~~~~~^~
../Core/Src/main.c:285:33: warning: pointer targets in passing argument 3 of 'read_sensors' differ in signedness [-Wpointer-sign]
  285 |         read_sensors(&t1,  &t2, &t3, &h1, &h2, &h3, &adc12, &d1, &d2, &d3);
      |                                 ^~~
      |                                 |
      |                                 uint8_t * {aka unsigned char *}
../Core/Inc/sensors.h:16:51: note: expected 'int8_t *' {aka 'signed char *'} but argument is of type 'uint8_t *' {aka 'unsigned char *'}
   16 | void read_sensors(int8_t *t1, int8_t *t2, int8_t *t3,
      |                                           ~~~~~~~~^~
../Core/Src/main.c:285:38: warning: pointer targets in passing argument 4 of 'read_sensors' differ in signedness [-Wpointer-sign]
  285 |         read_sensors(&t1,  &t2, &t3, &h1, &h2, &h3, &adc12, &d1, &d2, &d3);
      |                                      ^~~
      |                                      |
      |                                      uint8_t * {aka unsigned char *}
../Core/Inc/sensors.h:17:27: note: expected 'int8_t *' {aka 'signed char *'} but argument is of type 'uint8_t *' {aka 'unsigned char *'}
   17 |                   int8_t *h1, int8_t *h2, int8_t *h3,
      |                   ~~~~~~~~^~
../Core/Src/main.c:285:43: warning: pointer targets in passing argument 5 of 'read_sensors' differ in signedness [-Wpointer-sign]
  285 |         read_sensors(&t1,  &t2, &t3, &h1, &h2, &h3, &adc12, &d1, &d2, &d3);
      |                                           ^~~
      |                                           |
      |                                           uint8_t * {aka unsigned char *}
../Core/Inc/sensors.h:17:39: note: expected 'int8_t *' {aka 'signed char *'} but argument is of type 'uint8_t *' {aka 'unsigned char *'}
   17 |                   int8_t *h1, int8_t *h2, int8_t *h3,
      |                               ~~~~~~~~^~
../Core/Src/main.c:285:48: warning: pointer targets in passing argument 6 of 'read_sensors' differ in signedness [-Wpointer-sign]
  285 |         read_sensors(&t1,  &t2, &t3, &h1, &h2, &h3, &adc12, &d1, &d2, &d3);
      |                                                ^~~
      |                                                |
      |                                                uint8_t * {aka unsigned char *}
../Core/Inc/sensors.h:17:51: note: expected 'int8_t *' {aka 'signed char *'} but argument is of type 'uint8_t *' {aka 'unsigned char *'}
   17 |                   int8_t *h1, int8_t *h2, int8_t *h3,
      |                                           ~~~~~~~~^~
../Core/Src/main.c: In function 'DebugUART':
../Core/Src/main.c:305:23: warning: format '%u' expects argument of type 'unsigned int', but argument 2 has type 'uint32_t' {aka 'long unsigned int'} [-Wformat=]
  305 |         printf("time=%u\t",ts32);
      |                      ~^    ~~~~
      |                       |    |
      |                       |    uint32_t {aka long unsigned int}
      |                       unsigned int
      |                      %lu
../Core/Src/main.c:321:47: warning: comparison between 'DHT11_Status' and 'enum <anonymous>' [-Wenum-compare]
  321 |                                     if (s_adc == HAL_OK)
      |                                               ^~
arm-none-eabi-gcc -o "Temperatur.elf" @"objects.list"   -mcpu=cortex-m4 -T"/home/ernst/Documents/Studium/BA/Temperatur/STM32L432KCUX_FLASH.ld" --specs=nosys.specs -Wl,-Map="Temperatur.map" -Wl,--gc-sections -static -u _printf_float --specs=nano.specs -mfpu=fpv4-sp-d16 -mfloat-abi=hard -mthumb -Wl,--start-group -lc -lm -Wl,--end-group
Finished building target: Temperatur.elf
 
arm-none-eabi-size  Temperatur.elf 
arm-none-eabi-objdump -h -S Temperatur.elf  > "Temperatur.list"
   text	   data	    bss	    dec	    hex	filename
  48296	    528	   6688	  55512	   d8d8	Temperatur.elf
Finished building: default.size.stdout
 
Finished building: Temperatur.list
 
11:23:11 **** Incremental Build of configuration Debug for project Temperatur ****
make -j8 all 
arm-none-eabi-size  Temperatur.elf 
   text	   data	    bss	    dec	    hex	filename
  48296	    528	   6688	  55512	   d8d8	Temperatur.elf
Finished building: default.size.stdout
 
