../Core/Src/save.c:37:24:page_index_to_addr	16	static
../Core/Src/save.c:41:12:page_is_erased	24	static
../Core/Src/save.c:49:26:erase_page	40	static
../Core/Src/save.c:61:26:program_doubleword	32	static
../Core/Src/save.c:70:17:generate_session_flag	16	static
../Core/Src/save.c:84:17:find_start_page	16	static
../Core/Src/save.c:92:26:flush_page	48	static
../Core/Src/save.c:138:6:Save_Init	8	static
../Core/Src/save.c:149:19:Save_Append	16	static
../Core/Src/save.c:156:19:save_push_from_main_ts	40	static
../Core/Src/save.c:169:19:Save_Flush	8	static
../Core/Src/save.c:175:10:Save_GetSessionFlag	4	static
../Core/Src/save.c:176:10:Save_GetStartPageIndex	4	static
../Core/Src/save.c:177:10:Save_GetNumPages	4	static
../Core/Src/save.c:178:10:Save_GetPageAddr	16	static
../Core/Src/save.c:179:10:Save_GetRecordsPerPage	4	static
../Core/Src/save.c:182:5:Save_ReadPageHeader	32	static
../Core/Src/save.c:190:5:Save_ReadRecord	32	static
../Core/Src/save.c:197:5:Save_RecordIsEmpty	16	static
