../Core/Src/syscalls.c:47:6:initialise_monitor_handles	4	static
../Core/Src/syscalls.c:51:5:_getpid	4	static
../Core/Src/syscalls.c:56:5:_kill	16	static
/opt/st/stm32cubeide_1.19.0/plugins/com.st.stm32cube.ide.mcu.externaltools.gnu-tools-for-stm32.13.3.rel1.linux64_1.0.0.202410170706/tools/arm-none-eabi/include/sys/unistd.h:18:6:_exit	16	static
../Core/Src/syscalls.c:70:27:_read	32	static
../Core/Src/syscalls.c:83:27:_write	32	static
../Core/Src/syscalls.c:95:5:__io_putchar	24	static
../Core/Src/syscalls.c:109:5:_close	16	static
../Core/Src/syscalls.c:116:5:_fstat	16	static
../Core/Src/syscalls.c:123:5:_isatty	16	static
../Core/Src/syscalls.c:129:5:_lseek	24	static
../Core/Src/syscalls.c:137:5:_open	12	static
../Core/Src/syscalls.c:145:5:_wait	16	static
../Core/Src/syscalls.c:152:5:_unlink	16	static
../Core/Src/syscalls.c:159:5:_times	16	static
../Core/Src/syscalls.c:165:5:_stat	16	static
../Core/Src/syscalls.c:172:5:_link	16	static
../Core/Src/syscalls.c:180:5:_fork	8	static
../Core/Src/syscalls.c:186:5:_execve	24	static
