14:30:53 **** Incremental Build of configuration Debug for project Temperatur ****
make -j8 all 
arm-none-eabi-gcc "../Drivers/STM32L4xx_HAL_Driver/Src/stm32l4xx_hal.c" -mcpu=cortex-m4 -std=gnu11 -g3 -DDEBUG -DUSE_HAL_DRIVER -DSTM32L432xx -c -I../Core/Inc -I../Drivers/STM32L4xx_HAL_Driver/Inc -I../Drivers/STM32L4xx_HAL_Driver/Inc/Legacy -I../Drivers/CMSIS/Device/ST/STM32L4xx/Include -I../Drivers/CMSIS/Include -O0 -ffunction-sections -fdata-sections -Wall -fstack-usage -fcyclomatic-complexity -MMD -MP -MF"Drivers/STM32L4xx_HAL_Driver/Src/stm32l4xx_hal.d" -MT"Drivers/STM32L4xx_HAL_Driver/Src/stm32l4xx_hal.o" --specs=nano.specs -mfpu=fpv4-sp-d16 -mfloat-abi=hard -mthumb -o "Drivers/STM32L4xx_HAL_Driver/Src/stm32l4xx_hal.o"
arm-none-eabi-gcc "../Drivers/STM32L4xx_HAL_Driver/Src/stm32l4xx_hal_cortex.c" -mcpu=cortex-m4 -std=gnu11 -g3 -DDEBUG -DUSE_HAL_DRIVER -DSTM32L432xx -c -I../Core/Inc -I../Drivers/STM32L4xx_HAL_Driver/Inc -I../Drivers/STM32L4xx_HAL_Driver/Inc/Legacy -I../Drivers/CMSIS/Device/ST/STM32L4xx/Include -I../Drivers/CMSIS/Include -O0 -ffunction-sections -fdata-sections -Wall -fstack-usage -fcyclomatic-complexity -MMD -MP -MF"Drivers/STM32L4xx_HAL_Driver/Src/stm32l4xx_hal_cortex.d" -MT"Drivers/STM32L4xx_HAL_Driver/Src/stm32l4xx_hal_cortex.o" --specs=nano.specs -mfpu=fpv4-sp-d16 -mfloat-abi=hard -mthumb -o "Drivers/STM32L4xx_HAL_Driver/Src/stm32l4xx_hal_cortex.o"
arm-none-eabi-gcc "../Drivers/STM32L4xx_HAL_Driver/Src/stm32l4xx_hal_dma.c" -mcpu=cortex-m4 -std=gnu11 -g3 -DDEBUG -DUSE_HAL_DRIVER -DSTM32L432xx -c -I../Core/Inc -I../Drivers/STM32L4xx_HAL_Driver/Inc -I../Drivers/STM32L4xx_HAL_Driver/Inc/Legacy -I../Drivers/CMSIS/Device/ST/STM32L4xx/Include -I../Drivers/CMSIS/Include -O0 -ffunction-sections -fdata-sections -Wall -fstack-usage -fcyclomatic-complexity -MMD -MP -MF"Drivers/STM32L4xx_HAL_Driver/Src/stm32l4xx_hal_dma.d" -MT"Drivers/STM32L4xx_HAL_Driver/Src/stm32l4xx_hal_dma.o" --specs=nano.specs -mfpu=fpv4-sp-d16 -mfloat-abi=hard -mthumb -o "Drivers/STM32L4xx_HAL_Driver/Src/stm32l4xx_hal_dma.o"
arm-none-eabi-gcc "../Drivers/STM32L4xx_HAL_Driver/Src/stm32l4xx_hal_dma_ex.c" -mcpu=cortex-m4 -std=gnu11 -g3 -DDEBUG -DUSE_HAL_DRIVER -DSTM32L432xx -c -I../Core/Inc -I../Drivers/STM32L4xx_HAL_Driver/Inc -I../Drivers/STM32L4xx_HAL_Driver/Inc/Legacy -I../Drivers/CMSIS/Device/ST/STM32L4xx/Include -I../Drivers/CMSIS/Include -O0 -ffunction-sections -fdata-sections -Wall -fstack-usage -fcyclomatic-complexity -MMD -MP -MF"Drivers/STM32L4xx_HAL_Driver/Src/stm32l4xx_hal_dma_ex.d" -MT"Drivers/STM32L4xx_HAL_Driver/Src/stm32l4xx_hal_dma_ex.o" --specs=nano.specs -mfpu=fpv4-sp-d16 -mfloat-abi=hard -mthumb -o "Drivers/STM32L4xx_HAL_Driver/Src/stm32l4xx_hal_dma_ex.o"
arm-none-eabi-gcc "../Drivers/STM32L4xx_HAL_Driver/Src/stm32l4xx_hal_exti.c" -mcpu=cortex-m4 -std=gnu11 -g3 -DDEBUG -DUSE_HAL_DRIVER -DSTM32L432xx -c -I../Core/Inc -I../Drivers/STM32L4xx_HAL_Driver/Inc -I../Drivers/STM32L4xx_HAL_Driver/Inc/Legacy -I../Drivers/CMSIS/Device/ST/STM32L4xx/Include -I../Drivers/CMSIS/Include -O0 -ffunction-sections -fdata-sections -Wall -fstack-usage -fcyclomatic-complexity -MMD -MP -MF"Drivers/STM32L4xx_HAL_Driver/Src/stm32l4xx_hal_exti.d" -MT"Drivers/STM32L4xx_HAL_Driver/Src/stm32l4xx_hal_exti.o" --specs=nano.specs -mfpu=fpv4-sp-d16 -mfloat-abi=hard -mthumb -o "Drivers/STM32L4xx_HAL_Driver/Src/stm32l4xx_hal_exti.o"
arm-none-eabi-gcc "../Drivers/STM32L4xx_HAL_Driver/Src/stm32l4xx_hal_flash.c" -mcpu=cortex-m4 -std=gnu11 -g3 -DDEBUG -DUSE_HAL_DRIVER -DSTM32L432xx -c -I../Core/Inc -I../Drivers/STM32L4xx_HAL_Driver/Inc -I../Drivers/STM32L4xx_HAL_Driver/Inc/Legacy -I../Drivers/CMSIS/Device/ST/STM32L4xx/Include -I../Drivers/CMSIS/Include -O0 -ffunction-sections -fdata-sections -Wall -fstack-usage -fcyclomatic-complexity -MMD -MP -MF"Drivers/STM32L4xx_HAL_Driver/Src/stm32l4xx_hal_flash.d" -MT"Drivers/STM32L4xx_HAL_Driver/Src/stm32l4xx_hal_flash.o" --specs=nano.specs -mfpu=fpv4-sp-d16 -mfloat-abi=hard -mthumb -o "Drivers/STM32L4xx_HAL_Driver/Src/stm32l4xx_hal_flash.o"
arm-none-eabi-gcc "../Drivers/STM32L4xx_HAL_Driver/Src/stm32l4xx_hal_flash_ex.c" -mcpu=cortex-m4 -std=gnu11 -g3 -DDEBUG -DUSE_HAL_DRIVER -DSTM32L432xx -c -I../Core/Inc -I../Drivers/STM32L4xx_HAL_Driver/Inc -I../Drivers/STM32L4xx_HAL_Driver/Inc/Legacy -I../Drivers/CMSIS/Device/ST/STM32L4xx/Include -I../Drivers/CMSIS/Include -O0 -ffunction-sections -fdata-sections -Wall -fstack-usage -fcyclomatic-complexity -MMD -MP -MF"Drivers/STM32L4xx_HAL_Driver/Src/stm32l4xx_hal_flash_ex.d" -MT"Drivers/STM32L4xx_HAL_Driver/Src/stm32l4xx_hal_flash_ex.o" --specs=nano.specs -mfpu=fpv4-sp-d16 -mfloat-abi=hard -mthumb -o "Drivers/STM32L4xx_HAL_Driver/Src/stm32l4xx_hal_flash_ex.o"
arm-none-eabi-gcc "../Drivers/STM32L4xx_HAL_Driver/Src/stm32l4xx_hal_flash_ramfunc.c" -mcpu=cortex-m4 -std=gnu11 -g3 -DDEBUG -DUSE_HAL_DRIVER -DSTM32L432xx -c -I../Core/Inc -I../Drivers/STM32L4xx_HAL_Driver/Inc -I../Drivers/STM32L4xx_HAL_Driver/Inc/Legacy -I../Drivers/CMSIS/Device/ST/STM32L4xx/Include -I../Drivers/CMSIS/Include -O0 -ffunction-sections -fdata-sections -Wall -fstack-usage -fcyclomatic-complexity -MMD -MP -MF"Drivers/STM32L4xx_HAL_Driver/Src/stm32l4xx_hal_flash_ramfunc.d" -MT"Drivers/STM32L4xx_HAL_Driver/Src/stm32l4xx_hal_flash_ramfunc.o" --specs=nano.specs -mfpu=fpv4-sp-d16 -mfloat-abi=hard -mthumb -o "Drivers/STM32L4xx_HAL_Driver/Src/stm32l4xx_hal_flash_ramfunc.o"
arm-none-eabi-gcc "../Drivers/STM32L4xx_HAL_Driver/Src/stm32l4xx_hal_gpio.c" -mcpu=cortex-m4 -std=gnu11 -g3 -DDEBUG -DUSE_HAL_DRIVER -DSTM32L432xx -c -I../Core/Inc -I../Drivers/STM32L4xx_HAL_Driver/Inc -I../Drivers/STM32L4xx_HAL_Driver/Inc/Legacy -I../Drivers/CMSIS/Device/ST/STM32L4xx/Include -I../Drivers/CMSIS/Include -O0 -ffunction-sections -fdata-sections -Wall -fstack-usage -fcyclomatic-complexity -MMD -MP -MF"Drivers/STM32L4xx_HAL_Driver/Src/stm32l4xx_hal_gpio.d" -MT"Drivers/STM32L4xx_HAL_Driver/Src/stm32l4xx_hal_gpio.o" --specs=nano.specs -mfpu=fpv4-sp-d16 -mfloat-abi=hard -mthumb -o "Drivers/STM32L4xx_HAL_Driver/Src/stm32l4xx_hal_gpio.o"
arm-none-eabi-gcc "../Drivers/STM32L4xx_HAL_Driver/Src/stm32l4xx_hal_i2c.c" -mcpu=cortex-m4 -std=gnu11 -g3 -DDEBUG -DUSE_HAL_DRIVER -DSTM32L432xx -c -I../Core/Inc -I../Drivers/STM32L4xx_HAL_Driver/Inc -I../Drivers/STM32L4xx_HAL_Driver/Inc/Legacy -I../Drivers/CMSIS/Device/ST/STM32L4xx/Include -I../Drivers/CMSIS/Include -O0 -ffunction-sections -fdata-sections -Wall -fstack-usage -fcyclomatic-complexity -MMD -MP -MF"Drivers/STM32L4xx_HAL_Driver/Src/stm32l4xx_hal_i2c.d" -MT"Drivers/STM32L4xx_HAL_Driver/Src/stm32l4xx_hal_i2c.o" --specs=nano.specs -mfpu=fpv4-sp-d16 -mfloat-abi=hard -mthumb -o "Drivers/STM32L4xx_HAL_Driver/Src/stm32l4xx_hal_i2c.o"
arm-none-eabi-gcc "../Drivers/STM32L4xx_HAL_Driver/Src/stm32l4xx_hal_i2c_ex.c" -mcpu=cortex-m4 -std=gnu11 -g3 -DDEBUG -DUSE_HAL_DRIVER -DSTM32L432xx -c -I../Core/Inc -I../Drivers/STM32L4xx_HAL_Driver/Inc -I../Drivers/STM32L4xx_HAL_Driver/Inc/Legacy -I../Drivers/CMSIS/Device/ST/STM32L4xx/Include -I../Drivers/CMSIS/Include -O0 -ffunction-sections -fdata-sections -Wall -fstack-usage -fcyclomatic-complexity -MMD -MP -MF"Drivers/STM32L4xx_HAL_Driver/Src/stm32l4xx_hal_i2c_ex.d" -MT"Drivers/STM32L4xx_HAL_Driver/Src/stm32l4xx_hal_i2c_ex.o" --specs=nano.specs -mfpu=fpv4-sp-d16 -mfloat-abi=hard -mthumb -o "Drivers/STM32L4xx_HAL_Driver/Src/stm32l4xx_hal_i2c_ex.o"
arm-none-eabi-gcc "../Drivers/STM32L4xx_HAL_Driver/Src/stm32l4xx_hal_pwr.c" -mcpu=cortex-m4 -std=gnu11 -g3 -DDEBUG -DUSE_HAL_DRIVER -DSTM32L432xx -c -I../Core/Inc -I../Drivers/STM32L4xx_HAL_Driver/Inc -I../Drivers/STM32L4xx_HAL_Driver/Inc/Legacy -I../Drivers/CMSIS/Device/ST/STM32L4xx/Include -I../Drivers/CMSIS/Include -O0 -ffunction-sections -fdata-sections -Wall -fstack-usage -fcyclomatic-complexity -MMD -MP -MF"Drivers/STM32L4xx_HAL_Driver/Src/stm32l4xx_hal_pwr.d" -MT"Drivers/STM32L4xx_HAL_Driver/Src/stm32l4xx_hal_pwr.o" --specs=nano.specs -mfpu=fpv4-sp-d16 -mfloat-abi=hard -mthumb -o "Drivers/STM32L4xx_HAL_Driver/Src/stm32l4xx_hal_pwr.o"
arm-none-eabi-gcc "../Drivers/STM32L4xx_HAL_Driver/Src/stm32l4xx_hal_pwr_ex.c" -mcpu=cortex-m4 -std=gnu11 -g3 -DDEBUG -DUSE_HAL_DRIVER -DSTM32L432xx -c -I../Core/Inc -I../Drivers/STM32L4xx_HAL_Driver/Inc -I../Drivers/STM32L4xx_HAL_Driver/Inc/Legacy -I../Drivers/CMSIS/Device/ST/STM32L4xx/Include -I../Drivers/CMSIS/Include -O0 -ffunction-sections -fdata-sections -Wall -fstack-usage -fcyclomatic-complexity -MMD -MP -MF"Drivers/STM32L4xx_HAL_Driver/Src/stm32l4xx_hal_pwr_ex.d" -MT"Drivers/STM32L4xx_HAL_Driver/Src/stm32l4xx_hal_pwr_ex.o" --specs=nano.specs -mfpu=fpv4-sp-d16 -mfloat-abi=hard -mthumb -o "Drivers/STM32L4xx_HAL_Driver/Src/stm32l4xx_hal_pwr_ex.o"
arm-none-eabi-gcc "../Drivers/STM32L4xx_HAL_Driver/Src/stm32l4xx_hal_rcc.c" -mcpu=cortex-m4 -std=gnu11 -g3 -DDEBUG -DUSE_HAL_DRIVER -DSTM32L432xx -c -I../Core/Inc -I../Drivers/STM32L4xx_HAL_Driver/Inc -I../Drivers/STM32L4xx_HAL_Driver/Inc/Legacy -I../Drivers/CMSIS/Device/ST/STM32L4xx/Include -I../Drivers/CMSIS/Include -O0 -ffunction-sections -fdata-sections -Wall -fstack-usage -fcyclomatic-complexity -MMD -MP -MF"Drivers/STM32L4xx_HAL_Driver/Src/stm32l4xx_hal_rcc.d" -MT"Drivers/STM32L4xx_HAL_Driver/Src/stm32l4xx_hal_rcc.o" --specs=nano.specs -mfpu=fpv4-sp-d16 -mfloat-abi=hard -mthumb -o "Drivers/STM32L4xx_HAL_Driver/Src/stm32l4xx_hal_rcc.o"
arm-none-eabi-gcc "../Drivers/STM32L4xx_HAL_Driver/Src/stm32l4xx_hal_rcc_ex.c" -mcpu=cortex-m4 -std=gnu11 -g3 -DDEBUG -DUSE_HAL_DRIVER -DSTM32L432xx -c -I../Core/Inc -I../Drivers/STM32L4xx_HAL_Driver/Inc -I../Drivers/STM32L4xx_HAL_Driver/Inc/Legacy -I../Drivers/CMSIS/Device/ST/STM32L4xx/Include -I../Drivers/CMSIS/Include -O0 -ffunction-sections -fdata-sections -Wall -fstack-usage -fcyclomatic-complexity -MMD -MP -MF"Drivers/STM32L4xx_HAL_Driver/Src/stm32l4xx_hal_rcc_ex.d" -MT"Drivers/STM32L4xx_HAL_Driver/Src/stm32l4xx_hal_rcc_ex.o" --specs=nano.specs -mfpu=fpv4-sp-d16 -mfloat-abi=hard -mthumb -o "Drivers/STM32L4xx_HAL_Driver/Src/stm32l4xx_hal_rcc_ex.o"
arm-none-eabi-gcc "../Drivers/STM32L4xx_HAL_Driver/Src/stm32l4xx_hal_uart.c" -mcpu=cortex-m4 -std=gnu11 -g3 -DDEBUG -DUSE_HAL_DRIVER -DSTM32L432xx -c -I../Core/Inc -I../Drivers/STM32L4xx_HAL_Driver/Inc -I../Drivers/STM32L4xx_HAL_Driver/Inc/Legacy -I../Drivers/CMSIS/Device/ST/STM32L4xx/Include -I../Drivers/CMSIS/Include -O0 -ffunction-sections -fdata-sections -Wall -fstack-usage -fcyclomatic-complexity -MMD -MP -MF"Drivers/STM32L4xx_HAL_Driver/Src/stm32l4xx_hal_uart.d" -MT"Drivers/STM32L4xx_HAL_Driver/Src/stm32l4xx_hal_uart.o" --specs=nano.specs -mfpu=fpv4-sp-d16 -mfloat-abi=hard -mthumb -o "Drivers/STM32L4xx_HAL_Driver/Src/stm32l4xx_hal_uart.o"
arm-none-eabi-gcc "../Drivers/STM32L4xx_HAL_Driver/Src/stm32l4xx_hal_uart_ex.c" -mcpu=cortex-m4 -std=gnu11 -g3 -DDEBUG -DUSE_HAL_DRIVER -DSTM32L432xx -c -I../Core/Inc -I../Drivers/STM32L4xx_HAL_Driver/Inc -I../Drivers/STM32L4xx_HAL_Driver/Inc/Legacy -I../Drivers/CMSIS/Device/ST/STM32L4xx/Include -I../Drivers/CMSIS/Include -O0 -ffunction-sections -fdata-sections -Wall -fstack-usage -fcyclomatic-complexity -MMD -MP -MF"Drivers/STM32L4xx_HAL_Driver/Src/stm32l4xx_hal_uart_ex.d" -MT"Drivers/STM32L4xx_HAL_Driver/Src/stm32l4xx_hal_uart_ex.o" --specs=nano.specs -mfpu=fpv4-sp-d16 -mfloat-abi=hard -mthumb -o "Drivers/STM32L4xx_HAL_Driver/Src/stm32l4xx_hal_uart_ex.o"
arm-none-eabi-gcc "../Core/Src/delay_us.c" -mcpu=cortex-m4 -std=gnu11 -g3 -DDEBUG -DUSE_HAL_DRIVER -DSTM32L432xx -c -I../Core/Inc -I../Drivers/STM32L4xx_HAL_Driver/Inc -I../Drivers/STM32L4xx_HAL_Driver/Inc/Legacy -I../Drivers/CMSIS/Device/ST/STM32L4xx/Include -I../Drivers/CMSIS/Include -O0 -ffunction-sections -fdata-sections -Wall -fstack-usage -fcyclomatic-complexity -MMD -MP -MF"Core/Src/delay_us.d" -MT"Core/Src/delay_us.o" --specs=nano.specs -mfpu=fpv4-sp-d16 -mfloat-abi=hard -mthumb -o "Core/Src/delay_us.o"
arm-none-eabi-gcc "../Core/Src/dht11.c" -mcpu=cortex-m4 -std=gnu11 -g3 -DDEBUG -DUSE_HAL_DRIVER -DSTM32L432xx -c -I../Core/Inc -I../Drivers/STM32L4xx_HAL_Driver/Inc -I../Drivers/STM32L4xx_HAL_Driver/Inc/Legacy -I../Drivers/CMSIS/Device/ST/STM32L4xx/Include -I../Drivers/CMSIS/Include -O0 -ffunction-sections -fdata-sections -Wall -fstack-usage -fcyclomatic-complexity -MMD -MP -MF"Core/Src/dht11.d" -MT"Core/Src/dht11.o" --specs=nano.specs -mfpu=fpv4-sp-d16 -mfloat-abi=hard -mthumb -o "Core/Src/dht11.o"
arm-none-eabi-gcc "../Core/Src/gpio.c" -mcpu=cortex-m4 -std=gnu11 -g3 -DDEBUG -DUSE_HAL_DRIVER -DSTM32L432xx -c -I../Core/Inc -I../Drivers/STM32L4xx_HAL_Driver/Inc -I../Drivers/STM32L4xx_HAL_Driver/Inc/Legacy -I../Drivers/CMSIS/Device/ST/STM32L4xx/Include -I../Drivers/CMSIS/Include -O0 -ffunction-sections -fdata-sections -Wall -fstack-usage -fcyclomatic-complexity -MMD -MP -MF"Core/Src/gpio.d" -MT"Core/Src/gpio.o" --specs=nano.specs -mfpu=fpv4-sp-d16 -mfloat-abi=hard -mthumb -o "Core/Src/gpio.o"
arm-none-eabi-gcc "../Core/Src/main.c" -mcpu=cortex-m4 -std=gnu11 -g3 -DDEBUG -DUSE_HAL_DRIVER -DSTM32L432xx -c -I../Core/Inc -I../Drivers/STM32L4xx_HAL_Driver/Inc -I../Drivers/STM32L4xx_HAL_Driver/Inc/Legacy -I../Drivers/CMSIS/Device/ST/STM32L4xx/Include -I../Drivers/CMSIS/Include -O0 -ffunction-sections -fdata-sections -Wall -fstack-usage -fcyclomatic-complexity -MMD -MP -MF"Core/Src/main.d" -MT"Core/Src/main.o" --specs=nano.specs -mfpu=fpv4-sp-d16 -mfloat-abi=hard -mthumb -o "Core/Src/main.o"
arm-none-eabi-gcc "../Core/Src/retarget.c" -mcpu=cortex-m4 -std=gnu11 -g3 -DDEBUG -DUSE_HAL_DRIVER -DSTM32L432xx -c -I../Core/Inc -I../Drivers/STM32L4xx_HAL_Driver/Inc -I../Drivers/STM32L4xx_HAL_Driver/Inc/Legacy -I../Drivers/CMSIS/Device/ST/STM32L4xx/Include -I../Drivers/CMSIS/Include -O0 -ffunction-sections -fdata-sections -Wall -fstack-usage -fcyclomatic-complexity -MMD -MP -MF"Core/Src/retarget.d" -MT"Core/Src/retarget.o" --specs=nano.specs -mfpu=fpv4-sp-d16 -mfloat-abi=hard -mthumb -o "Core/Src/retarget.o"
../Core/Src/dht11.c:41:13: warning: 'DHT11_SetPinInput' defined but not used [-Wunused-function]
   41 | static void DHT11_SetPinInput(DHT11_HandleTypeDef* dht) {
      |             ^~~~~~~~~~~~~~~~~
arm-none-eabi-gcc "../Core/Src/stm32l4xx_hal_msp.c" -mcpu=cortex-m4 -std=gnu11 -g3 -DDEBUG -DUSE_HAL_DRIVER -DSTM32L432xx -c -I../Core/Inc -I../Drivers/STM32L4xx_HAL_Driver/Inc -I../Drivers/STM32L4xx_HAL_Driver/Inc/Legacy -I../Drivers/CMSIS/Device/ST/STM32L4xx/Include -I../Drivers/CMSIS/Include -O0 -ffunction-sections -fdata-sections -Wall -fstack-usage -fcyclomatic-complexity -MMD -MP -MF"Core/Src/stm32l4xx_hal_msp.d" -MT"Core/Src/stm32l4xx_hal_msp.o" --specs=nano.specs -mfpu=fpv4-sp-d16 -mfloat-abi=hard -mthumb -o "Core/Src/stm32l4xx_hal_msp.o"
arm-none-eabi-gcc "../Core/Src/stm32l4xx_it.c" -mcpu=cortex-m4 -std=gnu11 -g3 -DDEBUG -DUSE_HAL_DRIVER -DSTM32L432xx -c -I../Core/Inc -I../Drivers/STM32L4xx_HAL_Driver/Inc -I../Drivers/STM32L4xx_HAL_Driver/Inc/Legacy -I../Drivers/CMSIS/Device/ST/STM32L4xx/Include -I../Drivers/CMSIS/Include -O0 -ffunction-sections -fdata-sections -Wall -fstack-usage -fcyclomatic-complexity -MMD -MP -MF"Core/Src/stm32l4xx_it.d" -MT"Core/Src/stm32l4xx_it.o" --specs=nano.specs -mfpu=fpv4-sp-d16 -mfloat-abi=hard -mthumb -o "Core/Src/stm32l4xx_it.o"
arm-none-eabi-gcc "../Core/Src/syscalls.c" -mcpu=cortex-m4 -std=gnu11 -g3 -DDEBUG -DUSE_HAL_DRIVER -DSTM32L432xx -c -I../Core/Inc -I../Drivers/STM32L4xx_HAL_Driver/Inc -I../Drivers/STM32L4xx_HAL_Driver/Inc/Legacy -I../Drivers/CMSIS/Device/ST/STM32L4xx/Include -I../Drivers/CMSIS/Include -O0 -ffunction-sections -fdata-sections -Wall -fstack-usage -fcyclomatic-complexity -MMD -MP -MF"Core/Src/syscalls.d" -MT"Core/Src/syscalls.o" --specs=nano.specs -mfpu=fpv4-sp-d16 -mfloat-abi=hard -mthumb -o "Core/Src/syscalls.o"
arm-none-eabi-gcc "../Core/Src/system_stm32l4xx.c" -mcpu=cortex-m4 -std=gnu11 -g3 -DDEBUG -DUSE_HAL_DRIVER -DSTM32L432xx -c -I../Core/Inc -I../Drivers/STM32L4xx_HAL_Driver/Inc -I../Drivers/STM32L4xx_HAL_Driver/Inc/Legacy -I../Drivers/CMSIS/Device/ST/STM32L4xx/Include -I../Drivers/CMSIS/Include -O0 -ffunction-sections -fdata-sections -Wall -fstack-usage -fcyclomatic-complexity -MMD -MP -MF"Core/Src/system_stm32l4xx.d" -MT"Core/Src/system_stm32l4xx.o" --specs=nano.specs -mfpu=fpv4-sp-d16 -mfloat-abi=hard -mthumb -o "Core/Src/system_stm32l4xx.o"
arm-none-eabi-gcc "../Core/Src/usart.c" -mcpu=cortex-m4 -std=gnu11 -g3 -DDEBUG -DUSE_HAL_DRIVER -DSTM32L432xx -c -I../Core/Inc -I../Drivers/STM32L4xx_HAL_Driver/Inc -I../Drivers/STM32L4xx_HAL_Driver/Inc/Legacy -I../Drivers/CMSIS/Device/ST/STM32L4xx/Include -I../Drivers/CMSIS/Include -O0 -ffunction-sections -fdata-sections -Wall -fstack-usage -fcyclomatic-complexity -MMD -MP -MF"Core/Src/usart.d" -MT"Core/Src/usart.o" --specs=nano.specs -mfpu=fpv4-sp-d16 -mfloat-abi=hard -mthumb -o "Core/Src/usart.o"
arm-none-eabi-gcc -o "Temperatur.elf" @"objects.list"   -mcpu=cortex-m4 -T"/home/ernst/Documents/Studium/BA/Temperatur/STM32L432KCUX_FLASH.ld" --specs=nosys.specs -Wl,-Map="Temperatur.map" -Wl,--gc-sections -static --specs=nano.specs -mfpu=fpv4-sp-d16 -mfloat-abi=hard -mthumb -Wl,--start-group -lc -lm -Wl,--end-group
Finished building target: Temperatur.elf
 
arm-none-eabi-size  Temperatur.elf 
arm-none-eabi-objdump -h -S Temperatur.elf  > "Temperatur.list"
   text	   data	    bss	    dec	    hex	filename
  18828	    116	   2044	  20988	   51fc	Temperatur.elf
Finished building: default.size.stdout
 
Finished building: Temperatur.list
 
09:40:29 **** Incremental Build of configuration Debug for project Temperatur ****
make -j8 all 
arm-none-eabi-gcc "../Core/Src/main.c" -mcpu=cortex-m4 -std=gnu11 -g3 -DDEBUG -DUSE_HAL_DRIVER -DSTM32L432xx -c -I../Core/Inc -I../Drivers/STM32L4xx_HAL_Driver/Inc -I../Drivers/STM32L4xx_HAL_Driver/Inc/Legacy -I../Drivers/CMSIS/Device/ST/STM32L4xx/Include -I../Drivers/CMSIS/Include -O0 -ffunction-sections -fdata-sections -Wall -fstack-usage -fcyclomatic-complexity -MMD -MP -MF"Core/Src/main.d" -MT"Core/Src/main.o" --specs=nano.specs -mfpu=fpv4-sp-d16 -mfloat-abi=hard -mthumb -o "Core/Src/main.o"
arm-none-eabi-gcc -o "Temperatur.elf" @"objects.list"   -mcpu=cortex-m4 -T"/home/ernst/Documents/Studium/BA/Temperatur/STM32L432KCUX_FLASH.ld" --specs=nosys.specs -Wl,-Map="Temperatur.map" -Wl,--gc-sections -static --specs=nano.specs -mfpu=fpv4-sp-d16 -mfloat-abi=hard -mthumb -Wl,--start-group -lc -lm -Wl,--end-group
Finished building target: Temperatur.elf
 
arm-none-eabi-size  Temperatur.elf 
arm-none-eabi-objdump -h -S Temperatur.elf  > "Temperatur.list"
   text	   data	    bss	    dec	    hex	filename
  18828	    116	   2044	  20988	   51fc	Temperatur.elf
Finished building: default.size.stdout
 
Finished building: Temperatur.list
 
09:49:01 **** Incremental Build of configuration Debug for project Temperatur ****
make -j8 all 
arm-none-eabi-gcc "../Core/Src/dht11.c" -mcpu=cortex-m4 -std=gnu11 -g3 -DDEBUG -DUSE_HAL_DRIVER -DSTM32L432xx -c -I../Core/Inc -I../Drivers/STM32L4xx_HAL_Driver/Inc -I../Drivers/STM32L4xx_HAL_Driver/Inc/Legacy -I../Drivers/CMSIS/Device/ST/STM32L4xx/Include -I../Drivers/CMSIS/Include -O0 -ffunction-sections -fdata-sections -Wall -fstack-usage -fcyclomatic-complexity -MMD -MP -MF"Core/Src/dht11.d" -MT"Core/Src/dht11.o" --specs=nano.specs -mfpu=fpv4-sp-d16 -mfloat-abi=hard -mthumb -o "Core/Src/dht11.o"
../Core/Src/dht11.c:41:13: warning: 'DHT11_SetPinInput' defined but not used [-Wunused-function]
   41 | static void DHT11_SetPinInput(DHT11_HandleTypeDef* dht) {
      |             ^~~~~~~~~~~~~~~~~
arm-none-eabi-gcc -o "Temperatur.elf" @"objects.list"   -mcpu=cortex-m4 -T"/home/ernst/Documents/Studium/BA/Temperatur/STM32L432KCUX_FLASH.ld" --specs=nosys.specs -Wl,-Map="Temperatur.map" -Wl,--gc-sections -static --specs=nano.specs -mfpu=fpv4-sp-d16 -mfloat-abi=hard -mthumb -Wl,--start-group -lc -lm -Wl,--end-group
Finished building target: Temperatur.elf
 
arm-none-eabi-size  Temperatur.elf 
arm-none-eabi-objdump -h -S Temperatur.elf  > "Temperatur.list"
   text	   data	    bss	    dec	    hex	filename
  18828	    116	   2044	  20988	   51fc	Temperatur.elf
Finished building: default.size.stdout
 
Finished building: Temperatur.list
 
09:50:10 **** Incremental Build of configuration Debug for project Temperatur ****
make -j8 all 
arm-none-eabi-gcc "../Core/Src/dht11.c" -mcpu=cortex-m4 -std=gnu11 -g3 -DDEBUG -DUSE_HAL_DRIVER -DSTM32L432xx -c -I../Core/Inc -I../Drivers/STM32L4xx_HAL_Driver/Inc -I../Drivers/STM32L4xx_HAL_Driver/Inc/Legacy -I../Drivers/CMSIS/Device/ST/STM32L4xx/Include -I../Drivers/CMSIS/Include -O0 -ffunction-sections -fdata-sections -Wall -fstack-usage -fcyclomatic-complexity -MMD -MP -MF"Core/Src/dht11.d" -MT"Core/Src/dht11.o" --specs=nano.specs -mfpu=fpv4-sp-d16 -mfloat-abi=hard -mthumb -o "Core/Src/dht11.o"
../Core/Src/dht11.c:41:13: warning: 'DHT11_SetPinInput' defined but not used [-Wunused-function]
   41 | static void DHT11_SetPinInput(DHT11_HandleTypeDef* dht) {
      |             ^~~~~~~~~~~~~~~~~
arm-none-eabi-gcc -o "Temperatur.elf" @"objects.list"   -mcpu=cortex-m4 -T"/home/ernst/Documents/Studium/BA/Temperatur/STM32L432KCUX_FLASH.ld" --specs=nosys.specs -Wl,-Map="Temperatur.map" -Wl,--gc-sections -static --specs=nano.specs -mfpu=fpv4-sp-d16 -mfloat-abi=hard -mthumb -Wl,--start-group -lc -lm -Wl,--end-group
Finished building target: Temperatur.elf
 
arm-none-eabi-size  Temperatur.elf 
arm-none-eabi-objdump -h -S Temperatur.elf  > "Temperatur.list"
   text	   data	    bss	    dec	    hex	filename
  18828	    116	   2044	  20988	   51fc	Temperatur.elf
Finished building: default.size.stdout
 
Finished building: Temperatur.list
 
09:52:34 **** Incremental Build of configuration Debug for project Temperatur ****
make -j8 all 
arm-none-eabi-gcc "../Core/Src/dht11.c" -mcpu=cortex-m4 -std=gnu11 -g3 -DDEBUG -DUSE_HAL_DRIVER -DSTM32L432xx -c -I../Core/Inc -I../Drivers/STM32L4xx_HAL_Driver/Inc -I../Drivers/STM32L4xx_HAL_Driver/Inc/Legacy -I../Drivers/CMSIS/Device/ST/STM32L4xx/Include -I../Drivers/CMSIS/Include -O0 -ffunction-sections -fdata-sections -Wall -fstack-usage -fcyclomatic-complexity -MMD -MP -MF"Core/Src/dht11.d" -MT"Core/Src/dht11.o" --specs=nano.specs -mfpu=fpv4-sp-d16 -mfloat-abi=hard -mthumb -o "Core/Src/dht11.o"
../Core/Src/dht11.c: In function 'DHT11_Read':
../Core/Src/dht11.c:187:33: error: 'i' undeclared (first use in this function)
  187 |     analyse_bit_timing(high_us, i, (high_us >= TH_BIT_ONE_US));
      |                                 ^
../Core/Src/dht11.c:187:33: note: each undeclared identifier is reported only once for each function it appears in
../Core/Src/dht11.c: At top level:
../Core/Src/dht11.c:41:13: warning: 'DHT11_SetPinInput' defined but not used [-Wunused-function]
   41 | static void DHT11_SetPinInput(DHT11_HandleTypeDef* dht) {
      |             ^~~~~~~~~~~~~~~~~
make: *** [Core/Src/subdir.mk:49: Core/Src/dht11.o] Error 1
"make -j8 all" terminated with exit code 2. Build might be incomplete.
09:54:09 **** Incremental Build of configuration Debug for project Temperatur ****
make -j8 all 
arm-none-eabi-gcc "../Core/Src/dht11.c" -mcpu=cortex-m4 -std=gnu11 -g3 -DDEBUG -DUSE_HAL_DRIVER -DSTM32L432xx -c -I../Core/Inc -I../Drivers/STM32L4xx_HAL_Driver/Inc -I../Drivers/STM32L4xx_HAL_Driver/Inc/Legacy -I../Drivers/CMSIS/Device/ST/STM32L4xx/Include -I../Drivers/CMSIS/Include -O0 -ffunction-sections -fdata-sections -Wall -fstack-usage -fcyclomatic-complexity -MMD -MP -MF"Core/Src/dht11.d" -MT"Core/Src/dht11.o" --specs=nano.specs -mfpu=fpv4-sp-d16 -mfloat-abi=hard -mthumb -o "Core/Src/dht11.o"
../Core/Src/dht11.c:51:13: warning: 'analyse_bit_timing' defined but not used [-Wunused-function]
   51 | static void analyse_bit_timing(uint32_t high_us, int bit_number, uint8_t bit_value){
      |             ^~~~~~~~~~~~~~~~~~
../Core/Src/dht11.c:41:13: warning: 'DHT11_SetPinInput' defined but not used [-Wunused-function]
   41 | static void DHT11_SetPinInput(DHT11_HandleTypeDef* dht) {
      |             ^~~~~~~~~~~~~~~~~
arm-none-eabi-gcc -o "Temperatur.elf" @"objects.list"   -mcpu=cortex-m4 -T"/home/ernst/Documents/Studium/BA/Temperatur/STM32L432KCUX_FLASH.ld" --specs=nosys.specs -Wl,-Map="Temperatur.map" -Wl,--gc-sections -static --specs=nano.specs -mfpu=fpv4-sp-d16 -mfloat-abi=hard -mthumb -Wl,--start-group -lc -lm -Wl,--end-group
Finished building target: Temperatur.elf
 
arm-none-eabi-size  Temperatur.elf 
arm-none-eabi-objdump -h -S Temperatur.elf  > "Temperatur.list"
   text	   data	    bss	    dec	    hex	filename
  18764	    116	   2044	  20924	   51bc	Temperatur.elf
Finished building: default.size.stdout
 
Finished building: Temperatur.list
 
09:59:31 **** Incremental Build of configuration Debug for project Temperatur ****
make -j8 all 
arm-none-eabi-gcc "../Core/Src/dht11.c" -mcpu=cortex-m4 -std=gnu11 -g3 -DDEBUG -DUSE_HAL_DRIVER -DSTM32L432xx -c -I../Core/Inc -I../Drivers/STM32L4xx_HAL_Driver/Inc -I../Drivers/STM32L4xx_HAL_Driver/Inc/Legacy -I../Drivers/CMSIS/Device/ST/STM32L4xx/Include -I../Drivers/CMSIS/Include -O0 -ffunction-sections -fdata-sections -Wall -fstack-usage -fcyclomatic-complexity -MMD -MP -MF"Core/Src/dht11.d" -MT"Core/Src/dht11.o" --specs=nano.specs -mfpu=fpv4-sp-d16 -mfloat-abi=hard -mthumb -o "Core/Src/dht11.o"
../Core/Src/dht11.c:51:13: warning: 'analyse_bit_timing' defined but not used [-Wunused-function]
   51 | static void analyse_bit_timing(uint32_t high_us, int bit_number, uint8_t bit_value){
      |             ^~~~~~~~~~~~~~~~~~
arm-none-eabi-gcc -o "Temperatur.elf" @"objects.list"   -mcpu=cortex-m4 -T"/home/ernst/Documents/Studium/BA/Temperatur/STM32L432KCUX_FLASH.ld" --specs=nosys.specs -Wl,-Map="Temperatur.map" -Wl,--gc-sections -static --specs=nano.specs -mfpu=fpv4-sp-d16 -mfloat-abi=hard -mthumb -Wl,--start-group -lc -lm -Wl,--end-group
Finished building target: Temperatur.elf
 
arm-none-eabi-size  Temperatur.elf 
arm-none-eabi-objdump -h -S Temperatur.elf  > "Temperatur.list"
   text	   data	    bss	    dec	    hex	filename
  18832	    116	   2044	  20992	   5200	Temperatur.elf
Finished building: default.size.stdout
 
Finished building: Temperatur.list
 
10:03:26 **** Incremental Build of configuration Debug for project Temperatur ****
make -j8 all 
arm-none-eabi-gcc "../Core/Src/dht11.c" -mcpu=cortex-m4 -std=gnu11 -g3 -DDEBUG -DUSE_HAL_DRIVER -DSTM32L432xx -c -I../Core/Inc -I../Drivers/STM32L4xx_HAL_Driver/Inc -I../Drivers/STM32L4xx_HAL_Driver/Inc/Legacy -I../Drivers/CMSIS/Device/ST/STM32L4xx/Include -I../Drivers/CMSIS/Include -O0 -ffunction-sections -fdata-sections -Wall -fstack-usage -fcyclomatic-complexity -MMD -MP -MF"Core/Src/dht11.d" -MT"Core/Src/dht11.o" --specs=nano.specs -mfpu=fpv4-sp-d16 -mfloat-abi=hard -mthumb -o "Core/Src/dht11.o"
arm-none-eabi-gcc -o "Temperatur.elf" @"objects.list"   -mcpu=cortex-m4 -T"/home/ernst/Documents/Studium/BA/Temperatur/STM32L432KCUX_FLASH.ld" --specs=nosys.specs -Wl,-Map="Temperatur.map" -Wl,--gc-sections -static --specs=nano.specs -mfpu=fpv4-sp-d16 -mfloat-abi=hard -mthumb -Wl,--start-group -lc -lm -Wl,--end-group
Finished building target: Temperatur.elf
 
arm-none-eabi-size  Temperatur.elf 
arm-none-eabi-objdump -h -S Temperatur.elf  > "Temperatur.list"
   text	   data	    bss	    dec	    hex	filename
  19108	    116	   2044	  21268	   5314	Temperatur.elf
Finished building: default.size.stdout
 
Finished building: Temperatur.list
 
10:08:50 **** Incremental Build of configuration Debug for project Temperatur ****
make -j8 all 
arm-none-eabi-gcc "../Core/Src/dht11.c" -mcpu=cortex-m4 -std=gnu11 -g3 -DDEBUG -DUSE_HAL_DRIVER -DSTM32L432xx -c -I../Core/Inc -I../Drivers/STM32L4xx_HAL_Driver/Inc -I../Drivers/STM32L4xx_HAL_Driver/Inc/Legacy -I../Drivers/CMSIS/Device/ST/STM32L4xx/Include -I../Drivers/CMSIS/Include -O0 -ffunction-sections -fdata-sections -Wall -fstack-usage -fcyclomatic-complexity -MMD -MP -MF"Core/Src/dht11.d" -MT"Core/Src/dht11.o" --specs=nano.specs -mfpu=fpv4-sp-d16 -mfloat-abi=hard -mthumb -o "Core/Src/dht11.o"
../Core/Src/dht11.c: In function 'analyse_bit_timing':
../Core/Src/dht11.c:52:77: error: 'bit_va' undeclared (first use in this function); did you mean 'bit_value'?
   52 |     printf("Bit %2d: %lu us -> %d\r\n", bit_number, (unsigned long)high_us, bit_va ue);
      |                                                                             ^~~~~~
      |                                                                             bit_value
../Core/Src/dht11.c:52:77: note: each undeclared identifier is reported only once for each function it appears in
../Core/Src/dht11.c:52:83: error: expected ')' before 'ue'
   52 |     printf("Bit %2d: %lu us -> %d\r\n", bit_number, (unsigned long)high_us, bit_va ue);
      |           ~                                                                       ^~~
      |                                                                                   )
make: *** [Core/Src/subdir.mk:49: Core/Src/dht11.o] Error 1
"make -j8 all" terminated with exit code 2. Build might be incomplete.
10:09:15 **** Incremental Build of configuration Debug for project Temperatur ****
make -j8 all 
arm-none-eabi-gcc "../Core/Src/dht11.c" -mcpu=cortex-m4 -std=gnu11 -g3 -DDEBUG -DUSE_HAL_DRIVER -DSTM32L432xx -c -I../Core/Inc -I../Drivers/STM32L4xx_HAL_Driver/Inc -I../Drivers/STM32L4xx_HAL_Driver/Inc/Legacy -I../Drivers/CMSIS/Device/ST/STM32L4xx/Include -I../Drivers/CMSIS/Include -O0 -ffunction-sections -fdata-sections -Wall -fstack-usage -fcyclomatic-complexity -MMD -MP -MF"Core/Src/dht11.d" -MT"Core/Src/dht11.o" --specs=nano.specs -mfpu=fpv4-sp-d16 -mfloat-abi=hard -mthumb -o "Core/Src/dht11.o"
arm-none-eabi-gcc -o "Temperatur.elf" @"objects.list"   -mcpu=cortex-m4 -T"/home/ernst/Documents/Studium/BA/Temperatur/STM32L432KCUX_FLASH.ld" --specs=nosys.specs -Wl,-Map="Temperatur.map" -Wl,--gc-sections -static --specs=nano.specs -mfpu=fpv4-sp-d16 -mfloat-abi=hard -mthumb -Wl,--start-group -lc -lm -Wl,--end-group
Finished building target: Temperatur.elf
 
arm-none-eabi-size  Temperatur.elf 
arm-none-eabi-objdump -h -S Temperatur.elf  > "Temperatur.list"
   text	   data	    bss	    dec	    hex	filename
  19108	    116	   2044	  21268	   5314	Temperatur.elf
Finished building: default.size.stdout
 
Finished building: Temperatur.list
 
10:19:13 **** Incremental Build of configuration Debug for project Temperatur ****
make -j8 all 
arm-none-eabi-gcc "../Core/Src/dht11.c" -mcpu=cortex-m4 -std=gnu11 -g3 -DDEBUG -DUSE_HAL_DRIVER -DSTM32L432xx -c -I../Core/Inc -I../Drivers/STM32L4xx_HAL_Driver/Inc -I../Drivers/STM32L4xx_HAL_Driver/Inc/Legacy -I../Drivers/CMSIS/Device/ST/STM32L4xx/Include -I../Drivers/CMSIS/Include -O0 -ffunction-sections -fdata-sections -Wall -fstack-usage -fcyclomatic-complexity -MMD -MP -MF"Core/Src/dht11.d" -MT"Core/Src/dht11.o" --specs=nano.specs -mfpu=fpv4-sp-d16 -mfloat-abi=hard -mthumb -o "Core/Src/dht11.o"
../Core/Src/dht11.c: In function 'DHT11_Read':
../Core/Src/dht11.c:126:20: warning: unused variable 'TO_DRAIN_HIGH_US' [-Wunused-variable]
  126 |     const uint32_t TO_DRAIN_HIGH_US = 220U;  // Rest-HIGH „weghungern“
      |                    ^~~~~~~~~~~~~~~~
arm-none-eabi-gcc -o "Temperatur.elf" @"objects.list"   -mcpu=cortex-m4 -T"/home/ernst/Documents/Studium/BA/Temperatur/STM32L432KCUX_FLASH.ld" --specs=nosys.specs -Wl,-Map="Temperatur.map" -Wl,--gc-sections -static --specs=nano.specs -mfpu=fpv4-sp-d16 -mfloat-abi=hard -mthumb -Wl,--start-group -lc -lm -Wl,--end-group
Finished building target: Temperatur.elf
 
arm-none-eabi-size  Temperatur.elf 
arm-none-eabi-objdump -h -S Temperatur.elf  > "Temperatur.list"
   text	   data	    bss	    dec	    hex	filename
  19020	    116	   2044	  21180	   52bc	Temperatur.elf
Finished building: default.size.stdout
 
Finished building: Temperatur.list
 
10:20:08 **** Incremental Build of configuration Debug for project Temperatur ****
make -j8 all 
arm-none-eabi-gcc "../Core/Src/dht11.c" -mcpu=cortex-m4 -std=gnu11 -g3 -DDEBUG -DUSE_HAL_DRIVER -DSTM32L432xx -c -I../Core/Inc -I../Drivers/STM32L4xx_HAL_Driver/Inc -I../Drivers/STM32L4xx_HAL_Driver/Inc/Legacy -I../Drivers/CMSIS/Device/ST/STM32L4xx/Include -I../Drivers/CMSIS/Include -O0 -ffunction-sections -fdata-sections -Wall -fstack-usage -fcyclomatic-complexity -MMD -MP -MF"Core/Src/dht11.d" -MT"Core/Src/dht11.o" --specs=nano.specs -mfpu=fpv4-sp-d16 -mfloat-abi=hard -mthumb -o "Core/Src/dht11.o"
../Core/Src/dht11.c: In function 'DHT11_Read':
../Core/Src/dht11.c:126:20: warning: unused variable 'TO_DRAIN_HIGH_US' [-Wunused-variable]
  126 |     const uint32_t TO_DRAIN_HIGH_US = 220U;  // Rest-HIGH „weghungern“
      |                    ^~~~~~~~~~~~~~~~
arm-none-eabi-gcc -o "Temperatur.elf" @"objects.list"   -mcpu=cortex-m4 -T"/home/ernst/Documents/Studium/BA/Temperatur/STM32L432KCUX_FLASH.ld" --specs=nosys.specs -Wl,-Map="Temperatur.map" -Wl,--gc-sections -static --specs=nano.specs -mfpu=fpv4-sp-d16 -mfloat-abi=hard -mthumb -Wl,--start-group -lc -lm -Wl,--end-group
Finished building target: Temperatur.elf
 
arm-none-eabi-size  Temperatur.elf 
arm-none-eabi-objdump -h -S Temperatur.elf  > "Temperatur.list"
   text	   data	    bss	    dec	    hex	filename
  19020	    116	   2044	  21180	   52bc	Temperatur.elf
Finished building: default.size.stdout
 
Finished building: Temperatur.list
 
10:24:42 **** Incremental Build of configuration Debug for project Temperatur ****
make -j8 all 
arm-none-eabi-gcc "../Core/Src/dht11.c" -mcpu=cortex-m4 -std=gnu11 -g3 -DDEBUG -DUSE_HAL_DRIVER -DSTM32L432xx -c -I../Core/Inc -I../Drivers/STM32L4xx_HAL_Driver/Inc -I../Drivers/STM32L4xx_HAL_Driver/Inc/Legacy -I../Drivers/CMSIS/Device/ST/STM32L4xx/Include -I../Drivers/CMSIS/Include -O0 -ffunction-sections -fdata-sections -Wall -fstack-usage -fcyclomatic-complexity -MMD -MP -MF"Core/Src/dht11.d" -MT"Core/Src/dht11.o" --specs=nano.specs -mfpu=fpv4-sp-d16 -mfloat-abi=hard -mthumb -o "Core/Src/dht11.o"
../Core/Src/dht11.c: In function 'DHT11_Read':
../Core/Src/dht11.c:126:20: warning: unused variable 'TO_DRAIN_HIGH_US' [-Wunused-variable]
  126 |     const uint32_t TO_DRAIN_HIGH_US = 280U;  // Rest-HIGH „weghungern“
      |                    ^~~~~~~~~~~~~~~~
arm-none-eabi-gcc -o "Temperatur.elf" @"objects.list"   -mcpu=cortex-m4 -T"/home/ernst/Documents/Studium/BA/Temperatur/STM32L432KCUX_FLASH.ld" --specs=nosys.specs -Wl,-Map="Temperatur.map" -Wl,--gc-sections -static --specs=nano.specs -mfpu=fpv4-sp-d16 -mfloat-abi=hard -mthumb -Wl,--start-group -lc -lm -Wl,--end-group
Finished building target: Temperatur.elf
 
arm-none-eabi-size  Temperatur.elf 
arm-none-eabi-objdump -h -S Temperatur.elf  > "Temperatur.list"
   text	   data	    bss	    dec	    hex	filename
  19036	    116	   2044	  21196	   52cc	Temperatur.elf
Finished building: default.size.stdout
 
Finished building: Temperatur.list
 
10:31:42 **** Incremental Build of configuration Debug for project Temperatur ****
make -j8 all 
arm-none-eabi-gcc "../Core/Src/dht11.c" -mcpu=cortex-m4 -std=gnu11 -g3 -DDEBUG -DUSE_HAL_DRIVER -DSTM32L432xx -c -I../Core/Inc -I../Drivers/STM32L4xx_HAL_Driver/Inc -I../Drivers/STM32L4xx_HAL_Driver/Inc/Legacy -I../Drivers/CMSIS/Device/ST/STM32L4xx/Include -I../Drivers/CMSIS/Include -O0 -ffunction-sections -fdata-sections -Wall -fstack-usage -fcyclomatic-complexity -MMD -MP -MF"Core/Src/dht11.d" -MT"Core/Src/dht11.o" --specs=nano.specs -mfpu=fpv4-sp-d16 -mfloat-abi=hard -mthumb -o "Core/Src/dht11.o"
../Core/Src/dht11.c: In function 'DHT11_Read':
../Core/Src/dht11.c:126:20: warning: unused variable 'TO_DRAIN_HIGH_US' [-Wunused-variable]
  126 |     const uint32_t TO_DRAIN_HIGH_US = 280U;  // Rest-HIGH „weghungern“
      |                    ^~~~~~~~~~~~~~~~
arm-none-eabi-gcc -o "Temperatur.elf" @"objects.list"   -mcpu=cortex-m4 -T"/home/ernst/Documents/Studium/BA/Temperatur/STM32L432KCUX_FLASH.ld" --specs=nosys.specs -Wl,-Map="Temperatur.map" -Wl,--gc-sections -static --specs=nano.specs -mfpu=fpv4-sp-d16 -mfloat-abi=hard -mthumb -Wl,--start-group -lc -lm -Wl,--end-group
Finished building target: Temperatur.elf
 
arm-none-eabi-size  Temperatur.elf 
arm-none-eabi-objdump -h -S Temperatur.elf  > "Temperatur.list"
   text	   data	    bss	    dec	    hex	filename
  19100	    116	   2044	  21260	   530c	Temperatur.elf
Finished building: default.size.stdout
 
Finished building: Temperatur.list
 
10:34:48 **** Incremental Build of configuration Debug for project Temperatur ****
make -j8 all 
arm-none-eabi-gcc "../Core/Src/dht11.c" -mcpu=cortex-m4 -std=gnu11 -g3 -DDEBUG -DUSE_HAL_DRIVER -DSTM32L432xx -c -I../Core/Inc -I../Drivers/STM32L4xx_HAL_Driver/Inc -I../Drivers/STM32L4xx_HAL_Driver/Inc/Legacy -I../Drivers/CMSIS/Device/ST/STM32L4xx/Include -I../Drivers/CMSIS/Include -O0 -ffunction-sections -fdata-sections -Wall -fstack-usage -fcyclomatic-complexity -MMD -MP -MF"Core/Src/dht11.d" -MT"Core/Src/dht11.o" --specs=nano.specs -mfpu=fpv4-sp-d16 -mfloat-abi=hard -mthumb -o "Core/Src/dht11.o"
../Core/Src/dht11.c: In function 'DHT11_Read':
../Core/Src/dht11.c:126:20: warning: unused variable 'TO_DRAIN_HIGH_US' [-Wunused-variable]
  126 |     const uint32_t TO_DRAIN_HIGH_US = 280U;  // Rest-HIGH „weghungern“
      |                    ^~~~~~~~~~~~~~~~
../Core/Src/dht11.c:125:20: warning: unused variable 'TO_HIGH_MAX_US' [-Wunused-variable]
  125 |     const uint32_t TO_HIGH_MAX_US   = 200U;  //Max HIGH beim Messen
      |                    ^~~~~~~~~~~~~~
arm-none-eabi-gcc -o "Temperatur.elf" @"objects.list"   -mcpu=cortex-m4 -T"/home/ernst/Documents/Studium/BA/Temperatur/STM32L432KCUX_FLASH.ld" --specs=nosys.specs -Wl,-Map="Temperatur.map" -Wl,--gc-sections -static --specs=nano.specs -mfpu=fpv4-sp-d16 -mfloat-abi=hard -mthumb -Wl,--start-group -lc -lm -Wl,--end-group
Finished building target: Temperatur.elf
 
arm-none-eabi-size  Temperatur.elf 
arm-none-eabi-objdump -h -S Temperatur.elf  > "Temperatur.list"
   text	   data	    bss	    dec	    hex	filename
  19100	    116	   2044	  21260	   530c	Temperatur.elf
Finished building: default.size.stdout
 
Finished building: Temperatur.list
 
10:45:42 **** Incremental Build of configuration Debug for project Temperatur ****
make -j8 all 
arm-none-eabi-size  Temperatur.elf 
   text	   data	    bss	    dec	    hex	filename
  19100	    116	   2044	  21260	   530c	Temperatur.elf
Finished building: default.size.stdout
 
10:47:54 **** Incremental Build of configuration Debug for project Temperatur ****
make -j8 all 
arm-none-eabi-gcc "../Core/Src/dht11.c" -mcpu=cortex-m4 -std=gnu11 -g3 -DDEBUG -DUSE_HAL_DRIVER -DSTM32L432xx -c -I../Core/Inc -I../Drivers/STM32L4xx_HAL_Driver/Inc -I../Drivers/STM32L4xx_HAL_Driver/Inc/Legacy -I../Drivers/CMSIS/Device/ST/STM32L4xx/Include -I../Drivers/CMSIS/Include -O0 -ffunction-sections -fdata-sections -Wall -fstack-usage -fcyclomatic-complexity -MMD -MP -MF"Core/Src/dht11.d" -MT"Core/Src/dht11.o" --specs=nano.specs -mfpu=fpv4-sp-d16 -mfloat-abi=hard -mthumb -o "Core/Src/dht11.o"
../Core/Src/dht11.c: In function 'DHT11_Read':
../Core/Src/dht11.c:126:20: warning: unused variable 'TO_DRAIN_HIGH_US' [-Wunused-variable]
  126 |     const uint32_t TO_DRAIN_HIGH_US = 280U;  // Rest-HIGH „weghungern“
      |                    ^~~~~~~~~~~~~~~~
../Core/Src/dht11.c:125:20: warning: unused variable 'TO_HIGH_MAX_US' [-Wunused-variable]
  125 |     const uint32_t TO_HIGH_MAX_US   = 200U;  //Max HIGH beim Messen
      |                    ^~~~~~~~~~~~~~
arm-none-eabi-gcc -o "Temperatur.elf" @"objects.list"   -mcpu=cortex-m4 -T"/home/ernst/Documents/Studium/BA/Temperatur/STM32L432KCUX_FLASH.ld" --specs=nosys.specs -Wl,-Map="Temperatur.map" -Wl,--gc-sections -static --specs=nano.specs -mfpu=fpv4-sp-d16 -mfloat-abi=hard -mthumb -Wl,--start-group -lc -lm -Wl,--end-group
Finished building target: Temperatur.elf
 
arm-none-eabi-size  Temperatur.elf 
arm-none-eabi-objdump -h -S Temperatur.elf  > "Temperatur.list"
   text	   data	    bss	    dec	    hex	filename
  19104	    116	   2044	  21264	   5310	Temperatur.elf
Finished building: default.size.stdout
 
Finished building: Temperatur.list
 
10:50:57 **** Incremental Build of configuration Debug for project Temperatur ****
make -j8 all 
arm-none-eabi-gcc "../Core/Src/dht11.c" -mcpu=cortex-m4 -std=gnu11 -g3 -DDEBUG -DUSE_HAL_DRIVER -DSTM32L432xx -c -I../Core/Inc -I../Drivers/STM32L4xx_HAL_Driver/Inc -I../Drivers/STM32L4xx_HAL_Driver/Inc/Legacy -I../Drivers/CMSIS/Device/ST/STM32L4xx/Include -I../Drivers/CMSIS/Include -O0 -ffunction-sections -fdata-sections -Wall -fstack-usage -fcyclomatic-complexity -MMD -MP -MF"Core/Src/dht11.d" -MT"Core/Src/dht11.o" --specs=nano.specs -mfpu=fpv4-sp-d16 -mfloat-abi=hard -mthumb -o "Core/Src/dht11.o"
../Core/Src/dht11.c: In function 'DHT11_Read':
../Core/Src/dht11.c:255:1: error: expected declaration or statement at end of input
  255 | }
      | ^
../Core/Src/dht11.c:158:20: warning: unused variable 'TO_DRAIN_HIGH_US' [-Wunused-variable]
  158 |     const uint32_t TO_DRAIN_HIGH_US = 280U;  // Rest-HIGH „weghungern“
      |                    ^~~~~~~~~~~~~~~~
../Core/Src/dht11.c:157:20: warning: unused variable 'TO_HIGH_MAX_US' [-Wunused-variable]
  157 |     const uint32_t TO_HIGH_MAX_US   = 200U;  //Max HIGH beim Messen
      |                    ^~~~~~~~~~~~~~
../Core/Src/dht11.c:256: warning: control reaches end of non-void function [-Wreturn-type]
../Core/Src/dht11.c: At top level:
../Core/Src/dht11.c:248:14: warning: 'DHT11_ReadRetry' defined but not used [-Wunused-function]
  248 | DHT11_Status DHT11_ReadRetry(DHT11_HandleTypeDef* dht, uint8_t* tOut, uint8_t* hOut) {
      |              ^~~~~~~~~~~~~~~
make: *** [Core/Src/subdir.mk:49: Core/Src/dht11.o] Error 1
"make -j8 all" terminated with exit code 2. Build might be incomplete.
10:57:23 **** Incremental Build of configuration Debug for project Temperatur ****
make -j8 all 
arm-none-eabi-gcc "../Core/Src/dht11.c" -mcpu=cortex-m4 -std=gnu11 -g3 -DDEBUG -DUSE_HAL_DRIVER -DSTM32L432xx -c -I../Core/Inc -I../Drivers/STM32L4xx_HAL_Driver/Inc -I../Drivers/STM32L4xx_HAL_Driver/Inc/Legacy -I../Drivers/CMSIS/Device/ST/STM32L4xx/Include -I../Drivers/CMSIS/Include -O0 -ffunction-sections -fdata-sections -Wall -fstack-usage -fcyclomatic-complexity -MMD -MP -MF"Core/Src/dht11.d" -MT"Core/Src/dht11.o" --specs=nano.specs -mfpu=fpv4-sp-d16 -mfloat-abi=hard -mthumb -o "Core/Src/dht11.o"
../Core/Src/dht11.c: In function 'DHT11_Read':
../Core/Src/dht11.c:218:39: error: 'TH_BIT_ONE_US' undeclared (first use in this function)
  218 |         int8_t b = (dbg_high_us[i] >= TH_BIT_ONE_US);
      |                                       ^~~~~~~~~~~~~
../Core/Src/dht11.c:218:39: note: each undeclared identifier is reported only once for each function it appears in
../Core/Src/dht11.c:222:5: error: invalid use of void expression
  222 |     +     analyse_bit_timing(dbg_high_us[i], i, (dbg_high_us[i] >= 60)); // rein kosmetisch
      |     ^
../Core/Src/dht11.c:223:7: error: expected expression before '}' token
  223 |     + }
      |       ^
../Core/Src/dht11.c:225:11: error: conflicting types for 't'; have 'float'
  225 |     float t, h; DHT_Type ty;
      |           ^
../Core/Src/dht11.c:139:14: note: previous definition of 't' with type 'uint32_t' {aka 'long unsigned int'}
  139 |     uint32_t t = 0;
      |              ^
../Core/Src/dht11.c:225:11: warning: unused variable 't' [-Wunused-variable]
  225 |     float t, h; DHT_Type ty;
      |           ^
make: *** [Core/Src/subdir.mk:49: Core/Src/dht11.o] Error 1
"make -j8 all" terminated with exit code 2. Build might be incomplete.
10:57:54 **** Incremental Build of configuration Debug for project Temperatur ****
make -j8 all 
arm-none-eabi-gcc "../Core/Src/dht11.c" -mcpu=cortex-m4 -std=gnu11 -g3 -DDEBUG -DUSE_HAL_DRIVER -DSTM32L432xx -c -I../Core/Inc -I../Drivers/STM32L4xx_HAL_Driver/Inc -I../Drivers/STM32L4xx_HAL_Driver/Inc/Legacy -I../Drivers/CMSIS/Device/ST/STM32L4xx/Include -I../Drivers/CMSIS/Include -O0 -ffunction-sections -fdata-sections -Wall -fstack-usage -fcyclomatic-complexity -MMD -MP -MF"Core/Src/dht11.d" -MT"Core/Src/dht11.o" --specs=nano.specs -mfpu=fpv4-sp-d16 -mfloat-abi=hard -mthumb -o "Core/Src/dht11.o"
../Core/Src/dht11.c: In function 'DHT11_Read':
../Core/Src/dht11.c:222:5: error: invalid use of void expression
  222 |     +     analyse_bit_timing(dbg_high_us[i], i, (dbg_high_us[i] >= 60)); // rein kosmetisch
      |     ^
../Core/Src/dht11.c:223:7: error: expected expression before '}' token
  223 |     + }
      |       ^
../Core/Src/dht11.c:225:11: error: conflicting types for 't'; have 'float'
  225 |     float t, h; DHT_Type ty;
      |           ^
../Core/Src/dht11.c:139:14: note: previous definition of 't' with type 'uint32_t' {aka 'long unsigned int'}
  139 |     uint32_t t = 0;
      |              ^
../Core/Src/dht11.c:225:11: warning: unused variable 't' [-Wunused-variable]
  225 |     float t, h; DHT_Type ty;
      |           ^
../Core/Src/dht11.c:158:20: warning: unused variable 'TO_DRAIN_HIGH_US' [-Wunused-variable]
  158 |     const uint32_t TO_DRAIN_HIGH_US = 280U;  // Rest-HIGH „weghungern“
      |                    ^~~~~~~~~~~~~~~~
../Core/Src/dht11.c:157:20: warning: unused variable 'TO_HIGH_MAX_US' [-Wunused-variable]
  157 |     const uint32_t TO_HIGH_MAX_US   = 200U;  //Max HIGH beim Messen
      |                    ^~~~~~~~~~~~~~
make: *** [Core/Src/subdir.mk:49: Core/Src/dht11.o] Error 1
"make -j8 all" terminated with exit code 2. Build might be incomplete.
11:05:24 **** Incremental Build of configuration Debug for project Temperatur ****
make -j8 all 
arm-none-eabi-gcc "../Core/Src/dht11.c" -mcpu=cortex-m4 -std=gnu11 -g3 -DDEBUG -DUSE_HAL_DRIVER -DSTM32L432xx -c -I../Core/Inc -I../Drivers/STM32L4xx_HAL_Driver/Inc -I../Drivers/STM32L4xx_HAL_Driver/Inc/Legacy -I../Drivers/CMSIS/Device/ST/STM32L4xx/Include -I../Drivers/CMSIS/Include -O0 -ffunction-sections -fdata-sections -Wall -fstack-usage -fcyclomatic-complexity -MMD -MP -MF"Core/Src/dht11.d" -MT"Core/Src/dht11.o" --specs=nano.specs -mfpu=fpv4-sp-d16 -mfloat-abi=hard -mthumb -o "Core/Src/dht11.o"
../Core/Src/dht11.c: In function 'DHT11_Read':
../Core/Src/dht11.c:222:11: error: conflicting types for 't'; have 'float'
  222 |     float t, h; DHT_Type ty;
      |           ^
../Core/Src/dht11.c:139:14: note: previous definition of 't' with type 'uint32_t' {aka 'long unsigned int'}
  139 |     uint32_t t = 0;
      |              ^
../Core/Src/dht11.c:222:11: warning: unused variable 't' [-Wunused-variable]
  222 |     float t, h; DHT_Type ty;
      |           ^
../Core/Src/dht11.c:158:20: warning: unused variable 'TO_DRAIN_HIGH_US' [-Wunused-variable]
  158 |     const uint32_t TO_DRAIN_HIGH_US = 280U;  // Rest-HIGH „weghungern“
      |                    ^~~~~~~~~~~~~~~~
../Core/Src/dht11.c:157:20: warning: unused variable 'TO_HIGH_MAX_US' [-Wunused-variable]
  157 |     const uint32_t TO_HIGH_MAX_US   = 200U;  //Max HIGH beim Messen
      |                    ^~~~~~~~~~~~~~
../Core/Src/dht11.c:155:20: warning: unused variable 'TH_BIT_ONE_US' [-Wunused-variable]
  155 |     const uint32_t TH_BIT_ONE_US    = 60U;    // ggf. 47–49 feintrimmen
      |                    ^~~~~~~~~~~~~
../Core/Src/dht11.c:124:14: warning: unused variable 'high_us' [-Wunused-variable]
  124 |     uint32_t high_us=0;
      |              ^~~~~~~
make: *** [Core/Src/subdir.mk:49: Core/Src/dht11.o] Error 1
"make -j8 all" terminated with exit code 2. Build might be incomplete.
11:09:36 **** Incremental Build of configuration Debug for project Temperatur ****
make -j8 all 
arm-none-eabi-gcc "../Core/Src/dht11.c" -mcpu=cortex-m4 -std=gnu11 -g3 -DDEBUG -DUSE_HAL_DRIVER -DSTM32L432xx -c -I../Core/Inc -I../Drivers/STM32L4xx_HAL_Driver/Inc -I../Drivers/STM32L4xx_HAL_Driver/Inc/Legacy -I../Drivers/CMSIS/Device/ST/STM32L4xx/Include -I../Drivers/CMSIS/Include -O0 -ffunction-sections -fdata-sections -Wall -fstack-usage -fcyclomatic-complexity -MMD -MP -MF"Core/Src/dht11.d" -MT"Core/Src/dht11.o" --specs=nano.specs -mfpu=fpv4-sp-d16 -mfloat-abi=hard -mthumb -o "Core/Src/dht11.o"
../Core/Src/dht11.c: In function 'DHT11_Read':
../Core/Src/dht11.c:224:81: error: 'Rh' undeclared (first use in this function); did you mean 'rh'?
  224 |         printf("Typ=%s  RH=%.1f%%  T=%.1fC\n", ty==DHT_TYPE_22?"DHT22":"DHT11", Rh, tC);
      |                                                                                 ^~
      |                                                                                 rh
../Core/Src/dht11.c:224:81: note: each undeclared identifier is reported only once for each function it appears in
../Core/Src/dht11.c:158:20: warning: unused variable 'TO_DRAIN_HIGH_US' [-Wunused-variable]
  158 |     const uint32_t TO_DRAIN_HIGH_US = 280U;  // Rest-HIGH „weghungern“
      |                    ^~~~~~~~~~~~~~~~
../Core/Src/dht11.c:157:20: warning: unused variable 'TO_HIGH_MAX_US' [-Wunused-variable]
  157 |     const uint32_t TO_HIGH_MAX_US   = 200U;  //Max HIGH beim Messen
      |                    ^~~~~~~~~~~~~~
../Core/Src/dht11.c:155:20: warning: unused variable 'TH_BIT_ONE_US' [-Wunused-variable]
  155 |     const uint32_t TH_BIT_ONE_US    = 60U;    // ggf. 47–49 feintrimmen
      |                    ^~~~~~~~~~~~~
../Core/Src/dht11.c:124:14: warning: unused variable 'high_us' [-Wunused-variable]
  124 |     uint32_t high_us=0;
      |              ^~~~~~~
make: *** [Core/Src/subdir.mk:49: Core/Src/dht11.o] Error 1
"make -j8 all" terminated with exit code 2. Build might be incomplete.
11:10:02 **** Incremental Build of configuration Debug for project Temperatur ****
make -j8 all 
arm-none-eabi-gcc "../Core/Src/dht11.c" -mcpu=cortex-m4 -std=gnu11 -g3 -DDEBUG -DUSE_HAL_DRIVER -DSTM32L432xx -c -I../Core/Inc -I../Drivers/STM32L4xx_HAL_Driver/Inc -I../Drivers/STM32L4xx_HAL_Driver/Inc/Legacy -I../Drivers/CMSIS/Device/ST/STM32L4xx/Include -I../Drivers/CMSIS/Include -O0 -ffunction-sections -fdata-sections -Wall -fstack-usage -fcyclomatic-complexity -MMD -MP -MF"Core/Src/dht11.d" -MT"Core/Src/dht11.o" --specs=nano.specs -mfpu=fpv4-sp-d16 -mfloat-abi=hard -mthumb -o "Core/Src/dht11.o"
../Core/Src/dht11.c: In function 'DHT11_Read':
../Core/Src/dht11.c:158:20: warning: unused variable 'TO_DRAIN_HIGH_US' [-Wunused-variable]
  158 |     const uint32_t TO_DRAIN_HIGH_US = 280U;  // Rest-HIGH „weghungern“
      |                    ^~~~~~~~~~~~~~~~
../Core/Src/dht11.c:157:20: warning: unused variable 'TO_HIGH_MAX_US' [-Wunused-variable]
  157 |     const uint32_t TO_HIGH_MAX_US   = 200U;  //Max HIGH beim Messen
      |                    ^~~~~~~~~~~~~~
../Core/Src/dht11.c:155:20: warning: unused variable 'TH_BIT_ONE_US' [-Wunused-variable]
  155 |     const uint32_t TH_BIT_ONE_US    = 60U;    // ggf. 47–49 feintrimmen
      |                    ^~~~~~~~~~~~~
../Core/Src/dht11.c:124:14: warning: unused variable 'high_us' [-Wunused-variable]
  124 |     uint32_t high_us=0;
      |              ^~~~~~~
arm-none-eabi-gcc -o "Temperatur.elf" @"objects.list"   -mcpu=cortex-m4 -T"/home/ernst/Documents/Studium/BA/Temperatur/STM32L432KCUX_FLASH.ld" --specs=nosys.specs -Wl,-Map="Temperatur.map" -Wl,--gc-sections -static --specs=nano.specs -mfpu=fpv4-sp-d16 -mfloat-abi=hard -mthumb -Wl,--start-group -lc -lm -Wl,--end-group
Finished building target: Temperatur.elf
 
arm-none-eabi-size  Temperatur.elf 
arm-none-eabi-objdump -h -S Temperatur.elf  > "Temperatur.list"
   text	   data	    bss	    dec	    hex	filename
  20328	    116	   2044	  22488	   57d8	Temperatur.elf
Finished building: default.size.stdout
 
Finished building: Temperatur.list
 
11:11:59 **** Incremental Build of configuration Debug for project Temperatur ****
make -j8 all 
arm-none-eabi-gcc "../Core/Src/dht11.c" -mcpu=cortex-m4 -std=gnu11 -g3 -DDEBUG -DUSE_HAL_DRIVER -DSTM32L432xx -c -I../Core/Inc -I../Drivers/STM32L4xx_HAL_Driver/Inc -I../Drivers/STM32L4xx_HAL_Driver/Inc/Legacy -I../Drivers/CMSIS/Device/ST/STM32L4xx/Include -I../Drivers/CMSIS/Include -O0 -ffunction-sections -fdata-sections -Wall -fstack-usage -fcyclomatic-complexity -MMD -MP -MF"Core/Src/dht11.d" -MT"Core/Src/dht11.o" --specs=nano.specs -mfpu=fpv4-sp-d16 -mfloat-abi=hard -mthumb -o "Core/Src/dht11.o"
../Core/Src/dht11.c: In function 'DHT11_Read':
../Core/Src/dht11.c:158:20: warning: unused variable 'TO_DRAIN_HIGH_US' [-Wunused-variable]
  158 |     const uint32_t TO_DRAIN_HIGH_US = 280U;  // Rest-HIGH „weghungern“
      |                    ^~~~~~~~~~~~~~~~
../Core/Src/dht11.c:157:20: warning: unused variable 'TO_HIGH_MAX_US' [-Wunused-variable]
  157 |     const uint32_t TO_HIGH_MAX_US   = 200U;  //Max HIGH beim Messen
      |                    ^~~~~~~~~~~~~~
../Core/Src/dht11.c:155:20: warning: unused variable 'TH_BIT_ONE_US' [-Wunused-variable]
  155 |     const uint32_t TH_BIT_ONE_US    = 60U;    // ggf. 47–49 feintrimmen
      |                    ^~~~~~~~~~~~~
../Core/Src/dht11.c:124:14: warning: unused variable 'high_us' [-Wunused-variable]
  124 |     uint32_t high_us=0;
      |              ^~~~~~~
arm-none-eabi-gcc -o "Temperatur.elf" @"objects.list"   -mcpu=cortex-m4 -T"/home/ernst/Documents/Studium/BA/Temperatur/STM32L432KCUX_FLASH.ld" --specs=nosys.specs -Wl,-Map="Temperatur.map" -Wl,--gc-sections -static --specs=nano.specs -mfpu=fpv4-sp-d16 -mfloat-abi=hard -mthumb -Wl,--start-group -lc -lm -Wl,--end-group
Finished building target: Temperatur.elf
 
arm-none-eabi-size  Temperatur.elf 
arm-none-eabi-objdump -h -S Temperatur.elf  > "Temperatur.list"
   text	   data	    bss	    dec	    hex	filename
  20292	    116	   2044	  22452	   57b4	Temperatur.elf
Finished building: default.size.stdout
 
Finished building: Temperatur.list
 
11:13:52 **** Incremental Build of configuration Debug for project Temperatur ****
make -j8 all 
arm-none-eabi-gcc "../Core/Src/dht11.c" -mcpu=cortex-m4 -std=gnu11 -g3 -DDEBUG -DUSE_HAL_DRIVER -DSTM32L432xx -c -I../Core/Inc -I../Drivers/STM32L4xx_HAL_Driver/Inc -I../Drivers/STM32L4xx_HAL_Driver/Inc/Legacy -I../Drivers/CMSIS/Device/ST/STM32L4xx/Include -I../Drivers/CMSIS/Include -O0 -ffunction-sections -fdata-sections -Wall -fstack-usage -fcyclomatic-complexity -MMD -MP -MF"Core/Src/dht11.d" -MT"Core/Src/dht11.o" --specs=nano.specs -mfpu=fpv4-sp-d16 -mfloat-abi=hard -mthumb -o "Core/Src/dht11.o"
../Core/Src/dht11.c: In function 'analyse_bit_timing':
../Core/Src/dht11.c:54:47: error: expected expression before ',' token
   54 |     printf("Bit %2d:  -> %d\r\n", bit_number, , bit_value);
      |                                               ^
../Core/Src/dht11.c: In function 'DHT11_Read':
../Core/Src/dht11.c:158:20: warning: unused variable 'TO_DRAIN_HIGH_US' [-Wunused-variable]
  158 |     const uint32_t TO_DRAIN_HIGH_US = 280U;  // Rest-HIGH „weghungern“
      |                    ^~~~~~~~~~~~~~~~
../Core/Src/dht11.c:157:20: warning: unused variable 'TO_HIGH_MAX_US' [-Wunused-variable]
  157 |     const uint32_t TO_HIGH_MAX_US   = 200U;  //Max HIGH beim Messen
      |                    ^~~~~~~~~~~~~~
../Core/Src/dht11.c:155:20: warning: unused variable 'TH_BIT_ONE_US' [-Wunused-variable]
  155 |     const uint32_t TH_BIT_ONE_US    = 60U;    // ggf. 47–49 feintrimmen
      |                    ^~~~~~~~~~~~~
../Core/Src/dht11.c:124:14: warning: unused variable 'high_us' [-Wunused-variable]
  124 |     uint32_t high_us=0;
      |              ^~~~~~~
make: *** [Core/Src/subdir.mk:49: Core/Src/dht11.o] Error 1
"make -j8 all" terminated with exit code 2. Build might be incomplete.
11:14:06 **** Incremental Build of configuration Debug for project Temperatur ****
make -j8 all 
arm-none-eabi-gcc "../Core/Src/dht11.c" -mcpu=cortex-m4 -std=gnu11 -g3 -DDEBUG -DUSE_HAL_DRIVER -DSTM32L432xx -c -I../Core/Inc -I../Drivers/STM32L4xx_HAL_Driver/Inc -I../Drivers/STM32L4xx_HAL_Driver/Inc/Legacy -I../Drivers/CMSIS/Device/ST/STM32L4xx/Include -I../Drivers/CMSIS/Include -O0 -ffunction-sections -fdata-sections -Wall -fstack-usage -fcyclomatic-complexity -MMD -MP -MF"Core/Src/dht11.d" -MT"Core/Src/dht11.o" --specs=nano.specs -mfpu=fpv4-sp-d16 -mfloat-abi=hard -mthumb -o "Core/Src/dht11.o"
../Core/Src/dht11.c: In function 'DHT11_Read':
../Core/Src/dht11.c:158:20: warning: unused variable 'TO_DRAIN_HIGH_US' [-Wunused-variable]
  158 |     const uint32_t TO_DRAIN_HIGH_US = 280U;  // Rest-HIGH „weghungern“
      |                    ^~~~~~~~~~~~~~~~
../Core/Src/dht11.c:157:20: warning: unused variable 'TO_HIGH_MAX_US' [-Wunused-variable]
  157 |     const uint32_t TO_HIGH_MAX_US   = 200U;  //Max HIGH beim Messen
      |                    ^~~~~~~~~~~~~~
../Core/Src/dht11.c:155:20: warning: unused variable 'TH_BIT_ONE_US' [-Wunused-variable]
  155 |     const uint32_t TH_BIT_ONE_US    = 60U;    // ggf. 47–49 feintrimmen
      |                    ^~~~~~~~~~~~~
../Core/Src/dht11.c:124:14: warning: unused variable 'high_us' [-Wunused-variable]
  124 |     uint32_t high_us=0;
      |              ^~~~~~~
arm-none-eabi-gcc -o "Temperatur.elf" @"objects.list"   -mcpu=cortex-m4 -T"/home/ernst/Documents/Studium/BA/Temperatur/STM32L432KCUX_FLASH.ld" --specs=nosys.specs -Wl,-Map="Temperatur.map" -Wl,--gc-sections -static --specs=nano.specs -mfpu=fpv4-sp-d16 -mfloat-abi=hard -mthumb -Wl,--start-group -lc -lm -Wl,--end-group
Finished building target: Temperatur.elf
 
arm-none-eabi-size  Temperatur.elf 
arm-none-eabi-objdump -h -S Temperatur.elf  > "Temperatur.list"
   text	   data	    bss	    dec	    hex	filename
  20324	    116	   2044	  22484	   57d4	Temperatur.elf
Finished building: default.size.stdout
 
Finished building: Temperatur.list
 
11:16:18 **** Incremental Build of configuration Debug for project Temperatur ****
make -j8 all 
arm-none-eabi-gcc "../Core/Src/dht11.c" -mcpu=cortex-m4 -std=gnu11 -g3 -DDEBUG -DUSE_HAL_DRIVER -DSTM32L432xx -c -I../Core/Inc -I../Drivers/STM32L4xx_HAL_Driver/Inc -I../Drivers/STM32L4xx_HAL_Driver/Inc/Legacy -I../Drivers/CMSIS/Device/ST/STM32L4xx/Include -I../Drivers/CMSIS/Include -O0 -ffunction-sections -fdata-sections -Wall -fstack-usage -fcyclomatic-complexity -MMD -MP -MF"Core/Src/dht11.d" -MT"Core/Src/dht11.o" --specs=nano.specs -mfpu=fpv4-sp-d16 -mfloat-abi=hard -mthumb -o "Core/Src/dht11.o"
../Core/Src/dht11.c: In function 'DHT11_Read':
../Core/Src/dht11.c:173:20: warning: unused variable 'TO_DRAIN_HIGH_US' [-Wunused-variable]
  173 |     const uint32_t TO_DRAIN_HIGH_US = 280U;  // Rest-HIGH „weghungern“
      |                    ^~~~~~~~~~~~~~~~
../Core/Src/dht11.c:172:20: warning: unused variable 'TO_HIGH_MAX_US' [-Wunused-variable]
  172 |     const uint32_t TO_HIGH_MAX_US   = 200U;  //Max HIGH beim Messen
      |                    ^~~~~~~~~~~~~~
../Core/Src/dht11.c:170:20: warning: unused variable 'TH_BIT_ONE_US' [-Wunused-variable]
  170 |     const uint32_t TH_BIT_ONE_US    = 60U;    // ggf. 47–49 feintrimmen
      |                    ^~~~~~~~~~~~~
../Core/Src/dht11.c:139:14: warning: unused variable 'high_us' [-Wunused-variable]
  139 |     uint32_t high_us=0;
      |              ^~~~~~~
arm-none-eabi-gcc -o "Temperatur.elf" @"objects.list"   -mcpu=cortex-m4 -T"/home/ernst/Documents/Studium/BA/Temperatur/STM32L432KCUX_FLASH.ld" --specs=nosys.specs -Wl,-Map="Temperatur.map" -Wl,--gc-sections -static --specs=nano.specs -mfpu=fpv4-sp-d16 -mfloat-abi=hard -mthumb -Wl,--start-group -lc -lm -Wl,--end-group
Finished building target: Temperatur.elf
 
arm-none-eabi-size  Temperatur.elf 
arm-none-eabi-objdump -h -S Temperatur.elf  > "Temperatur.list"
   text	   data	    bss	    dec	    hex	filename
  20632	    116	   2044	  22792	   5908	Temperatur.elf
Finished building: default.size.stdout
 
Finished building: Temperatur.list
 
11:19:18 **** Incremental Build of configuration Debug for project Temperatur ****
make -j8 all 
arm-none-eabi-gcc "../Core/Src/dht11.c" -mcpu=cortex-m4 -std=gnu11 -g3 -DDEBUG -DUSE_HAL_DRIVER -DSTM32L432xx -c -I../Core/Inc -I../Drivers/STM32L4xx_HAL_Driver/Inc -I../Drivers/STM32L4xx_HAL_Driver/Inc/Legacy -I../Drivers/CMSIS/Device/ST/STM32L4xx/Include -I../Drivers/CMSIS/Include -O0 -ffunction-sections -fdata-sections -Wall -fstack-usage -fcyclomatic-complexity -MMD -MP -MF"Core/Src/dht11.d" -MT"Core/Src/dht11.o" --specs=nano.specs -mfpu=fpv4-sp-d16 -mfloat-abi=hard -mthumb -o "Core/Src/dht11.o"
../Core/Src/dht11.c: In function 'DHT11_Read':
../Core/Src/dht11.c:139:14: warning: unused variable 'high_us' [-Wunused-variable]
  139 |     uint32_t high_us=0;
      |              ^~~~~~~
arm-none-eabi-gcc -o "Temperatur.elf" @"objects.list"   -mcpu=cortex-m4 -T"/home/ernst/Documents/Studium/BA/Temperatur/STM32L432KCUX_FLASH.ld" --specs=nosys.specs -Wl,-Map="Temperatur.map" -Wl,--gc-sections -static --specs=nano.specs -mfpu=fpv4-sp-d16 -mfloat-abi=hard -mthumb -Wl,--start-group -lc -lm -Wl,--end-group
Finished building target: Temperatur.elf
 
arm-none-eabi-size  Temperatur.elf 
arm-none-eabi-objdump -h -S Temperatur.elf  > "Temperatur.list"
   text	   data	    bss	    dec	    hex	filename
  20584	    116	   2044	  22744	   58d8	Temperatur.elf
Finished building: default.size.stdout
 
Finished building: Temperatur.list
 
11:20:41 **** Incremental Build of configuration Debug for project Temperatur ****
make -j8 all 
arm-none-eabi-gcc "../Core/Src/dht11.c" -mcpu=cortex-m4 -std=gnu11 -g3 -DDEBUG -DUSE_HAL_DRIVER -DSTM32L432xx -c -I../Core/Inc -I../Drivers/STM32L4xx_HAL_Driver/Inc -I../Drivers/STM32L4xx_HAL_Driver/Inc/Legacy -I../Drivers/CMSIS/Device/ST/STM32L4xx/Include -I../Drivers/CMSIS/Include -O0 -ffunction-sections -fdata-sections -Wall -fstack-usage -fcyclomatic-complexity -MMD -MP -MF"Core/Src/dht11.d" -MT"Core/Src/dht11.o" --specs=nano.specs -mfpu=fpv4-sp-d16 -mfloat-abi=hard -mthumb -o "Core/Src/dht11.o"
../Core/Src/dht11.c: In function 'DHT11_Read':
../Core/Src/dht11.c:139:14: warning: unused variable 'high_us' [-Wunused-variable]
  139 |     uint32_t high_us=0;
      |              ^~~~~~~
arm-none-eabi-gcc -o "Temperatur.elf" @"objects.list"   -mcpu=cortex-m4 -T"/home/ernst/Documents/Studium/BA/Temperatur/STM32L432KCUX_FLASH.ld" --specs=nosys.specs -Wl,-Map="Temperatur.map" -Wl,--gc-sections -static --specs=nano.specs -mfpu=fpv4-sp-d16 -mfloat-abi=hard -mthumb -Wl,--start-group -lc -lm -Wl,--end-group
Finished building target: Temperatur.elf
 
arm-none-eabi-size  Temperatur.elf 
arm-none-eabi-objdump -h -S Temperatur.elf  > "Temperatur.list"
   text	   data	    bss	    dec	    hex	filename
  20584	    116	   2044	  22744	   58d8	Temperatur.elf
Finished building: default.size.stdout
 
Finished building: Temperatur.list
 
11:23:41 **** Incremental Build of configuration Debug for project Temperatur ****
make -j8 all 
arm-none-eabi-gcc "../Core/Src/dht11.c" -mcpu=cortex-m4 -std=gnu11 -g3 -DDEBUG -DUSE_HAL_DRIVER -DSTM32L432xx -c -I../Core/Inc -I../Drivers/STM32L4xx_HAL_Driver/Inc -I../Drivers/STM32L4xx_HAL_Driver/Inc/Legacy -I../Drivers/CMSIS/Device/ST/STM32L4xx/Include -I../Drivers/CMSIS/Include -O0 -ffunction-sections -fdata-sections -Wall -fstack-usage -fcyclomatic-complexity -MMD -MP -MF"Core/Src/dht11.d" -MT"Core/Src/dht11.o" --specs=nano.specs -mfpu=fpv4-sp-d16 -mfloat-abi=hard -mthumb -o "Core/Src/dht11.o"
../Core/Src/dht11.c: In function 'DHT11_Read':
../Core/Src/dht11.c:139:14: warning: unused variable 'high_us' [-Wunused-variable]
  139 |     uint32_t high_us=0;
      |              ^~~~~~~
arm-none-eabi-gcc -o "Temperatur.elf" @"objects.list"   -mcpu=cortex-m4 -T"/home/ernst/Documents/Studium/BA/Temperatur/STM32L432KCUX_FLASH.ld" --specs=nosys.specs -Wl,-Map="Temperatur.map" -Wl,--gc-sections -static -u _printf_float --specs=nano.specs -mfpu=fpv4-sp-d16 -mfloat-abi=hard -mthumb -Wl,--start-group -lc -lm -Wl,--end-group
Finished building target: Temperatur.elf
 
arm-none-eabi-size  Temperatur.elf 
arm-none-eabi-objdump -h -S Temperatur.elf  > "Temperatur.list"
   text	   data	    bss	    dec	    hex	filename
  29804	    480	   2048	  32332	   7e4c	Temperatur.elf
Finished building: default.size.stdout
 
Finished building: Temperatur.list
 
11:28:12 **** Incremental Build of configuration Debug for project Temperatur ****
make -j8 all 
arm-none-eabi-gcc "../Core/Src/dht11.c" -mcpu=cortex-m4 -std=gnu11 -g3 -DDEBUG -DUSE_HAL_DRIVER -DSTM32L432xx -c -I../Core/Inc -I../Drivers/STM32L4xx_HAL_Driver/Inc -I../Drivers/STM32L4xx_HAL_Driver/Inc/Legacy -I../Drivers/CMSIS/Device/ST/STM32L4xx/Include -I../Drivers/CMSIS/Include -O0 -ffunction-sections -fdata-sections -Wall -fstack-usage -fcyclomatic-complexity -MMD -MP -MF"Core/Src/dht11.d" -MT"Core/Src/dht11.o" --specs=nano.specs -mfpu=fpv4-sp-d16 -mfloat-abi=hard -mthumb -o "Core/Src/dht11.o"
../Core/Src/dht11.c: In function 'DHT11_Read':
../Core/Src/dht11.c:214:35: error: 'r' undeclared (first use in this function); did you mean 'sr'?
  214 |             while ((DWT->CYCCNT - r) < (60U * TICKS_PER_US)) {}
      |                                   ^
      |                                   sr
../Core/Src/dht11.c:214:35: note: each undeclared identifier is reported only once for each function it appears in
../Core/Src/dht11.c:263:10: error: 'i' undeclared (first use in this function)
  263 |     if ((i % 8) == 7) {
      |          ^
../Core/Src/dht11.c:265:43: error: 'bit' undeclared (first use in this function)
  265 |                (unsigned)(i/8), (unsigned)bit, (unsigned)late_us, (unsigned)late);
      |                                           ^~~
../Core/Src/dht11.c:265:58: error: 'late_us' undeclared (first use in this function)
  265 |                (unsigned)(i/8), (unsigned)bit, (unsigned)late_us, (unsigned)late);
      |                                                          ^~~~~~~
../Core/Src/dht11.c:265:77: error: 'late' undeclared (first use in this function)
  265 |                (unsigned)(i/8), (unsigned)bit, (unsigned)late_us, (unsigned)late);
      |                                                                             ^~~~
../Core/Src/dht11.c:139:14: warning: unused variable 'high_us' [-Wunused-variable]
  139 |     uint32_t high_us=0;
      |              ^~~~~~~
make: *** [Core/Src/subdir.mk:49: Core/Src/dht11.o] Error 1
"make -j8 all" terminated with exit code 2. Build might be incomplete.
11:29:26 **** Incremental Build of configuration Debug for project Temperatur ****
make -j8 all 
arm-none-eabi-gcc "../Core/Src/dht11.c" -mcpu=cortex-m4 -std=gnu11 -g3 -DDEBUG -DUSE_HAL_DRIVER -DSTM32L432xx -c -I../Core/Inc -I../Drivers/STM32L4xx_HAL_Driver/Inc -I../Drivers/STM32L4xx_HAL_Driver/Inc/Legacy -I../Drivers/CMSIS/Device/ST/STM32L4xx/Include -I../Drivers/CMSIS/Include -O0 -ffunction-sections -fdata-sections -Wall -fstack-usage -fcyclomatic-complexity -MMD -MP -MF"Core/Src/dht11.d" -MT"Core/Src/dht11.o" --specs=nano.specs -mfpu=fpv4-sp-d16 -mfloat-abi=hard -mthumb -o "Core/Src/dht11.o"
../Core/Src/dht11.c: In function 'DHT11_Read':
../Core/Src/dht11.c:215:35: error: 'r' undeclared (first use in this function); did you mean 'sr'?
  215 |             while ((DWT->CYCCNT - r) < (60U * TICKS_PER_US)) {}
      |                                   ^
      |                                   sr
../Core/Src/dht11.c:215:35: note: each undeclared identifier is reported only once for each function it appears in
../Core/Src/dht11.c:248:52: error: 'bit' undeclared (first use in this function)
  248 |                         (unsigned)(i/8), (unsigned)bit, (unsigned)late_us, (unsigned)late);
      |                                                    ^~~
../Core/Src/dht11.c:248:67: error: 'late_us' undeclared (first use in this function)
  248 |                         (unsigned)(i/8), (unsigned)bit, (unsigned)late_us, (unsigned)late);
      |                                                                   ^~~~~~~
../Core/Src/dht11.c:248:86: error: 'late' undeclared (first use in this function)
  248 |                         (unsigned)(i/8), (unsigned)bit, (unsigned)late_us, (unsigned)late);
      |                                                                                      ^~~~
../Core/Src/dht11.c:139:14: warning: unused variable 'high_us' [-Wunused-variable]
  139 |     uint32_t high_us=0;
      |              ^~~~~~~
make: *** [Core/Src/subdir.mk:49: Core/Src/dht11.o] Error 1
"make -j8 all" terminated with exit code 2. Build might be incomplete.
11:29:47 **** Incremental Build of configuration Debug for project Temperatur ****
make -j8 all 
arm-none-eabi-gcc "../Core/Src/dht11.c" -mcpu=cortex-m4 -std=gnu11 -g3 -DDEBUG -DUSE_HAL_DRIVER -DSTM32L432xx -c -I../Core/Inc -I../Drivers/STM32L4xx_HAL_Driver/Inc -I../Drivers/STM32L4xx_HAL_Driver/Inc/Legacy -I../Drivers/CMSIS/Device/ST/STM32L4xx/Include -I../Drivers/CMSIS/Include -O0 -ffunction-sections -fdata-sections -Wall -fstack-usage -fcyclomatic-complexity -MMD -MP -MF"Core/Src/dht11.d" -MT"Core/Src/dht11.o" --specs=nano.specs -mfpu=fpv4-sp-d16 -mfloat-abi=hard -mthumb -o "Core/Src/dht11.o"
../Core/Src/dht11.c: In function 'DHT11_Read':
../Core/Src/dht11.c:215:35: error: 'r' undeclared (first use in this function); did you mean 'sr'?
  215 |             while ((DWT->CYCCNT - r) < (60U * TICKS_PER_US)) {}
      |                                   ^
      |                                   sr
../Core/Src/dht11.c:215:35: note: each undeclared identifier is reported only once for each function it appears in
../Core/Src/dht11.c:236:74: error: 'late_us' undeclared (first use in this function)
  236 |                                (unsigned)(i/8), (unsigned)bit, (unsigned)late_us, (unsigned)late);
      |                                                                          ^~~~~~~
../Core/Src/dht11.c:236:93: error: 'late' undeclared (first use in this function)
  236 |                                (unsigned)(i/8), (unsigned)bit, (unsigned)late_us, (unsigned)late);
      |                                                                                             ^~~~
../Core/Src/dht11.c:139:14: warning: unused variable 'high_us' [-Wunused-variable]
  139 |     uint32_t high_us=0;
      |              ^~~~~~~
make: *** [Core/Src/subdir.mk:49: Core/Src/dht11.o] Error 1
"make -j8 all" terminated with exit code 2. Build might be incomplete.
11:30:06 **** Incremental Build of configuration Debug for project Temperatur ****
make -j8 all 
arm-none-eabi-gcc "../Core/Src/dht11.c" -mcpu=cortex-m4 -std=gnu11 -g3 -DDEBUG -DUSE_HAL_DRIVER -DSTM32L432xx -c -I../Core/Inc -I../Drivers/STM32L4xx_HAL_Driver/Inc -I../Drivers/STM32L4xx_HAL_Driver/Inc/Legacy -I../Drivers/CMSIS/Device/ST/STM32L4xx/Include -I../Drivers/CMSIS/Include -O0 -ffunction-sections -fdata-sections -Wall -fstack-usage -fcyclomatic-complexity -MMD -MP -MF"Core/Src/dht11.d" -MT"Core/Src/dht11.o" --specs=nano.specs -mfpu=fpv4-sp-d16 -mfloat-abi=hard -mthumb -o "Core/Src/dht11.o"
../Core/Src/dht11.c: In function 'DHT11_Read':
../Core/Src/dht11.c:215:35: error: 'r' undeclared (first use in this function); did you mean 'sr'?
  215 |             while ((DWT->CYCCNT - r) < (60U * TICKS_PER_US)) {}
      |                                   ^
      |                                   sr
../Core/Src/dht11.c:215:35: note: each undeclared identifier is reported only once for each function it appears in
../Core/Src/dht11.c:139:14: warning: unused variable 'high_us' [-Wunused-variable]
  139 |     uint32_t high_us=0;
      |              ^~~~~~~
make: *** [Core/Src/subdir.mk:49: Core/Src/dht11.o] Error 1
"make -j8 all" terminated with exit code 2. Build might be incomplete.
11:30:36 **** Incremental Build of configuration Debug for project Temperatur ****
make -j8 all 
arm-none-eabi-gcc "../Core/Src/dht11.c" -mcpu=cortex-m4 -std=gnu11 -g3 -DDEBUG -DUSE_HAL_DRIVER -DSTM32L432xx -c -I../Core/Inc -I../Drivers/STM32L4xx_HAL_Driver/Inc -I../Drivers/STM32L4xx_HAL_Driver/Inc/Legacy -I../Drivers/CMSIS/Device/ST/STM32L4xx/Include -I../Drivers/CMSIS/Include -O0 -ffunction-sections -fdata-sections -Wall -fstack-usage -fcyclomatic-complexity -MMD -MP -MF"Core/Src/dht11.d" -MT"Core/Src/dht11.o" --specs=nano.specs -mfpu=fpv4-sp-d16 -mfloat-abi=hard -mthumb -o "Core/Src/dht11.o"
../Core/Src/dht11.c: In function 'DHT11_Read':
../Core/Src/dht11.c:139:14: warning: unused variable 'high_us' [-Wunused-variable]
  139 |     uint32_t high_us=0;
      |              ^~~~~~~
arm-none-eabi-gcc -o "Temperatur.elf" @"objects.list"   -mcpu=cortex-m4 -T"/home/ernst/Documents/Studium/BA/Temperatur/STM32L432KCUX_FLASH.ld" --specs=nosys.specs -Wl,-Map="Temperatur.map" -Wl,--gc-sections -static -u _printf_float --specs=nano.specs -mfpu=fpv4-sp-d16 -mfloat-abi=hard -mthumb -Wl,--start-group -lc -lm -Wl,--end-group
Finished building target: Temperatur.elf
 
arm-none-eabi-size  Temperatur.elf 
arm-none-eabi-objdump -h -S Temperatur.elf  > "Temperatur.list"
   text	   data	    bss	    dec	    hex	filename
  29916	    480	   2048	  32444	   7ebc	Temperatur.elf
Finished building: default.size.stdout
 
Finished building: Temperatur.list
 
11:31:03 **** Incremental Build of configuration Debug for project Temperatur ****
make -j8 all 
arm-none-eabi-size  Temperatur.elf 
   text	   data	    bss	    dec	    hex	filename
  29916	    480	   2048	  32444	   7ebc	Temperatur.elf
Finished building: default.size.stdout
 
11:38:37 **** Incremental Build of configuration Debug for project Temperatur ****
make -j8 all 
arm-none-eabi-gcc "../Core/Src/dht11.c" -mcpu=cortex-m4 -std=gnu11 -g3 -DDEBUG -DUSE_HAL_DRIVER -DSTM32L432xx -c -I../Core/Inc -I../Drivers/STM32L4xx_HAL_Driver/Inc -I../Drivers/STM32L4xx_HAL_Driver/Inc/Legacy -I../Drivers/CMSIS/Device/ST/STM32L4xx/Include -I../Drivers/CMSIS/Include -O0 -ffunction-sections -fdata-sections -Wall -fstack-usage -fcyclomatic-complexity -MMD -MP -MF"Core/Src/dht11.d" -MT"Core/Src/dht11.o" --specs=nano.specs -mfpu=fpv4-sp-d16 -mfloat-abi=hard -mthumb -o "Core/Src/dht11.o"
../Core/Src/dht11.c: In function 'DHT11_Read':
../Core/Src/dht11.c:215:9: error: unknown type name 'iuint8_t'; did you mean 'uint8_t'?
  215 |         iuint8_t late = 0, lus = 0;
      |         ^~~~~~~~
      |         uint8_t
../Core/Src/dht11.c:218:35: error: 'r' undeclared (first use in this function); did you mean 'sr'?
  218 |             while ((DWT->CYCCNT - r) < (late_us * TICKS_PER_US)) {}
      |                                   ^
      |                                   sr
../Core/Src/dht11.c:218:35: note: each undeclared identifier is reported only once for each function it appears in
../Core/Src/dht11.c:230:9: error: 'dbg_bits' undeclared (first use in this function); did you mean 'dbg_bit'?
  230 |         dbg_bits[i]=bit; //logging
      |         ^~~~~~~~
      |         dbg_bit
../Core/Src/dht11.c:139:14: warning: unused variable 'high_us' [-Wunused-variable]
  139 |     uint32_t high_us=0;
      |              ^~~~~~~
make: *** [Core/Src/subdir.mk:49: Core/Src/dht11.o] Error 1
"make -j8 all" terminated with exit code 2. Build might be incomplete.
11:38:59 **** Incremental Build of configuration Debug for project Temperatur ****
make -j8 all 
arm-none-eabi-gcc "../Core/Src/dht11.c" -mcpu=cortex-m4 -std=gnu11 -g3 -DDEBUG -DUSE_HAL_DRIVER -DSTM32L432xx -c -I../Core/Inc -I../Drivers/STM32L4xx_HAL_Driver/Inc -I../Drivers/STM32L4xx_HAL_Driver/Inc/Legacy -I../Drivers/CMSIS/Device/ST/STM32L4xx/Include -I../Drivers/CMSIS/Include -O0 -ffunction-sections -fdata-sections -Wall -fstack-usage -fcyclomatic-complexity -MMD -MP -MF"Core/Src/dht11.d" -MT"Core/Src/dht11.o" --specs=nano.specs -mfpu=fpv4-sp-d16 -mfloat-abi=hard -mthumb -o "Core/Src/dht11.o"
../Core/Src/dht11.c: In function 'DHT11_Read':
../Core/Src/dht11.c:230:9: error: 'dbg_bits' undeclared (first use in this function); did you mean 'dbg_bit'?
  230 |         dbg_bits[i]=bit; //logging
      |         ^~~~~~~~
      |         dbg_bit
../Core/Src/dht11.c:230:9: note: each undeclared identifier is reported only once for each function it appears in
../Core/Src/dht11.c:139:14: warning: unused variable 'high_us' [-Wunused-variable]
  139 |     uint32_t high_us=0;
      |              ^~~~~~~
make: *** [Core/Src/subdir.mk:49: Core/Src/dht11.o] Error 1
"make -j8 all" terminated with exit code 2. Build might be incomplete.
11:39:38 **** Incremental Build of configuration Debug for project Temperatur ****
make -j8 all 
arm-none-eabi-gcc "../Core/Src/dht11.c" -mcpu=cortex-m4 -std=gnu11 -g3 -DDEBUG -DUSE_HAL_DRIVER -DSTM32L432xx -c -I../Core/Inc -I../Drivers/STM32L4xx_HAL_Driver/Inc -I../Drivers/STM32L4xx_HAL_Driver/Inc/Legacy -I../Drivers/CMSIS/Device/ST/STM32L4xx/Include -I../Drivers/CMSIS/Include -O0 -ffunction-sections -fdata-sections -Wall -fstack-usage -fcyclomatic-complexity -MMD -MP -MF"Core/Src/dht11.d" -MT"Core/Src/dht11.o" --specs=nano.specs -mfpu=fpv4-sp-d16 -mfloat-abi=hard -mthumb -o "Core/Src/dht11.o"
../Core/Src/dht11.c: In function 'DHT11_Read':
../Core/Src/dht11.c:254:29: error: 'dbg_bits' undeclared (first use in this function); did you mean 'dbg_bit'?
  254 |          analyse_bit_timing(dbg_bits[i] ? 70 : 22, i, dbg_bits[i]); // nur symbolische µs fürs Auge
      |                             ^~~~~~~~
      |                             dbg_bit
../Core/Src/dht11.c:254:29: note: each undeclared identifier is reported only once for each function it appears in
../Core/Src/dht11.c:139:14: warning: unused variable 'high_us' [-Wunused-variable]
  139 |     uint32_t high_us=0;
      |              ^~~~~~~
make: *** [Core/Src/subdir.mk:49: Core/Src/dht11.o] Error 1
"make -j8 all" terminated with exit code 2. Build might be incomplete.
11:39:54 **** Incremental Build of configuration Debug for project Temperatur ****
make -j8 all 
arm-none-eabi-gcc "../Core/Src/dht11.c" -mcpu=cortex-m4 -std=gnu11 -g3 -DDEBUG -DUSE_HAL_DRIVER -DSTM32L432xx -c -I../Core/Inc -I../Drivers/STM32L4xx_HAL_Driver/Inc -I../Drivers/STM32L4xx_HAL_Driver/Inc/Legacy -I../Drivers/CMSIS/Device/ST/STM32L4xx/Include -I../Drivers/CMSIS/Include -O0 -ffunction-sections -fdata-sections -Wall -fstack-usage -fcyclomatic-complexity -MMD -MP -MF"Core/Src/dht11.d" -MT"Core/Src/dht11.o" --specs=nano.specs -mfpu=fpv4-sp-d16 -mfloat-abi=hard -mthumb -o "Core/Src/dht11.o"
../Core/Src/dht11.c: In function 'DHT11_Read':
../Core/Src/dht11.c:275:37: error: 'dbg_bit' undeclared (first use in this function); did you mean 'dbg_bits'?
  275 |         printf("Bit %2d: -> %d", i, dbg_bit[i]);
      |                                     ^~~~~~~
      |                                     dbg_bits
../Core/Src/dht11.c:275:37: note: each undeclared identifier is reported only once for each function it appears in
../Core/Src/dht11.c:139:14: warning: unused variable 'high_us' [-Wunused-variable]
  139 |     uint32_t high_us=0;
      |              ^~~~~~~
make: *** [Core/Src/subdir.mk:49: Core/Src/dht11.o] Error 1
"make -j8 all" terminated with exit code 2. Build might be incomplete.
11:40:24 **** Incremental Build of configuration Debug for project Temperatur ****
make -j8 all 
arm-none-eabi-gcc "../Core/Src/dht11.c" -mcpu=cortex-m4 -std=gnu11 -g3 -DDEBUG -DUSE_HAL_DRIVER -DSTM32L432xx -c -I../Core/Inc -I../Drivers/STM32L4xx_HAL_Driver/Inc -I../Drivers/STM32L4xx_HAL_Driver/Inc/Legacy -I../Drivers/CMSIS/Device/ST/STM32L4xx/Include -I../Drivers/CMSIS/Include -O0 -ffunction-sections -fdata-sections -Wall -fstack-usage -fcyclomatic-complexity -MMD -MP -MF"Core/Src/dht11.d" -MT"Core/Src/dht11.o" --specs=nano.specs -mfpu=fpv4-sp-d16 -mfloat-abi=hard -mthumb -o "Core/Src/dht11.o"
../Core/Src/dht11.c: In function 'DHT11_Read':
../Core/Src/dht11.c:139:14: warning: unused variable 'high_us' [-Wunused-variable]
  139 |     uint32_t high_us=0;
      |              ^~~~~~~
arm-none-eabi-gcc -o "Temperatur.elf" @"objects.list"   -mcpu=cortex-m4 -T"/home/ernst/Documents/Studium/BA/Temperatur/STM32L432KCUX_FLASH.ld" --specs=nosys.specs -Wl,-Map="Temperatur.map" -Wl,--gc-sections -static -u _printf_float --specs=nano.specs -mfpu=fpv4-sp-d16 -mfloat-abi=hard -mthumb -Wl,--start-group -lc -lm -Wl,--end-group
Finished building target: Temperatur.elf
 
arm-none-eabi-size  Temperatur.elf 
arm-none-eabi-objdump -h -S Temperatur.elf  > "Temperatur.list"
   text	   data	    bss	    dec	    hex	filename
  30268	    480	   2048	  32796	   801c	Temperatur.elf
Finished building: default.size.stdout
 
Finished building: Temperatur.list
 
11:40:54 **** Incremental Build of configuration Debug for project Temperatur ****
make -j8 all 
[...]
  +++ |+#include <string.h>
   30 | 
../Core/Src/main.c:119:45: warning: incompatible implicit declaration of built-in function 'strlen' [-Wbuiltin-declaration-mismatch]
  119 |   HAL_UART_Transmit(&huart2, (uint8_t*)msg, strlen(msg), HAL_MAX_DELAY);
      |                                             ^~~~~~
../Core/Src/main.c:119:45: note: include '<string.h>' or provide a declaration of 'strlen'
../Core/Src/main.c:126:3: warning: implicit declaration of function 'Save_Init' [-Wimplicit-function-declaration]
  126 |   Save_Init();
      |   ^~~~~~~~~
../Core/Src/main.c:183:13: warning: implicit declaration of function 'save_push_from_main_ts' [-Wimplicit-function-declaration]
  183 |       (void)save_push_from_main_ts(t1, t2, t3,h1, h2, h3, adc12, st,0,ts16);
      |             ^~~~~~~~~~~~~~~~~~~~~~
arm-none-eabi-gcc -o "Temperatur.elf" @"objects.list"   -mcpu=cortex-m4 -T"/home/ernst/Documents/Studium/BA/Temperatur/STM32L432KCUX_FLASH.ld" --specs=nosys.specs -Wl,-Map="Temperatur.map" -Wl,--gc-sections -static -u _printf_float --specs=nano.specs -mfpu=fpv4-sp-d16 -mfloat-abi=hard -mthumb -Wl,--start-group -lc -lm -Wl,--end-group
Finished building target: Temperatur.elf
 
arm-none-eabi-size  Temperatur.elf 
arm-none-eabi-objdump -h -S Temperatur.elf  > "Temperatur.list"
   text	   data	    bss	    dec	    hex	filename
  39216	    528	   6392	  46136	   b438	Temperatur.elf
Finished building: default.size.stdout
 
Finished building: Temperatur.list
 
12:41:19 **** Incremental Build of configuration Debug for project Temperatur ****
make -j8 all 
arm-none-eabi-size  Temperatur.elf 
   text	   data	    bss	    dec	    hex	filename
  39216	    528	   6392	  46136	   b438	Temperatur.elf
Finished building: default.size.stdout
 
12:57:22 **** Incremental Build of configuration Debug for project Temperatur ****
make -j8 all 
arm-none-eabi-gcc "../Core/Src/dht11.c" -mcpu=cortex-m4 -std=gnu11 -g3 -DDEBUG -DUSE_HAL_DRIVER -DSTM32L432xx -c -I../Core/Inc -I../Drivers/STM32L4xx_HAL_Driver/Inc -I../Drivers/STM32L4xx_HAL_Driver/Inc/Legacy -I../Drivers/CMSIS/Device/ST/STM32L4xx/Include -I../Drivers/CMSIS/Include -O0 -ffunction-sections -fdata-sections -Wall -fstack-usage -fcyclomatic-complexity -MMD -MP -MF"Core/Src/dht11.d" -MT"Core/Src/dht11.o" --specs=nano.specs -mfpu=fpv4-sp-d16 -mfloat-abi=hard -mthumb -o "Core/Src/dht11.o"
arm-none-eabi-gcc "../Core/Src/main.c" -mcpu=cortex-m4 -std=gnu11 -g3 -DDEBUG -DUSE_HAL_DRIVER -DSTM32L432xx -c -I../Core/Inc -I../Drivers/STM32L4xx_HAL_Driver/Inc -I../Drivers/STM32L4xx_HAL_Driver/Inc/Legacy -I../Drivers/CMSIS/Device/ST/STM32L4xx/Include -I../Drivers/CMSIS/Include -O0 -ffunction-sections -fdata-sections -Wall -fstack-usage -fcyclomatic-complexity -MMD -MP -MF"Core/Src/main.d" -MT"Core/Src/main.o" --specs=nano.specs -mfpu=fpv4-sp-d16 -mfloat-abi=hard -mthumb -o "Core/Src/main.o"
../Core/Src/main.c: In function 'main':
../Core/Src/main.c:119:45: warning: implicit declaration of function 'strlen' [-Wimplicit-function-declaration]
  119 |   HAL_UART_Transmit(&huart2, (uint8_t*)msg, strlen(msg), HAL_MAX_DELAY);
      |                                             ^~~~~~
../Core/Src/main.c:30:1: note: include '<string.h>' or provide a declaration of 'strlen'
   29 | #include "delay_us.h"
  +++ |+#include <string.h>
   30 | 
../Core/Src/main.c:119:45: warning: incompatible implicit declaration of built-in function 'strlen' [-Wbuiltin-declaration-mismatch]
  119 |   HAL_UART_Transmit(&huart2, (uint8_t*)msg, strlen(msg), HAL_MAX_DELAY);
      |                                             ^~~~~~
../Core/Src/main.c:119:45: note: include '<string.h>' or provide a declaration of 'strlen'
../Core/Src/dht11.c: In function 'DHT11_Read':
../Core/Src/dht11.c:187:13: warning: variable 'dbg_pin_state' set but not used [-Wunused-but-set-variable]
  187 |     uint8_t dbg_pin_state[40] = {0};
      |             ^~~~~~~~~~~~~
../Core/Src/dht11.c:186:13: warning: variable 'dbg_bits' set but not used [-Wunused-but-set-variable]
  186 |     uint8_t dbg_bits[40] = {0};
      |             ^~~~~~~~
../Core/Src/main.c:126:3: warning: implicit declaration of function 'Save_Init' [-Wimplicit-function-declaration]
  126 |   Save_Init();
      |   ^~~~~~~~~
../Core/Src/dht11.c: At top level:
../Core/Src/dht11.c:57:13: warning: 'dht_debug_locate_flip' defined but not used [-Wunused-function]
   57 | static void dht_debug_locate_flip(const uint8_t data[5]) {
      |             ^~~~~~~~~~~~~~~~~~~~~
../Core/Src/dht11.c:53:13: warning: 'analyse_bit_timing' defined but not used [-Wunused-function]
   53 | static void analyse_bit_timing(uint32_t high_us, int bit_number, uint8_t bit_value){
      |             ^~~~~~~~~~~~~~~~~~
../Core/Src/main.c:178:13: warning: implicit declaration of function 'save_push_from_main_ts' [-Wimplicit-function-declaration]
  178 |       (void)save_push_from_main_ts(t1, t2, t3,h1, h2, h3, adc12, st,0,ts16);
      |             ^~~~~~~~~~~~~~~~~~~~~~
arm-none-eabi-gcc -o "Temperatur.elf" @"objects.list"   -mcpu=cortex-m4 -T"/home/ernst/Documents/Studium/BA/Temperatur/STM32L432KCUX_FLASH.ld" --specs=nosys.specs -Wl,-Map="Temperatur.map" -Wl,--gc-sections -static -u _printf_float --specs=nano.specs -mfpu=fpv4-sp-d16 -mfloat-abi=hard -mthumb -Wl,--start-group -lc -lm -Wl,--end-group
Finished building target: Temperatur.elf
 
arm-none-eabi-size  Temperatur.elf 
arm-none-eabi-objdump -h -S Temperatur.elf  > "Temperatur.list"
   text	   data	    bss	    dec	    hex	filename
  38208	    528	   6392	  45128	   b048	Temperatur.elf
Finished building: default.size.stdout
 
Finished building: Temperatur.list
 
12:57:45 **** Incremental Build of configuration Debug for project Temperatur ****
make -j8 all 
arm-none-eabi-size  Temperatur.elf 
   text	   data	    bss	    dec	    hex	filename
  38208	    528	   6392	  45128	   b048	Temperatur.elf
Finished building: default.size.stdout
 
15:29:57 **** Incremental Build of configuration Debug for project Temperatur ****
make -j8 all 
arm-none-eabi-size  Temperatur.elf 
   text	   data	    bss	    dec	    hex	filename
  38208	    528	   6392	  45128	   b048	Temperatur.elf
Finished building: default.size.stdout
 
15:30:04 **** Incremental Build of configuration Debug for project Temperatur ****
make -j8 all 
arm-none-eabi-size  Temperatur.elf 
   text	   data	    bss	    dec	    hex	filename
  38208	    528	   6392	  45128	   b048	Temperatur.elf
Finished building: default.size.stdout
 
15:30:08 **** Incremental Build of configuration Debug for project Temperatur ****
make -j8 all 
arm-none-eabi-size  Temperatur.elf 
   text	   data	    bss	    dec	    hex	filename
  38208	    528	   6392	  45128	   b048	Temperatur.elf
Finished building: default.size.stdout
 
13:38:37 **** Build of configuration Debug for project Temperatur ****
make -j8 all 
arm-none-eabi-gcc "../Core/Src/main.c" -mcpu=cortex-m4 -std=gnu11 -g3 -DDEBUG -DUSE_HAL_DRIVER -DSTM32L432xx -c -I../Core/Inc -I../Drivers/STM32L4xx_HAL_Driver/Inc -I../Drivers/STM32L4xx_HAL_Driver/Inc/Legacy -I../Drivers/CMSIS/Device/ST/STM32L4xx/Include -I../Drivers/CMSIS/Include -O0 -ffunction-sections -fdata-sections -Wall -fstack-usage -fcyclomatic-complexity -MMD -MP -MF"Core/Src/main.d" -MT"Core/Src/main.o" --specs=nano.specs -mfpu=fpv4-sp-d16 -mfloat-abi=hard -mthumb -o "Core/Src/main.o"
../Core/Src/main.c: In function 'main':
../Core/Src/main.c:119:45: warning: implicit declaration of function 'strlen' [-Wimplicit-function-declaration]
  119 |   HAL_UART_Transmit(&huart2, (uint8_t*)msg, strlen(msg), HAL_MAX_DELAY);
      |                                             ^~~~~~
../Core/Src/main.c:30:1: note: include '<string.h>' or provide a declaration of 'strlen'
   29 | #include "delay_us.h"
  +++ |+#include <string.h>
   30 | 
../Core/Src/main.c:119:45: warning: incompatible implicit declaration of built-in function 'strlen' [-Wbuiltin-declaration-mismatch]
  119 |   HAL_UART_Transmit(&huart2, (uint8_t*)msg, strlen(msg), HAL_MAX_DELAY);
      |                                             ^~~~~~
../Core/Src/main.c:119:45: note: include '<string.h>' or provide a declaration of 'strlen'
../Core/Src/main.c:126:3: warning: implicit declaration of function 'Save_Init' [-Wimplicit-function-declaration]
  126 |   Save_Init();
      |   ^~~~~~~~~
../Core/Src/main.c:178:13: warning: implicit declaration of function 'save_push_from_main_ts' [-Wimplicit-function-declaration]
  178 |       (void)save_push_from_main_ts(t1, t2, t3,h1, h2, h3, adc12, st,0,ts16);
      |             ^~~~~~~~~~~~~~~~~~~~~~
arm-none-eabi-gcc -o "Temperatur.elf" @"objects.list"   -mcpu=cortex-m4 -T"/home/ernst/Documents/Studium/BA/Temperatur/STM32L432KCUX_FLASH.ld" --specs=nosys.specs -Wl,-Map="Temperatur.map" -Wl,--gc-sections -static -u _printf_float --specs=nano.specs -mfpu=fpv4-sp-d16 -mfloat-abi=hard -mthumb -Wl,--start-group -lc -lm -Wl,--end-group
Finished building target: Temperatur.elf
 
arm-none-eabi-size  Temperatur.elf 
arm-none-eabi-objdump -h -S Temperatur.elf  > "Temperatur.list"
   text	   data	    bss	    dec	    hex	filename
  38208	    528	   6392	  45128	   b048	Temperatur.elf
Finished building: default.size.stdout
 
Finished building: Temperatur.list
 
13:39:11 **** Incremental Build of configuration Debug for project Temperatur ****
make -j8 all 
arm-none-eabi-size  Temperatur.elf 
   text	   data	    bss	    dec	    hex	filename
  38208	    528	   6392	  45128	   b048	Temperatur.elf
Finished building: default.size.stdout
 
13:43:24 **** Incremental Build of configuration Debug for project Temperatur ****
make -j8 all 
arm-none-eabi-gcc "../Core/Src/main.c" -mcpu=cortex-m4 -std=gnu11 -g3 -DDEBUG -DUSE_HAL_DRIVER -DSTM32L432xx -c -I../Core/Inc -I../Drivers/STM32L4xx_HAL_Driver/Inc -I../Drivers/STM32L4xx_HAL_Driver/Inc/Legacy -I../Drivers/CMSIS/Device/ST/STM32L4xx/Include -I../Drivers/CMSIS/Include -O0 -ffunction-sections -fdata-sections -Wall -fstack-usage -fcyclomatic-complexity -MMD -MP -MF"Core/Src/main.d" -MT"Core/Src/main.o" --specs=nano.specs -mfpu=fpv4-sp-d16 -mfloat-abi=hard -mthumb -o "Core/Src/main.o"
../Core/Src/main.c: In function 'main':
../Core/Src/main.c:119:45: warning: implicit declaration of function 'strlen' [-Wimplicit-function-declaration]
  119 |   HAL_UART_Transmit(&huart2, (uint8_t*)msg, strlen(msg), HAL_MAX_DELAY);
      |                                             ^~~~~~
../Core/Src/main.c:30:1: note: include '<string.h>' or provide a declaration of 'strlen'
   29 | #include "delay_us.h"
  +++ |+#include <string.h>
   30 | 
../Core/Src/main.c:119:45: warning: incompatible implicit declaration of built-in function 'strlen' [-Wbuiltin-declaration-mismatch]
  119 |   HAL_UART_Transmit(&huart2, (uint8_t*)msg, strlen(msg), HAL_MAX_DELAY);
      |                                             ^~~~~~
../Core/Src/main.c:119:45: note: include '<string.h>' or provide a declaration of 'strlen'
../Core/Src/main.c:126:3: warning: implicit declaration of function 'Save_Init' [-Wimplicit-function-declaration]
  126 |   Save_Init();
      |   ^~~~~~~~~
../Core/Src/main.c:178:13: warning: implicit declaration of function 'save_push_from_main_ts' [-Wimplicit-function-declaration]
  178 |       (void)save_push_from_main_ts(t1, t2, t3,h1, h2, h3, adc12, st,0,ts16);
      |             ^~~~~~~~~~~~~~~~~~~~~~
arm-none-eabi-gcc -o "Temperatur.elf" @"objects.list"   -mcpu=cortex-m4 -T"/home/ernst/Documents/Studium/BA/Temperatur/STM32L432KCUX_FLASH.ld" --specs=nosys.specs -Wl,-Map="Temperatur.map" -Wl,--gc-sections -static -u _printf_float --specs=nano.specs -mfpu=fpv4-sp-d16 -mfloat-abi=hard -mthumb -Wl,--start-group -lc -lm -Wl,--end-group
Finished building target: Temperatur.elf
 
arm-none-eabi-size  Temperatur.elf 
arm-none-eabi-objdump -h -S Temperatur.elf  > "Temperatur.list"
   text	   data	    bss	    dec	    hex	filename
  38232	    528	   6392	  45152	   b060	Temperatur.elf
Finished building: default.size.stdout
 
Finished building: Temperatur.list
 
13:45:43 **** Incremental Build of configuration Debug for project Temperatur ****
make -j8 all 
arm-none-eabi-gcc "../Core/Src/main.c" -mcpu=cortex-m4 -std=gnu11 -g3 -DDEBUG -DUSE_HAL_DRIVER -DSTM32L432xx -c -I../Core/Inc -I../Drivers/STM32L4xx_HAL_Driver/Inc -I../Drivers/STM32L4xx_HAL_Driver/Inc/Legacy -I../Drivers/CMSIS/Device/ST/STM32L4xx/Include -I../Drivers/CMSIS/Include -O0 -ffunction-sections -fdata-sections -Wall -fstack-usage -fcyclomatic-complexity -MMD -MP -MF"Core/Src/main.d" -MT"Core/Src/main.o" --specs=nano.specs -mfpu=fpv4-sp-d16 -mfloat-abi=hard -mthumb -o "Core/Src/main.o"
../Core/Src/main.c: In function 'main':
../Core/Src/main.c:119:45: warning: implicit declaration of function 'strlen' [-Wimplicit-function-declaration]
  119 |   HAL_UART_Transmit(&huart2, (uint8_t*)msg, strlen(msg), HAL_MAX_DELAY);
      |                                             ^~~~~~
../Core/Src/main.c:30:1: note: include '<string.h>' or provide a declaration of 'strlen'
   29 | #include "delay_us.h"
  +++ |+#include <string.h>
   30 | 
../Core/Src/main.c:119:45: warning: incompatible implicit declaration of built-in function 'strlen' [-Wbuiltin-declaration-mismatch]
  119 |   HAL_UART_Transmit(&huart2, (uint8_t*)msg, strlen(msg), HAL_MAX_DELAY);
      |                                             ^~~~~~
../Core/Src/main.c:119:45: note: include '<string.h>' or provide a declaration of 'strlen'
../Core/Src/main.c:126:3: warning: implicit declaration of function 'Save_Init' [-Wimplicit-function-declaration]
  126 |   Save_Init();
      |   ^~~~~~~~~
../Core/Src/main.c:178:13: warning: implicit declaration of function 'save_push_from_main_ts' [-Wimplicit-function-declaration]
  178 |       (void)save_push_from_main_ts(t1, t2, t3,h1, h2, h3, adc12, st,0,ts16);
      |             ^~~~~~~~~~~~~~~~~~~~~~
arm-none-eabi-gcc -o "Temperatur.elf" @"objects.list"   -mcpu=cortex-m4 -T"/home/ernst/Documents/Studium/BA/Temperatur/STM32L432KCUX_FLASH.ld" --specs=nosys.specs -Wl,-Map="Temperatur.map" -Wl,--gc-sections -static -u _printf_float --specs=nano.specs -mfpu=fpv4-sp-d16 -mfloat-abi=hard -mthumb -Wl,--start-group -lc -lm -Wl,--end-group
Finished building target: Temperatur.elf
 
arm-none-eabi-size  Temperatur.elf 
arm-none-eabi-objdump -h -S Temperatur.elf  > "Temperatur.list"
   text	   data	    bss	    dec	    hex	filename
  38240	    528	   6392	  45160	   b068	Temperatur.elf
Finished building: default.size.stdout
 
Finished building: Temperatur.list
 
13:48:08 **** Incremental Build of configuration Debug for project Temperatur ****
make -j8 all 
arm-none-eabi-gcc "../Core/Src/main.c" -mcpu=cortex-m4 -std=gnu11 -g3 -DDEBUG -DUSE_HAL_DRIVER -DSTM32L432xx -c -I../Core/Inc -I../Drivers/STM32L4xx_HAL_Driver/Inc -I../Drivers/STM32L4xx_HAL_Driver/Inc/Legacy -I../Drivers/CMSIS/Device/ST/STM32L4xx/Include -I../Drivers/CMSIS/Include -O0 -ffunction-sections -fdata-sections -Wall -fstack-usage -fcyclomatic-complexity -MMD -MP -MF"Core/Src/main.d" -MT"Core/Src/main.o" --specs=nano.specs -mfpu=fpv4-sp-d16 -mfloat-abi=hard -mthumb -o "Core/Src/main.o"
../Core/Src/main.c: In function 'main':
../Core/Src/main.c:119:45: warning: implicit declaration of function 'strlen' [-Wimplicit-function-declaration]
  119 |   HAL_UART_Transmit(&huart2, (uint8_t*)msg, strlen(msg), HAL_MAX_DELAY);
      |                                             ^~~~~~
../Core/Src/main.c:30:1: note: include '<string.h>' or provide a declaration of 'strlen'
   29 | #include "delay_us.h"
  +++ |+#include <string.h>
   30 | 
../Core/Src/main.c:119:45: warning: incompatible implicit declaration of built-in function 'strlen' [-Wbuiltin-declaration-mismatch]
  119 |   HAL_UART_Transmit(&huart2, (uint8_t*)msg, strlen(msg), HAL_MAX_DELAY);
      |                                             ^~~~~~
../Core/Src/main.c:119:45: note: include '<string.h>' or provide a declaration of 'strlen'
../Core/Src/main.c:126:3: warning: implicit declaration of function 'Save_Init' [-Wimplicit-function-declaration]
  126 |   Save_Init();
      |   ^~~~~~~~~
../Core/Src/main.c:178:13: warning: implicit declaration of function 'save_push_from_main_ts' [-Wimplicit-function-declaration]
  178 |       (void)save_push_from_main_ts(t1, t2, t3,h1, h2, h3, adc12, st,0,ts16);
      |             ^~~~~~~~~~~~~~~~~~~~~~
arm-none-eabi-gcc -o "Temperatur.elf" @"objects.list"   -mcpu=cortex-m4 -T"/home/ernst/Documents/Studium/BA/Temperatur/STM32L432KCUX_FLASH.ld" --specs=nosys.specs -Wl,-Map="Temperatur.map" -Wl,--gc-sections -static -u _printf_float --specs=nano.specs -mfpu=fpv4-sp-d16 -mfloat-abi=hard -mthumb -Wl,--start-group -lc -lm -Wl,--end-group
Finished building target: Temperatur.elf
 
arm-none-eabi-size  Temperatur.elf 
arm-none-eabi-objdump -h -S Temperatur.elf  > "Temperatur.list"
   text	   data	    bss	    dec	    hex	filename
  38240	    528	   6392	  45160	   b068	Temperatur.elf
Finished building: default.size.stdout
 
Finished building: Temperatur.list
 
13:48:51 **** Incremental Build of configuration Debug for project Temperatur ****
make -j8 all 
arm-none-eabi-size  Temperatur.elf 
   text	   data	    bss	    dec	    hex	filename
  38240	    528	   6392	  45160	   b068	Temperatur.elf
Finished building: default.size.stdout
 
13:51:11 **** Incremental Build of configuration Debug for project Temperatur ****
make -j8 all 
arm-none-eabi-gcc "../Core/Src/main.c" -mcpu=cortex-m4 -std=gnu11 -g3 -DDEBUG -DUSE_HAL_DRIVER -DSTM32L432xx -c -I../Core/Inc -I../Drivers/STM32L4xx_HAL_Driver/Inc -I../Drivers/STM32L4xx_HAL_Driver/Inc/Legacy -I../Drivers/CMSIS/Device/ST/STM32L4xx/Include -I../Drivers/CMSIS/Include -O0 -ffunction-sections -fdata-sections -Wall -fstack-usage -fcyclomatic-complexity -MMD -MP -MF"Core/Src/main.d" -MT"Core/Src/main.o" --specs=nano.specs -mfpu=fpv4-sp-d16 -mfloat-abi=hard -mthumb -o "Core/Src/main.o"
../Core/Src/main.c: In function 'main':
../Core/Src/main.c:120:45: warning: implicit declaration of function 'strlen' [-Wimplicit-function-declaration]
  120 |   HAL_UART_Transmit(&huart2, (uint8_t*)msg, strlen(msg), HAL_MAX_DELAY);
      |                                             ^~~~~~
../Core/Src/main.c:30:1: note: include '<string.h>' or provide a declaration of 'strlen'
   29 | #include "delay_us.h"
  +++ |+#include <string.h>
   30 | 
../Core/Src/main.c:120:45: warning: incompatible implicit declaration of built-in function 'strlen' [-Wbuiltin-declaration-mismatch]
  120 |   HAL_UART_Transmit(&huart2, (uint8_t*)msg, strlen(msg), HAL_MAX_DELAY);
      |                                             ^~~~~~
../Core/Src/main.c:120:45: note: include '<string.h>' or provide a declaration of 'strlen'
../Core/Src/main.c:127:3: warning: implicit declaration of function 'Save_Init' [-Wimplicit-function-declaration]
  127 |   Save_Init();
      |   ^~~~~~~~~
../Core/Src/main.c:179:13: warning: implicit declaration of function 'save_push_from_main_ts' [-Wimplicit-function-declaration]
  179 |       (void)save_push_from_main_ts(t1, t2, t3,h1, h2, h3, adc12, st,0,ts16);
      |             ^~~~~~~~~~~~~~~~~~~~~~
arm-none-eabi-gcc -o "Temperatur.elf" @"objects.list"   -mcpu=cortex-m4 -T"/home/ernst/Documents/Studium/BA/Temperatur/STM32L432KCUX_FLASH.ld" --specs=nosys.specs -Wl,-Map="Temperatur.map" -Wl,--gc-sections -static -u _printf_float --specs=nano.specs -mfpu=fpv4-sp-d16 -mfloat-abi=hard -mthumb -Wl,--start-group -lc -lm -Wl,--end-group
Finished building target: Temperatur.elf
 
arm-none-eabi-size  Temperatur.elf 
arm-none-eabi-objdump -h -S Temperatur.elf  > "Temperatur.list"
   text	   data	    bss	    dec	    hex	filename
  38280	    528	   6392	  45200	   b090	Temperatur.elf
Finished building: default.size.stdout
 
Finished building: Temperatur.list
 
13:51:24 **** Incremental Build of configuration Debug for project Temperatur ****
make -j8 all 
arm-none-eabi-size  Temperatur.elf 
   text	   data	    bss	    dec	    hex	filename
  38280	    528	   6392	  45200	   b090	Temperatur.elf
Finished building: default.size.stdout
 
